Archive member included to satisfy reference by file (symbol)

/work/toolchains_arm32/toolchains/armhf_eabi_14.2.rel1/arm-gnu-toolchain-14.2.rel1-x86_64-arm-none-eabi/bin/../lib/gcc/arm-none-eabi/14.2.1/../../../../arm-none-eabi/lib/thumb/v7e-m+fp/hard/libc.a(libc_a-errno.o)
                              CMakeFiles/STM32F429_HAL_CMake.elf.dir/Src/syscalls.c.obj (__errno)
/work/toolchains_arm32/toolchains/armhf_eabi_14.2.rel1/arm-gnu-toolchain-14.2.rel1-x86_64-arm-none-eabi/bin/../lib/gcc/arm-none-eabi/14.2.1/../../../../arm-none-eabi/lib/thumb/v7e-m+fp/hard/libc.a(libc_a-init.o)
                              CMakeFiles/STM32F429_HAL_CMake.elf.dir/startup/startup_stm32f429zitx.s.obj (__libc_init_array)
/work/toolchains_arm32/toolchains/armhf_eabi_14.2.rel1/arm-gnu-toolchain-14.2.rel1-x86_64-arm-none-eabi/bin/../lib/gcc/arm-none-eabi/14.2.1/../../../../arm-none-eabi/lib/thumb/v7e-m+fp/hard/libc.a(libc_a-impure.o)
                              /work/toolchains_arm32/toolchains/armhf_eabi_14.2.rel1/arm-gnu-toolchain-14.2.rel1-x86_64-arm-none-eabi/bin/../lib/gcc/arm-none-eabi/14.2.1/../../../../arm-none-eabi/lib/thumb/v7e-m+fp/hard/libc.a(libc_a-errno.o) (_impure_ptr)
/work/toolchains_arm32/toolchains/armhf_eabi_14.2.rel1/arm-gnu-toolchain-14.2.rel1-x86_64-arm-none-eabi/bin/../lib/gcc/arm-none-eabi/14.2.1/../../../../arm-none-eabi/lib/thumb/v7e-m+fp/hard/libc.a(libc_a-findfp.o)
                              /work/toolchains_arm32/toolchains/armhf_eabi_14.2.rel1/arm-gnu-toolchain-14.2.rel1-x86_64-arm-none-eabi/bin/../lib/gcc/arm-none-eabi/14.2.1/../../../../arm-none-eabi/lib/thumb/v7e-m+fp/hard/libc.a(libc_a-impure.o) (__sf)
/work/toolchains_arm32/toolchains/armhf_eabi_14.2.rel1/arm-gnu-toolchain-14.2.rel1-x86_64-arm-none-eabi/bin/../lib/gcc/arm-none-eabi/14.2.1/../../../../arm-none-eabi/lib/thumb/v7e-m+fp/hard/libc.a(libc_a-fwalk.o)
                              /work/toolchains_arm32/toolchains/armhf_eabi_14.2.rel1/arm-gnu-toolchain-14.2.rel1-x86_64-arm-none-eabi/bin/../lib/gcc/arm-none-eabi/14.2.1/../../../../arm-none-eabi/lib/thumb/v7e-m+fp/hard/libc.a(libc_a-findfp.o) (_fwalk_sglue)
/work/toolchains_arm32/toolchains/armhf_eabi_14.2.rel1/arm-gnu-toolchain-14.2.rel1-x86_64-arm-none-eabi/bin/../lib/gcc/arm-none-eabi/14.2.1/../../../../arm-none-eabi/lib/thumb/v7e-m+fp/hard/libc.a(libc_a-stdio.o)
                              /work/toolchains_arm32/toolchains/armhf_eabi_14.2.rel1/arm-gnu-toolchain-14.2.rel1-x86_64-arm-none-eabi/bin/../lib/gcc/arm-none-eabi/14.2.1/../../../../arm-none-eabi/lib/thumb/v7e-m+fp/hard/libc.a(libc_a-findfp.o) (__sread)
/work/toolchains_arm32/toolchains/armhf_eabi_14.2.rel1/arm-gnu-toolchain-14.2.rel1-x86_64-arm-none-eabi/bin/../lib/gcc/arm-none-eabi/14.2.1/../../../../arm-none-eabi/lib/thumb/v7e-m+fp/hard/libc.a(libc_a-memset.o)
                              /work/toolchains_arm32/toolchains/armhf_eabi_14.2.rel1/arm-gnu-toolchain-14.2.rel1-x86_64-arm-none-eabi/bin/../lib/gcc/arm-none-eabi/14.2.1/../../../../arm-none-eabi/lib/thumb/v7e-m+fp/hard/libc.a(libc_a-findfp.o) (memset)
/work/toolchains_arm32/toolchains/armhf_eabi_14.2.rel1/arm-gnu-toolchain-14.2.rel1-x86_64-arm-none-eabi/bin/../lib/gcc/arm-none-eabi/14.2.1/../../../../arm-none-eabi/lib/thumb/v7e-m+fp/hard/libc.a(libc_a-closer.o)
                              /work/toolchains_arm32/toolchains/armhf_eabi_14.2.rel1/arm-gnu-toolchain-14.2.rel1-x86_64-arm-none-eabi/bin/../lib/gcc/arm-none-eabi/14.2.1/../../../../arm-none-eabi/lib/thumb/v7e-m+fp/hard/libc.a(libc_a-stdio.o) (_close_r)
/work/toolchains_arm32/toolchains/armhf_eabi_14.2.rel1/arm-gnu-toolchain-14.2.rel1-x86_64-arm-none-eabi/bin/../lib/gcc/arm-none-eabi/14.2.1/../../../../arm-none-eabi/lib/thumb/v7e-m+fp/hard/libc.a(libc_a-reent.o)
                              /work/toolchains_arm32/toolchains/armhf_eabi_14.2.rel1/arm-gnu-toolchain-14.2.rel1-x86_64-arm-none-eabi/bin/../lib/gcc/arm-none-eabi/14.2.1/../../../../arm-none-eabi/lib/thumb/v7e-m+fp/hard/libc.a(libc_a-closer.o) (errno)
/work/toolchains_arm32/toolchains/armhf_eabi_14.2.rel1/arm-gnu-toolchain-14.2.rel1-x86_64-arm-none-eabi/bin/../lib/gcc/arm-none-eabi/14.2.1/../../../../arm-none-eabi/lib/thumb/v7e-m+fp/hard/libc.a(libc_a-lseekr.o)
                              /work/toolchains_arm32/toolchains/armhf_eabi_14.2.rel1/arm-gnu-toolchain-14.2.rel1-x86_64-arm-none-eabi/bin/../lib/gcc/arm-none-eabi/14.2.1/../../../../arm-none-eabi/lib/thumb/v7e-m+fp/hard/libc.a(libc_a-stdio.o) (_lseek_r)
/work/toolchains_arm32/toolchains/armhf_eabi_14.2.rel1/arm-gnu-toolchain-14.2.rel1-x86_64-arm-none-eabi/bin/../lib/gcc/arm-none-eabi/14.2.1/../../../../arm-none-eabi/lib/thumb/v7e-m+fp/hard/libc.a(libc_a-readr.o)
                              /work/toolchains_arm32/toolchains/armhf_eabi_14.2.rel1/arm-gnu-toolchain-14.2.rel1-x86_64-arm-none-eabi/bin/../lib/gcc/arm-none-eabi/14.2.1/../../../../arm-none-eabi/lib/thumb/v7e-m+fp/hard/libc.a(libc_a-stdio.o) (_read_r)
/work/toolchains_arm32/toolchains/armhf_eabi_14.2.rel1/arm-gnu-toolchain-14.2.rel1-x86_64-arm-none-eabi/bin/../lib/gcc/arm-none-eabi/14.2.1/../../../../arm-none-eabi/lib/thumb/v7e-m+fp/hard/libc.a(libc_a-writer.o)
                              /work/toolchains_arm32/toolchains/armhf_eabi_14.2.rel1/arm-gnu-toolchain-14.2.rel1-x86_64-arm-none-eabi/bin/../lib/gcc/arm-none-eabi/14.2.1/../../../../arm-none-eabi/lib/thumb/v7e-m+fp/hard/libc.a(libc_a-stdio.o) (_write_r)
/work/toolchains_arm32/toolchains/armhf_eabi_14.2.rel1/arm-gnu-toolchain-14.2.rel1-x86_64-arm-none-eabi/bin/../lib/gcc/arm-none-eabi/14.2.1/../../../../arm-none-eabi/lib/thumb/v7e-m+fp/hard/libc.a(libc_a-lock.o)
                              /work/toolchains_arm32/toolchains/armhf_eabi_14.2.rel1/arm-gnu-toolchain-14.2.rel1-x86_64-arm-none-eabi/bin/../lib/gcc/arm-none-eabi/14.2.1/../../../../arm-none-eabi/lib/thumb/v7e-m+fp/hard/libc.a(libc_a-findfp.o) (__retarget_lock_init_recursive)
/work/toolchains_arm32/toolchains/armhf_eabi_14.2.rel1/arm-gnu-toolchain-14.2.rel1-x86_64-arm-none-eabi/bin/../lib/gcc/arm-none-eabi/14.2.1/../../../../arm-none-eabi/lib/thumb/v7e-m+fp/hard/libc.a(libc_a-freer.o)
                              /work/toolchains_arm32/toolchains/armhf_eabi_14.2.rel1/arm-gnu-toolchain-14.2.rel1-x86_64-arm-none-eabi/bin/../lib/gcc/arm-none-eabi/14.2.1/../../../../arm-none-eabi/lib/thumb/v7e-m+fp/hard/libc.a(libc_a-reent.o) (_free_r)
/work/toolchains_arm32/toolchains/armhf_eabi_14.2.rel1/arm-gnu-toolchain-14.2.rel1-x86_64-arm-none-eabi/bin/../lib/gcc/arm-none-eabi/14.2.1/../../../../arm-none-eabi/lib/thumb/v7e-m+fp/hard/libc.a(libc_a-mallocr.o)
                              /work/toolchains_arm32/toolchains/armhf_eabi_14.2.rel1/arm-gnu-toolchain-14.2.rel1-x86_64-arm-none-eabi/bin/../lib/gcc/arm-none-eabi/14.2.1/../../../../arm-none-eabi/lib/thumb/v7e-m+fp/hard/libc.a(libc_a-findfp.o) (_malloc_r)
/work/toolchains_arm32/toolchains/armhf_eabi_14.2.rel1/arm-gnu-toolchain-14.2.rel1-x86_64-arm-none-eabi/bin/../lib/gcc/arm-none-eabi/14.2.1/../../../../arm-none-eabi/lib/thumb/v7e-m+fp/hard/libc.a(libc_a-mlock.o)
                              /work/toolchains_arm32/toolchains/armhf_eabi_14.2.rel1/arm-gnu-toolchain-14.2.rel1-x86_64-arm-none-eabi/bin/../lib/gcc/arm-none-eabi/14.2.1/../../../../arm-none-eabi/lib/thumb/v7e-m+fp/hard/libc.a(libc_a-freer.o) (__malloc_lock)
/work/toolchains_arm32/toolchains/armhf_eabi_14.2.rel1/arm-gnu-toolchain-14.2.rel1-x86_64-arm-none-eabi/bin/../lib/gcc/arm-none-eabi/14.2.1/../../../../arm-none-eabi/lib/thumb/v7e-m+fp/hard/libc.a(libc_a-fclose.o)
                              /work/toolchains_arm32/toolchains/armhf_eabi_14.2.rel1/arm-gnu-toolchain-14.2.rel1-x86_64-arm-none-eabi/bin/../lib/gcc/arm-none-eabi/14.2.1/../../../../arm-none-eabi/lib/thumb/v7e-m+fp/hard/libc.a(libc_a-findfp.o) (_fclose_r)
/work/toolchains_arm32/toolchains/armhf_eabi_14.2.rel1/arm-gnu-toolchain-14.2.rel1-x86_64-arm-none-eabi/bin/../lib/gcc/arm-none-eabi/14.2.1/../../../../arm-none-eabi/lib/thumb/v7e-m+fp/hard/libc.a(libc_a-fflush.o)
                              /work/toolchains_arm32/toolchains/armhf_eabi_14.2.rel1/arm-gnu-toolchain-14.2.rel1-x86_64-arm-none-eabi/bin/../lib/gcc/arm-none-eabi/14.2.1/../../../../arm-none-eabi/lib/thumb/v7e-m+fp/hard/libc.a(libc_a-fclose.o) (__sflush_r)
/work/toolchains_arm32/toolchains/armhf_eabi_14.2.rel1/arm-gnu-toolchain-14.2.rel1-x86_64-arm-none-eabi/bin/../lib/gcc/arm-none-eabi/14.2.1/../../../../arm-none-eabi/lib/thumb/v7e-m+fp/hard/libc.a(libc_a-sbrkr.o)
                              /work/toolchains_arm32/toolchains/armhf_eabi_14.2.rel1/arm-gnu-toolchain-14.2.rel1-x86_64-arm-none-eabi/bin/../lib/gcc/arm-none-eabi/14.2.1/../../../../arm-none-eabi/lib/thumb/v7e-m+fp/hard/libc.a(libc_a-freer.o) (_sbrk_r)
/work/toolchains_arm32/toolchains/armhf_eabi_14.2.rel1/arm-gnu-toolchain-14.2.rel1-x86_64-arm-none-eabi/bin/../lib/gcc/arm-none-eabi/14.2.1/../../../../arm-none-eabi/lib/thumb/v7e-m+fp/hard/libc.a(libc_a-sysconf.o)
                              /work/toolchains_arm32/toolchains/armhf_eabi_14.2.rel1/arm-gnu-toolchain-14.2.rel1-x86_64-arm-none-eabi/bin/../lib/gcc/arm-none-eabi/14.2.1/../../../../arm-none-eabi/lib/thumb/v7e-m+fp/hard/libc.a(libc_a-freer.o) (sysconf)

Discarded input sections

 .data          0x00000000        0x0 CMakeFiles/STM32F429_HAL_CMake.elf.dir/Src/main.c.obj
 .bss           0x00000000        0x0 CMakeFiles/STM32F429_HAL_CMake.elf.dir/Src/main.c.obj
 .text          0x00000000      0x258 CMakeFiles/STM32F429_HAL_CMake.elf.dir/Src/syscalls.c.obj
 .data          0x00000000        0x4 CMakeFiles/STM32F429_HAL_CMake.elf.dir/Src/syscalls.c.obj
 .bss           0x00000000        0x8 CMakeFiles/STM32F429_HAL_CMake.elf.dir/Src/syscalls.c.obj
 .debug_info    0x00000000      0x6fd CMakeFiles/STM32F429_HAL_CMake.elf.dir/Src/syscalls.c.obj
 .debug_abbrev  0x00000000      0x1de CMakeFiles/STM32F429_HAL_CMake.elf.dir/Src/syscalls.c.obj
 .debug_aranges
                0x00000000       0x20 CMakeFiles/STM32F429_HAL_CMake.elf.dir/Src/syscalls.c.obj
 .debug_line    0x00000000      0x2e4 CMakeFiles/STM32F429_HAL_CMake.elf.dir/Src/syscalls.c.obj
 .debug_str     0x00000000      0x405 CMakeFiles/STM32F429_HAL_CMake.elf.dir/Src/syscalls.c.obj
 .comment       0x00000000       0x46 CMakeFiles/STM32F429_HAL_CMake.elf.dir/Src/syscalls.c.obj
 .debug_frame   0x00000000      0x2d4 CMakeFiles/STM32F429_HAL_CMake.elf.dir/Src/syscalls.c.obj
 .ARM.attributes
                0x00000000       0x34 CMakeFiles/STM32F429_HAL_CMake.elf.dir/Src/syscalls.c.obj
 .bss           0x00000000        0x0 CMakeFiles/STM32F429_HAL_CMake.elf.dir/Inc/system_stm32f4xx.c.obj
 .text          0x00000000       0x14 CMakeFiles/STM32F429_HAL_CMake.elf.dir/startup/startup_stm32f429zitx.s.obj
 .data          0x00000000        0x0 CMakeFiles/STM32F429_HAL_CMake.elf.dir/startup/startup_stm32f429zitx.s.obj
 .bss           0x00000000        0x0 CMakeFiles/STM32F429_HAL_CMake.elf.dir/startup/startup_stm32f429zitx.s.obj
 .text          0x00000000        0x0 /work/toolchains_arm32/toolchains/armhf_eabi_14.2.rel1/arm-gnu-toolchain-14.2.rel1-x86_64-arm-none-eabi/bin/../lib/gcc/arm-none-eabi/14.2.1/../../../../arm-none-eabi/lib/thumb/v7e-m+fp/hard/libc.a(libc_a-errno.o)
 .data          0x00000000        0x0 /work/toolchains_arm32/toolchains/armhf_eabi_14.2.rel1/arm-gnu-toolchain-14.2.rel1-x86_64-arm-none-eabi/bin/../lib/gcc/arm-none-eabi/14.2.1/../../../../arm-none-eabi/lib/thumb/v7e-m+fp/hard/libc.a(libc_a-errno.o)
 .bss           0x00000000        0x0 /work/toolchains_arm32/toolchains/armhf_eabi_14.2.rel1/arm-gnu-toolchain-14.2.rel1-x86_64-arm-none-eabi/bin/../lib/gcc/arm-none-eabi/14.2.1/../../../../arm-none-eabi/lib/thumb/v7e-m+fp/hard/libc.a(libc_a-errno.o)
 .text.__errno  0x00000000        0xc /work/toolchains_arm32/toolchains/armhf_eabi_14.2.rel1/arm-gnu-toolchain-14.2.rel1-x86_64-arm-none-eabi/bin/../lib/gcc/arm-none-eabi/14.2.1/../../../../arm-none-eabi/lib/thumb/v7e-m+fp/hard/libc.a(libc_a-errno.o)
 .debug_frame   0x00000000       0x20 /work/toolchains_arm32/toolchains/armhf_eabi_14.2.rel1/arm-gnu-toolchain-14.2.rel1-x86_64-arm-none-eabi/bin/../lib/gcc/arm-none-eabi/14.2.1/../../../../arm-none-eabi/lib/thumb/v7e-m+fp/hard/libc.a(libc_a-errno.o)
 .ARM.attributes
                0x00000000       0x34 /work/toolchains_arm32/toolchains/armhf_eabi_14.2.rel1/arm-gnu-toolchain-14.2.rel1-x86_64-arm-none-eabi/bin/../lib/gcc/arm-none-eabi/14.2.1/../../../../arm-none-eabi/lib/thumb/v7e-m+fp/hard/libc.a(libc_a-errno.o)
 .text          0x00000000        0x0 /work/toolchains_arm32/toolchains/armhf_eabi_14.2.rel1/arm-gnu-toolchain-14.2.rel1-x86_64-arm-none-eabi/bin/../lib/gcc/arm-none-eabi/14.2.1/../../../../arm-none-eabi/lib/thumb/v7e-m+fp/hard/libc.a(libc_a-init.o)
 .data          0x00000000        0x0 /work/toolchains_arm32/toolchains/armhf_eabi_14.2.rel1/arm-gnu-toolchain-14.2.rel1-x86_64-arm-none-eabi/bin/../lib/gcc/arm-none-eabi/14.2.1/../../../../arm-none-eabi/lib/thumb/v7e-m+fp/hard/libc.a(libc_a-init.o)
 .bss           0x00000000        0x0 /work/toolchains_arm32/toolchains/armhf_eabi_14.2.rel1/arm-gnu-toolchain-14.2.rel1-x86_64-arm-none-eabi/bin/../lib/gcc/arm-none-eabi/14.2.1/../../../../arm-none-eabi/lib/thumb/v7e-m+fp/hard/libc.a(libc_a-init.o)
 .debug_frame   0x00000000       0x2c /work/toolchains_arm32/toolchains/armhf_eabi_14.2.rel1/arm-gnu-toolchain-14.2.rel1-x86_64-arm-none-eabi/bin/../lib/gcc/arm-none-eabi/14.2.1/../../../../arm-none-eabi/lib/thumb/v7e-m+fp/hard/libc.a(libc_a-init.o)
 .ARM.attributes
                0x00000000       0x34 /work/toolchains_arm32/toolchains/armhf_eabi_14.2.rel1/arm-gnu-toolchain-14.2.rel1-x86_64-arm-none-eabi/bin/../lib/gcc/arm-none-eabi/14.2.1/../../../../arm-none-eabi/lib/thumb/v7e-m+fp/hard/libc.a(libc_a-init.o)
 .text          0x00000000        0x0 /work/toolchains_arm32/toolchains/armhf_eabi_14.2.rel1/arm-gnu-toolchain-14.2.rel1-x86_64-arm-none-eabi/bin/../lib/gcc/arm-none-eabi/14.2.1/../../../../arm-none-eabi/lib/thumb/v7e-m+fp/hard/libc.a(libc_a-impure.o)
 .data          0x00000000        0x0 /work/toolchains_arm32/toolchains/armhf_eabi_14.2.rel1/arm-gnu-toolchain-14.2.rel1-x86_64-arm-none-eabi/bin/../lib/gcc/arm-none-eabi/14.2.1/../../../../arm-none-eabi/lib/thumb/v7e-m+fp/hard/libc.a(libc_a-impure.o)
 .bss           0x00000000        0x0 /work/toolchains_arm32/toolchains/armhf_eabi_14.2.rel1/arm-gnu-toolchain-14.2.rel1-x86_64-arm-none-eabi/bin/../lib/gcc/arm-none-eabi/14.2.1/../../../../arm-none-eabi/lib/thumb/v7e-m+fp/hard/libc.a(libc_a-impure.o)
 .data._impure_ptr
                0x00000000        0x4 /work/toolchains_arm32/toolchains/armhf_eabi_14.2.rel1/arm-gnu-toolchain-14.2.rel1-x86_64-arm-none-eabi/bin/../lib/gcc/arm-none-eabi/14.2.1/../../../../arm-none-eabi/lib/thumb/v7e-m+fp/hard/libc.a(libc_a-impure.o)
 .data._impure_data
                0x00000000      0x140 /work/toolchains_arm32/toolchains/armhf_eabi_14.2.rel1/arm-gnu-toolchain-14.2.rel1-x86_64-arm-none-eabi/bin/../lib/gcc/arm-none-eabi/14.2.1/../../../../arm-none-eabi/lib/thumb/v7e-m+fp/hard/libc.a(libc_a-impure.o)
 .ARM.attributes
                0x00000000       0x34 /work/toolchains_arm32/toolchains/armhf_eabi_14.2.rel1/arm-gnu-toolchain-14.2.rel1-x86_64-arm-none-eabi/bin/../lib/gcc/arm-none-eabi/14.2.1/../../../../arm-none-eabi/lib/thumb/v7e-m+fp/hard/libc.a(libc_a-impure.o)
 .text          0x00000000        0x0 /work/toolchains_arm32/toolchains/armhf_eabi_14.2.rel1/arm-gnu-toolchain-14.2.rel1-x86_64-arm-none-eabi/bin/../lib/gcc/arm-none-eabi/14.2.1/../../../../arm-none-eabi/lib/thumb/v7e-m+fp/hard/libc.a(libc_a-findfp.o)
 .data          0x00000000        0x0 /work/toolchains_arm32/toolchains/armhf_eabi_14.2.rel1/arm-gnu-toolchain-14.2.rel1-x86_64-arm-none-eabi/bin/../lib/gcc/arm-none-eabi/14.2.1/../../../../arm-none-eabi/lib/thumb/v7e-m+fp/hard/libc.a(libc_a-findfp.o)
 .bss           0x00000000        0x0 /work/toolchains_arm32/toolchains/armhf_eabi_14.2.rel1/arm-gnu-toolchain-14.2.rel1-x86_64-arm-none-eabi/bin/../lib/gcc/arm-none-eabi/14.2.1/../../../../arm-none-eabi/lib/thumb/v7e-m+fp/hard/libc.a(libc_a-findfp.o)
 .text.stdio_exit_handler
                0x00000000       0x18 /work/toolchains_arm32/toolchains/armhf_eabi_14.2.rel1/arm-gnu-toolchain-14.2.rel1-x86_64-arm-none-eabi/bin/../lib/gcc/arm-none-eabi/14.2.1/../../../../arm-none-eabi/lib/thumb/v7e-m+fp/hard/libc.a(libc_a-findfp.o)
 .text.cleanup_stdio
                0x00000000       0x40 /work/toolchains_arm32/toolchains/armhf_eabi_14.2.rel1/arm-gnu-toolchain-14.2.rel1-x86_64-arm-none-eabi/bin/../lib/gcc/arm-none-eabi/14.2.1/../../../../arm-none-eabi/lib/thumb/v7e-m+fp/hard/libc.a(libc_a-findfp.o)
 .text.__fp_lock
                0x00000000       0x1c /work/toolchains_arm32/toolchains/armhf_eabi_14.2.rel1/arm-gnu-toolchain-14.2.rel1-x86_64-arm-none-eabi/bin/../lib/gcc/arm-none-eabi/14.2.1/../../../../arm-none-eabi/lib/thumb/v7e-m+fp/hard/libc.a(libc_a-findfp.o)
 .text.__fp_unlock
                0x00000000       0x1c /work/toolchains_arm32/toolchains/armhf_eabi_14.2.rel1/arm-gnu-toolchain-14.2.rel1-x86_64-arm-none-eabi/bin/../lib/gcc/arm-none-eabi/14.2.1/../../../../arm-none-eabi/lib/thumb/v7e-m+fp/hard/libc.a(libc_a-findfp.o)
 .text.global_stdio_init.part.0
                0x00000000       0xf0 /work/toolchains_arm32/toolchains/armhf_eabi_14.2.rel1/arm-gnu-toolchain-14.2.rel1-x86_64-arm-none-eabi/bin/../lib/gcc/arm-none-eabi/14.2.1/../../../../arm-none-eabi/lib/thumb/v7e-m+fp/hard/libc.a(libc_a-findfp.o)
 .text.__sfp    0x00000000       0xc0 /work/toolchains_arm32/toolchains/armhf_eabi_14.2.rel1/arm-gnu-toolchain-14.2.rel1-x86_64-arm-none-eabi/bin/../lib/gcc/arm-none-eabi/14.2.1/../../../../arm-none-eabi/lib/thumb/v7e-m+fp/hard/libc.a(libc_a-findfp.o)
 .text.__sinit  0x00000000       0x3c /work/toolchains_arm32/toolchains/armhf_eabi_14.2.rel1/arm-gnu-toolchain-14.2.rel1-x86_64-arm-none-eabi/bin/../lib/gcc/arm-none-eabi/14.2.1/../../../../arm-none-eabi/lib/thumb/v7e-m+fp/hard/libc.a(libc_a-findfp.o)
 .text.__sfp_lock_acquire
                0x00000000        0xc /work/toolchains_arm32/toolchains/armhf_eabi_14.2.rel1/arm-gnu-toolchain-14.2.rel1-x86_64-arm-none-eabi/bin/../lib/gcc/arm-none-eabi/14.2.1/../../../../arm-none-eabi/lib/thumb/v7e-m+fp/hard/libc.a(libc_a-findfp.o)
 .text.__sfp_lock_release
                0x00000000        0xc /work/toolchains_arm32/toolchains/armhf_eabi_14.2.rel1/arm-gnu-toolchain-14.2.rel1-x86_64-arm-none-eabi/bin/../lib/gcc/arm-none-eabi/14.2.1/../../../../arm-none-eabi/lib/thumb/v7e-m+fp/hard/libc.a(libc_a-findfp.o)
 .text.__fp_lock_all
                0x00000000       0x24 /work/toolchains_arm32/toolchains/armhf_eabi_14.2.rel1/arm-gnu-toolchain-14.2.rel1-x86_64-arm-none-eabi/bin/../lib/gcc/arm-none-eabi/14.2.1/../../../../arm-none-eabi/lib/thumb/v7e-m+fp/hard/libc.a(libc_a-findfp.o)
 .text.__fp_unlock_all
                0x00000000       0x24 /work/toolchains_arm32/toolchains/armhf_eabi_14.2.rel1/arm-gnu-toolchain-14.2.rel1-x86_64-arm-none-eabi/bin/../lib/gcc/arm-none-eabi/14.2.1/../../../../arm-none-eabi/lib/thumb/v7e-m+fp/hard/libc.a(libc_a-findfp.o)
 .data.__sglue  0x00000000        0xc /work/toolchains_arm32/toolchains/armhf_eabi_14.2.rel1/arm-gnu-toolchain-14.2.rel1-x86_64-arm-none-eabi/bin/../lib/gcc/arm-none-eabi/14.2.1/../../../../arm-none-eabi/lib/thumb/v7e-m+fp/hard/libc.a(libc_a-findfp.o)
 .bss.__sf      0x00000000      0x138 /work/toolchains_arm32/toolchains/armhf_eabi_14.2.rel1/arm-gnu-toolchain-14.2.rel1-x86_64-arm-none-eabi/bin/../lib/gcc/arm-none-eabi/14.2.1/../../../../arm-none-eabi/lib/thumb/v7e-m+fp/hard/libc.a(libc_a-findfp.o)
 .bss.__stdio_exit_handler
                0x00000000        0x4 /work/toolchains_arm32/toolchains/armhf_eabi_14.2.rel1/arm-gnu-toolchain-14.2.rel1-x86_64-arm-none-eabi/bin/../lib/gcc/arm-none-eabi/14.2.1/../../../../arm-none-eabi/lib/thumb/v7e-m+fp/hard/libc.a(libc_a-findfp.o)
 .debug_frame   0x00000000      0x13c /work/toolchains_arm32/toolchains/armhf_eabi_14.2.rel1/arm-gnu-toolchain-14.2.rel1-x86_64-arm-none-eabi/bin/../lib/gcc/arm-none-eabi/14.2.1/../../../../arm-none-eabi/lib/thumb/v7e-m+fp/hard/libc.a(libc_a-findfp.o)
 .ARM.attributes
                0x00000000       0x34 /work/toolchains_arm32/toolchains/armhf_eabi_14.2.rel1/arm-gnu-toolchain-14.2.rel1-x86_64-arm-none-eabi/bin/../lib/gcc/arm-none-eabi/14.2.1/../../../../arm-none-eabi/lib/thumb/v7e-m+fp/hard/libc.a(libc_a-findfp.o)
 .text          0x00000000        0x0 /work/toolchains_arm32/toolchains/armhf_eabi_14.2.rel1/arm-gnu-toolchain-14.2.rel1-x86_64-arm-none-eabi/bin/../lib/gcc/arm-none-eabi/14.2.1/../../../../arm-none-eabi/lib/thumb/v7e-m+fp/hard/libc.a(libc_a-fwalk.o)
 .data          0x00000000        0x0 /work/toolchains_arm32/toolchains/armhf_eabi_14.2.rel1/arm-gnu-toolchain-14.2.rel1-x86_64-arm-none-eabi/bin/../lib/gcc/arm-none-eabi/14.2.1/../../../../arm-none-eabi/lib/thumb/v7e-m+fp/hard/libc.a(libc_a-fwalk.o)
 .bss           0x00000000        0x0 /work/toolchains_arm32/toolchains/armhf_eabi_14.2.rel1/arm-gnu-toolchain-14.2.rel1-x86_64-arm-none-eabi/bin/../lib/gcc/arm-none-eabi/14.2.1/../../../../arm-none-eabi/lib/thumb/v7e-m+fp/hard/libc.a(libc_a-fwalk.o)
 .text._fwalk_sglue
                0x00000000       0x44 /work/toolchains_arm32/toolchains/armhf_eabi_14.2.rel1/arm-gnu-toolchain-14.2.rel1-x86_64-arm-none-eabi/bin/../lib/gcc/arm-none-eabi/14.2.1/../../../../arm-none-eabi/lib/thumb/v7e-m+fp/hard/libc.a(libc_a-fwalk.o)
 .debug_frame   0x00000000       0x34 /work/toolchains_arm32/toolchains/armhf_eabi_14.2.rel1/arm-gnu-toolchain-14.2.rel1-x86_64-arm-none-eabi/bin/../lib/gcc/arm-none-eabi/14.2.1/../../../../arm-none-eabi/lib/thumb/v7e-m+fp/hard/libc.a(libc_a-fwalk.o)
 .ARM.attributes
                0x00000000       0x34 /work/toolchains_arm32/toolchains/armhf_eabi_14.2.rel1/arm-gnu-toolchain-14.2.rel1-x86_64-arm-none-eabi/bin/../lib/gcc/arm-none-eabi/14.2.1/../../../../arm-none-eabi/lib/thumb/v7e-m+fp/hard/libc.a(libc_a-fwalk.o)
 .text          0x00000000        0x0 /work/toolchains_arm32/toolchains/armhf_eabi_14.2.rel1/arm-gnu-toolchain-14.2.rel1-x86_64-arm-none-eabi/bin/../lib/gcc/arm-none-eabi/14.2.1/../../../../arm-none-eabi/lib/thumb/v7e-m+fp/hard/libc.a(libc_a-stdio.o)
 .data          0x00000000        0x0 /work/toolchains_arm32/toolchains/armhf_eabi_14.2.rel1/arm-gnu-toolchain-14.2.rel1-x86_64-arm-none-eabi/bin/../lib/gcc/arm-none-eabi/14.2.1/../../../../arm-none-eabi/lib/thumb/v7e-m+fp/hard/libc.a(libc_a-stdio.o)
 .bss           0x00000000        0x0 /work/toolchains_arm32/toolchains/armhf_eabi_14.2.rel1/arm-gnu-toolchain-14.2.rel1-x86_64-arm-none-eabi/bin/../lib/gcc/arm-none-eabi/14.2.1/../../../../arm-none-eabi/lib/thumb/v7e-m+fp/hard/libc.a(libc_a-stdio.o)
 .text.__sread  0x00000000       0x24 /work/toolchains_arm32/toolchains/armhf_eabi_14.2.rel1/arm-gnu-toolchain-14.2.rel1-x86_64-arm-none-eabi/bin/../lib/gcc/arm-none-eabi/14.2.1/../../../../arm-none-eabi/lib/thumb/v7e-m+fp/hard/libc.a(libc_a-stdio.o)
 .text.__seofread
                0x00000000        0x4 /work/toolchains_arm32/toolchains/armhf_eabi_14.2.rel1/arm-gnu-toolchain-14.2.rel1-x86_64-arm-none-eabi/bin/../lib/gcc/arm-none-eabi/14.2.1/../../../../arm-none-eabi/lib/thumb/v7e-m+fp/hard/libc.a(libc_a-stdio.o)
 .text.__swrite
                0x00000000       0x40 /work/toolchains_arm32/toolchains/armhf_eabi_14.2.rel1/arm-gnu-toolchain-14.2.rel1-x86_64-arm-none-eabi/bin/../lib/gcc/arm-none-eabi/14.2.1/../../../../arm-none-eabi/lib/thumb/v7e-m+fp/hard/libc.a(libc_a-stdio.o)
 .text.__sseek  0x00000000       0x24 /work/toolchains_arm32/toolchains/armhf_eabi_14.2.rel1/arm-gnu-toolchain-14.2.rel1-x86_64-arm-none-eabi/bin/../lib/gcc/arm-none-eabi/14.2.1/../../../../arm-none-eabi/lib/thumb/v7e-m+fp/hard/libc.a(libc_a-stdio.o)
 .text.__sclose
                0x00000000        0x8 /work/toolchains_arm32/toolchains/armhf_eabi_14.2.rel1/arm-gnu-toolchain-14.2.rel1-x86_64-arm-none-eabi/bin/../lib/gcc/arm-none-eabi/14.2.1/../../../../arm-none-eabi/lib/thumb/v7e-m+fp/hard/libc.a(libc_a-stdio.o)
 .debug_frame   0x00000000       0x8c /work/toolchains_arm32/toolchains/armhf_eabi_14.2.rel1/arm-gnu-toolchain-14.2.rel1-x86_64-arm-none-eabi/bin/../lib/gcc/arm-none-eabi/14.2.1/../../../../arm-none-eabi/lib/thumb/v7e-m+fp/hard/libc.a(libc_a-stdio.o)
 .ARM.attributes
                0x00000000       0x34 /work/toolchains_arm32/toolchains/armhf_eabi_14.2.rel1/arm-gnu-toolchain-14.2.rel1-x86_64-arm-none-eabi/bin/../lib/gcc/arm-none-eabi/14.2.1/../../../../arm-none-eabi/lib/thumb/v7e-m+fp/hard/libc.a(libc_a-stdio.o)
 .text          0x00000000        0x0 /work/toolchains_arm32/toolchains/armhf_eabi_14.2.rel1/arm-gnu-toolchain-14.2.rel1-x86_64-arm-none-eabi/bin/../lib/gcc/arm-none-eabi/14.2.1/../../../../arm-none-eabi/lib/thumb/v7e-m+fp/hard/libc.a(libc_a-memset.o)
 .data          0x00000000        0x0 /work/toolchains_arm32/toolchains/armhf_eabi_14.2.rel1/arm-gnu-toolchain-14.2.rel1-x86_64-arm-none-eabi/bin/../lib/gcc/arm-none-eabi/14.2.1/../../../../arm-none-eabi/lib/thumb/v7e-m+fp/hard/libc.a(libc_a-memset.o)
 .bss           0x00000000        0x0 /work/toolchains_arm32/toolchains/armhf_eabi_14.2.rel1/arm-gnu-toolchain-14.2.rel1-x86_64-arm-none-eabi/bin/../lib/gcc/arm-none-eabi/14.2.1/../../../../arm-none-eabi/lib/thumb/v7e-m+fp/hard/libc.a(libc_a-memset.o)
 .text.memset   0x00000000       0x9c /work/toolchains_arm32/toolchains/armhf_eabi_14.2.rel1/arm-gnu-toolchain-14.2.rel1-x86_64-arm-none-eabi/bin/../lib/gcc/arm-none-eabi/14.2.1/../../../../arm-none-eabi/lib/thumb/v7e-m+fp/hard/libc.a(libc_a-memset.o)
 .debug_frame   0x00000000       0x2c /work/toolchains_arm32/toolchains/armhf_eabi_14.2.rel1/arm-gnu-toolchain-14.2.rel1-x86_64-arm-none-eabi/bin/../lib/gcc/arm-none-eabi/14.2.1/../../../../arm-none-eabi/lib/thumb/v7e-m+fp/hard/libc.a(libc_a-memset.o)
 .ARM.attributes
                0x00000000       0x34 /work/toolchains_arm32/toolchains/armhf_eabi_14.2.rel1/arm-gnu-toolchain-14.2.rel1-x86_64-arm-none-eabi/bin/../lib/gcc/arm-none-eabi/14.2.1/../../../../arm-none-eabi/lib/thumb/v7e-m+fp/hard/libc.a(libc_a-memset.o)
 .text          0x00000000        0x0 /work/toolchains_arm32/toolchains/armhf_eabi_14.2.rel1/arm-gnu-toolchain-14.2.rel1-x86_64-arm-none-eabi/bin/../lib/gcc/arm-none-eabi/14.2.1/../../../../arm-none-eabi/lib/thumb/v7e-m+fp/hard/libc.a(libc_a-closer.o)
 .data          0x00000000        0x0 /work/toolchains_arm32/toolchains/armhf_eabi_14.2.rel1/arm-gnu-toolchain-14.2.rel1-x86_64-arm-none-eabi/bin/../lib/gcc/arm-none-eabi/14.2.1/../../../../arm-none-eabi/lib/thumb/v7e-m+fp/hard/libc.a(libc_a-closer.o)
 .bss           0x00000000        0x0 /work/toolchains_arm32/toolchains/armhf_eabi_14.2.rel1/arm-gnu-toolchain-14.2.rel1-x86_64-arm-none-eabi/bin/../lib/gcc/arm-none-eabi/14.2.1/../../../../arm-none-eabi/lib/thumb/v7e-m+fp/hard/libc.a(libc_a-closer.o)
 .text._close_r
                0x00000000       0x24 /work/toolchains_arm32/toolchains/armhf_eabi_14.2.rel1/arm-gnu-toolchain-14.2.rel1-x86_64-arm-none-eabi/bin/../lib/gcc/arm-none-eabi/14.2.1/../../../../arm-none-eabi/lib/thumb/v7e-m+fp/hard/libc.a(libc_a-closer.o)
 .debug_frame   0x00000000       0x2c /work/toolchains_arm32/toolchains/armhf_eabi_14.2.rel1/arm-gnu-toolchain-14.2.rel1-x86_64-arm-none-eabi/bin/../lib/gcc/arm-none-eabi/14.2.1/../../../../arm-none-eabi/lib/thumb/v7e-m+fp/hard/libc.a(libc_a-closer.o)
 .ARM.attributes
                0x00000000       0x34 /work/toolchains_arm32/toolchains/armhf_eabi_14.2.rel1/arm-gnu-toolchain-14.2.rel1-x86_64-arm-none-eabi/bin/../lib/gcc/arm-none-eabi/14.2.1/../../../../arm-none-eabi/lib/thumb/v7e-m+fp/hard/libc.a(libc_a-closer.o)
 .text          0x00000000        0x0 /work/toolchains_arm32/toolchains/armhf_eabi_14.2.rel1/arm-gnu-toolchain-14.2.rel1-x86_64-arm-none-eabi/bin/../lib/gcc/arm-none-eabi/14.2.1/../../../../arm-none-eabi/lib/thumb/v7e-m+fp/hard/libc.a(libc_a-reent.o)
 .data          0x00000000        0x0 /work/toolchains_arm32/toolchains/armhf_eabi_14.2.rel1/arm-gnu-toolchain-14.2.rel1-x86_64-arm-none-eabi/bin/../lib/gcc/arm-none-eabi/14.2.1/../../../../arm-none-eabi/lib/thumb/v7e-m+fp/hard/libc.a(libc_a-reent.o)
 .bss           0x00000000        0x0 /work/toolchains_arm32/toolchains/armhf_eabi_14.2.rel1/arm-gnu-toolchain-14.2.rel1-x86_64-arm-none-eabi/bin/../lib/gcc/arm-none-eabi/14.2.1/../../../../arm-none-eabi/lib/thumb/v7e-m+fp/hard/libc.a(libc_a-reent.o)
 .text._reclaim_reent
                0x00000000       0x6c /work/toolchains_arm32/toolchains/armhf_eabi_14.2.rel1/arm-gnu-toolchain-14.2.rel1-x86_64-arm-none-eabi/bin/../lib/gcc/arm-none-eabi/14.2.1/../../../../arm-none-eabi/lib/thumb/v7e-m+fp/hard/libc.a(libc_a-reent.o)
 .bss.errno     0x00000000        0x4 /work/toolchains_arm32/toolchains/armhf_eabi_14.2.rel1/arm-gnu-toolchain-14.2.rel1-x86_64-arm-none-eabi/bin/../lib/gcc/arm-none-eabi/14.2.1/../../../../arm-none-eabi/lib/thumb/v7e-m+fp/hard/libc.a(libc_a-reent.o)
 .debug_frame   0x00000000       0x3c /work/toolchains_arm32/toolchains/armhf_eabi_14.2.rel1/arm-gnu-toolchain-14.2.rel1-x86_64-arm-none-eabi/bin/../lib/gcc/arm-none-eabi/14.2.1/../../../../arm-none-eabi/lib/thumb/v7e-m+fp/hard/libc.a(libc_a-reent.o)
 .ARM.attributes
                0x00000000       0x34 /work/toolchains_arm32/toolchains/armhf_eabi_14.2.rel1/arm-gnu-toolchain-14.2.rel1-x86_64-arm-none-eabi/bin/../lib/gcc/arm-none-eabi/14.2.1/../../../../arm-none-eabi/lib/thumb/v7e-m+fp/hard/libc.a(libc_a-reent.o)
 .text          0x00000000        0x0 /work/toolchains_arm32/toolchains/armhf_eabi_14.2.rel1/arm-gnu-toolchain-14.2.rel1-x86_64-arm-none-eabi/bin/../lib/gcc/arm-none-eabi/14.2.1/../../../../arm-none-eabi/lib/thumb/v7e-m+fp/hard/libc.a(libc_a-lseekr.o)
 .data          0x00000000        0x0 /work/toolchains_arm32/toolchains/armhf_eabi_14.2.rel1/arm-gnu-toolchain-14.2.rel1-x86_64-arm-none-eabi/bin/../lib/gcc/arm-none-eabi/14.2.1/../../../../arm-none-eabi/lib/thumb/v7e-m+fp/hard/libc.a(libc_a-lseekr.o)
 .bss           0x00000000        0x0 /work/toolchains_arm32/toolchains/armhf_eabi_14.2.rel1/arm-gnu-toolchain-14.2.rel1-x86_64-arm-none-eabi/bin/../lib/gcc/arm-none-eabi/14.2.1/../../../../arm-none-eabi/lib/thumb/v7e-m+fp/hard/libc.a(libc_a-lseekr.o)
 .text._lseek_r
                0x00000000       0x2c /work/toolchains_arm32/toolchains/armhf_eabi_14.2.rel1/arm-gnu-toolchain-14.2.rel1-x86_64-arm-none-eabi/bin/../lib/gcc/arm-none-eabi/14.2.1/../../../../arm-none-eabi/lib/thumb/v7e-m+fp/hard/libc.a(libc_a-lseekr.o)
 .debug_frame   0x00000000       0x2c /work/toolchains_arm32/toolchains/armhf_eabi_14.2.rel1/arm-gnu-toolchain-14.2.rel1-x86_64-arm-none-eabi/bin/../lib/gcc/arm-none-eabi/14.2.1/../../../../arm-none-eabi/lib/thumb/v7e-m+fp/hard/libc.a(libc_a-lseekr.o)
 .ARM.attributes
                0x00000000       0x34 /work/toolchains_arm32/toolchains/armhf_eabi_14.2.rel1/arm-gnu-toolchain-14.2.rel1-x86_64-arm-none-eabi/bin/../lib/gcc/arm-none-eabi/14.2.1/../../../../arm-none-eabi/lib/thumb/v7e-m+fp/hard/libc.a(libc_a-lseekr.o)
 .text          0x00000000        0x0 /work/toolchains_arm32/toolchains/armhf_eabi_14.2.rel1/arm-gnu-toolchain-14.2.rel1-x86_64-arm-none-eabi/bin/../lib/gcc/arm-none-eabi/14.2.1/../../../../arm-none-eabi/lib/thumb/v7e-m+fp/hard/libc.a(libc_a-readr.o)
 .data          0x00000000        0x0 /work/toolchains_arm32/toolchains/armhf_eabi_14.2.rel1/arm-gnu-toolchain-14.2.rel1-x86_64-arm-none-eabi/bin/../lib/gcc/arm-none-eabi/14.2.1/../../../../arm-none-eabi/lib/thumb/v7e-m+fp/hard/libc.a(libc_a-readr.o)
 .bss           0x00000000        0x0 /work/toolchains_arm32/toolchains/armhf_eabi_14.2.rel1/arm-gnu-toolchain-14.2.rel1-x86_64-arm-none-eabi/bin/../lib/gcc/arm-none-eabi/14.2.1/../../../../arm-none-eabi/lib/thumb/v7e-m+fp/hard/libc.a(libc_a-readr.o)
 .text._read_r  0x00000000       0x2c /work/toolchains_arm32/toolchains/armhf_eabi_14.2.rel1/arm-gnu-toolchain-14.2.rel1-x86_64-arm-none-eabi/bin/../lib/gcc/arm-none-eabi/14.2.1/../../../../arm-none-eabi/lib/thumb/v7e-m+fp/hard/libc.a(libc_a-readr.o)
 .debug_frame   0x00000000       0x2c /work/toolchains_arm32/toolchains/armhf_eabi_14.2.rel1/arm-gnu-toolchain-14.2.rel1-x86_64-arm-none-eabi/bin/../lib/gcc/arm-none-eabi/14.2.1/../../../../arm-none-eabi/lib/thumb/v7e-m+fp/hard/libc.a(libc_a-readr.o)
 .ARM.attributes
                0x00000000       0x34 /work/toolchains_arm32/toolchains/armhf_eabi_14.2.rel1/arm-gnu-toolchain-14.2.rel1-x86_64-arm-none-eabi/bin/../lib/gcc/arm-none-eabi/14.2.1/../../../../arm-none-eabi/lib/thumb/v7e-m+fp/hard/libc.a(libc_a-readr.o)
 .text          0x00000000        0x0 /work/toolchains_arm32/toolchains/armhf_eabi_14.2.rel1/arm-gnu-toolchain-14.2.rel1-x86_64-arm-none-eabi/bin/../lib/gcc/arm-none-eabi/14.2.1/../../../../arm-none-eabi/lib/thumb/v7e-m+fp/hard/libc.a(libc_a-writer.o)
 .data          0x00000000        0x0 /work/toolchains_arm32/toolchains/armhf_eabi_14.2.rel1/arm-gnu-toolchain-14.2.rel1-x86_64-arm-none-eabi/bin/../lib/gcc/arm-none-eabi/14.2.1/../../../../arm-none-eabi/lib/thumb/v7e-m+fp/hard/libc.a(libc_a-writer.o)
 .bss           0x00000000        0x0 /work/toolchains_arm32/toolchains/armhf_eabi_14.2.rel1/arm-gnu-toolchain-14.2.rel1-x86_64-arm-none-eabi/bin/../lib/gcc/arm-none-eabi/14.2.1/../../../../arm-none-eabi/lib/thumb/v7e-m+fp/hard/libc.a(libc_a-writer.o)
 .text._write_r
                0x00000000       0x2c /work/toolchains_arm32/toolchains/armhf_eabi_14.2.rel1/arm-gnu-toolchain-14.2.rel1-x86_64-arm-none-eabi/bin/../lib/gcc/arm-none-eabi/14.2.1/../../../../arm-none-eabi/lib/thumb/v7e-m+fp/hard/libc.a(libc_a-writer.o)
 .debug_frame   0x00000000       0x2c /work/toolchains_arm32/toolchains/armhf_eabi_14.2.rel1/arm-gnu-toolchain-14.2.rel1-x86_64-arm-none-eabi/bin/../lib/gcc/arm-none-eabi/14.2.1/../../../../arm-none-eabi/lib/thumb/v7e-m+fp/hard/libc.a(libc_a-writer.o)
 .ARM.attributes
                0x00000000       0x34 /work/toolchains_arm32/toolchains/armhf_eabi_14.2.rel1/arm-gnu-toolchain-14.2.rel1-x86_64-arm-none-eabi/bin/../lib/gcc/arm-none-eabi/14.2.1/../../../../arm-none-eabi/lib/thumb/v7e-m+fp/hard/libc.a(libc_a-writer.o)
 .text          0x00000000        0x0 /work/toolchains_arm32/toolchains/armhf_eabi_14.2.rel1/arm-gnu-toolchain-14.2.rel1-x86_64-arm-none-eabi/bin/../lib/gcc/arm-none-eabi/14.2.1/../../../../arm-none-eabi/lib/thumb/v7e-m+fp/hard/libc.a(libc_a-lock.o)
 .data          0x00000000        0x0 /work/toolchains_arm32/toolchains/armhf_eabi_14.2.rel1/arm-gnu-toolchain-14.2.rel1-x86_64-arm-none-eabi/bin/../lib/gcc/arm-none-eabi/14.2.1/../../../../arm-none-eabi/lib/thumb/v7e-m+fp/hard/libc.a(libc_a-lock.o)
 .bss           0x00000000        0x0 /work/toolchains_arm32/toolchains/armhf_eabi_14.2.rel1/arm-gnu-toolchain-14.2.rel1-x86_64-arm-none-eabi/bin/../lib/gcc/arm-none-eabi/14.2.1/../../../../arm-none-eabi/lib/thumb/v7e-m+fp/hard/libc.a(libc_a-lock.o)
 .text.__retarget_lock_init
                0x00000000        0x4 /work/toolchains_arm32/toolchains/armhf_eabi_14.2.rel1/arm-gnu-toolchain-14.2.rel1-x86_64-arm-none-eabi/bin/../lib/gcc/arm-none-eabi/14.2.1/../../../../arm-none-eabi/lib/thumb/v7e-m+fp/hard/libc.a(libc_a-lock.o)
 .text.__retarget_lock_init_recursive
                0x00000000        0x4 /work/toolchains_arm32/toolchains/armhf_eabi_14.2.rel1/arm-gnu-toolchain-14.2.rel1-x86_64-arm-none-eabi/bin/../lib/gcc/arm-none-eabi/14.2.1/../../../../arm-none-eabi/lib/thumb/v7e-m+fp/hard/libc.a(libc_a-lock.o)
 .text.__retarget_lock_close
                0x00000000        0x4 /work/toolchains_arm32/toolchains/armhf_eabi_14.2.rel1/arm-gnu-toolchain-14.2.rel1-x86_64-arm-none-eabi/bin/../lib/gcc/arm-none-eabi/14.2.1/../../../../arm-none-eabi/lib/thumb/v7e-m+fp/hard/libc.a(libc_a-lock.o)
 .text.__retarget_lock_close_recursive
                0x00000000        0x4 /work/toolchains_arm32/toolchains/armhf_eabi_14.2.rel1/arm-gnu-toolchain-14.2.rel1-x86_64-arm-none-eabi/bin/../lib/gcc/arm-none-eabi/14.2.1/../../../../arm-none-eabi/lib/thumb/v7e-m+fp/hard/libc.a(libc_a-lock.o)
 .text.__retarget_lock_acquire
                0x00000000        0x4 /work/toolchains_arm32/toolchains/armhf_eabi_14.2.rel1/arm-gnu-toolchain-14.2.rel1-x86_64-arm-none-eabi/bin/../lib/gcc/arm-none-eabi/14.2.1/../../../../arm-none-eabi/lib/thumb/v7e-m+fp/hard/libc.a(libc_a-lock.o)
 .text.__retarget_lock_acquire_recursive
                0x00000000        0x4 /work/toolchains_arm32/toolchains/armhf_eabi_14.2.rel1/arm-gnu-toolchain-14.2.rel1-x86_64-arm-none-eabi/bin/../lib/gcc/arm-none-eabi/14.2.1/../../../../arm-none-eabi/lib/thumb/v7e-m+fp/hard/libc.a(libc_a-lock.o)
 .text.__retarget_lock_try_acquire
                0x00000000        0x4 /work/toolchains_arm32/toolchains/armhf_eabi_14.2.rel1/arm-gnu-toolchain-14.2.rel1-x86_64-arm-none-eabi/bin/../lib/gcc/arm-none-eabi/14.2.1/../../../../arm-none-eabi/lib/thumb/v7e-m+fp/hard/libc.a(libc_a-lock.o)
 .text.__retarget_lock_try_acquire_recursive
                0x00000000        0x4 /work/toolchains_arm32/toolchains/armhf_eabi_14.2.rel1/arm-gnu-toolchain-14.2.rel1-x86_64-arm-none-eabi/bin/../lib/gcc/arm-none-eabi/14.2.1/../../../../arm-none-eabi/lib/thumb/v7e-m+fp/hard/libc.a(libc_a-lock.o)
 .text.__retarget_lock_release
                0x00000000        0x4 /work/toolchains_arm32/toolchains/armhf_eabi_14.2.rel1/arm-gnu-toolchain-14.2.rel1-x86_64-arm-none-eabi/bin/../lib/gcc/arm-none-eabi/14.2.1/../../../../arm-none-eabi/lib/thumb/v7e-m+fp/hard/libc.a(libc_a-lock.o)
 .text.__retarget_lock_release_recursive
                0x00000000        0x4 /work/toolchains_arm32/toolchains/armhf_eabi_14.2.rel1/arm-gnu-toolchain-14.2.rel1-x86_64-arm-none-eabi/bin/../lib/gcc/arm-none-eabi/14.2.1/../../../../arm-none-eabi/lib/thumb/v7e-m+fp/hard/libc.a(libc_a-lock.o)
 .bss.__lock___arc4random_mutex
                0x00000000        0x1 /work/toolchains_arm32/toolchains/armhf_eabi_14.2.rel1/arm-gnu-toolchain-14.2.rel1-x86_64-arm-none-eabi/bin/../lib/gcc/arm-none-eabi/14.2.1/../../../../arm-none-eabi/lib/thumb/v7e-m+fp/hard/libc.a(libc_a-lock.o)
 .bss.__lock___dd_hash_mutex
                0x00000000        0x1 /work/toolchains_arm32/toolchains/armhf_eabi_14.2.rel1/arm-gnu-toolchain-14.2.rel1-x86_64-arm-none-eabi/bin/../lib/gcc/arm-none-eabi/14.2.1/../../../../arm-none-eabi/lib/thumb/v7e-m+fp/hard/libc.a(libc_a-lock.o)
 .bss.__lock___tz_mutex
                0x00000000        0x1 /work/toolchains_arm32/toolchains/armhf_eabi_14.2.rel1/arm-gnu-toolchain-14.2.rel1-x86_64-arm-none-eabi/bin/../lib/gcc/arm-none-eabi/14.2.1/../../../../arm-none-eabi/lib/thumb/v7e-m+fp/hard/libc.a(libc_a-lock.o)
 .bss.__lock___env_recursive_mutex
                0x00000000        0x1 /work/toolchains_arm32/toolchains/armhf_eabi_14.2.rel1/arm-gnu-toolchain-14.2.rel1-x86_64-arm-none-eabi/bin/../lib/gcc/arm-none-eabi/14.2.1/../../../../arm-none-eabi/lib/thumb/v7e-m+fp/hard/libc.a(libc_a-lock.o)
 .bss.__lock___malloc_recursive_mutex
                0x00000000        0x1 /work/toolchains_arm32/toolchains/armhf_eabi_14.2.rel1/arm-gnu-toolchain-14.2.rel1-x86_64-arm-none-eabi/bin/../lib/gcc/arm-none-eabi/14.2.1/../../../../arm-none-eabi/lib/thumb/v7e-m+fp/hard/libc.a(libc_a-lock.o)
 .bss.__lock___at_quick_exit_mutex
                0x00000000        0x1 /work/toolchains_arm32/toolchains/armhf_eabi_14.2.rel1/arm-gnu-toolchain-14.2.rel1-x86_64-arm-none-eabi/bin/../lib/gcc/arm-none-eabi/14.2.1/../../../../arm-none-eabi/lib/thumb/v7e-m+fp/hard/libc.a(libc_a-lock.o)
 .bss.__lock___atexit_recursive_mutex
                0x00000000        0x1 /work/toolchains_arm32/toolchains/armhf_eabi_14.2.rel1/arm-gnu-toolchain-14.2.rel1-x86_64-arm-none-eabi/bin/../lib/gcc/arm-none-eabi/14.2.1/../../../../arm-none-eabi/lib/thumb/v7e-m+fp/hard/libc.a(libc_a-lock.o)
 .bss.__lock___sfp_recursive_mutex
                0x00000000        0x1 /work/toolchains_arm32/toolchains/armhf_eabi_14.2.rel1/arm-gnu-toolchain-14.2.rel1-x86_64-arm-none-eabi/bin/../lib/gcc/arm-none-eabi/14.2.1/../../../../arm-none-eabi/lib/thumb/v7e-m+fp/hard/libc.a(libc_a-lock.o)
 .debug_frame   0x00000000       0xb0 /work/toolchains_arm32/toolchains/armhf_eabi_14.2.rel1/arm-gnu-toolchain-14.2.rel1-x86_64-arm-none-eabi/bin/../lib/gcc/arm-none-eabi/14.2.1/../../../../arm-none-eabi/lib/thumb/v7e-m+fp/hard/libc.a(libc_a-lock.o)
 .ARM.attributes
                0x00000000       0x34 /work/toolchains_arm32/toolchains/armhf_eabi_14.2.rel1/arm-gnu-toolchain-14.2.rel1-x86_64-arm-none-eabi/bin/../lib/gcc/arm-none-eabi/14.2.1/../../../../arm-none-eabi/lib/thumb/v7e-m+fp/hard/libc.a(libc_a-lock.o)
 .text          0x00000000        0x0 /work/toolchains_arm32/toolchains/armhf_eabi_14.2.rel1/arm-gnu-toolchain-14.2.rel1-x86_64-arm-none-eabi/bin/../lib/gcc/arm-none-eabi/14.2.1/../../../../arm-none-eabi/lib/thumb/v7e-m+fp/hard/libc.a(libc_a-freer.o)
 .data          0x00000000        0x0 /work/toolchains_arm32/toolchains/armhf_eabi_14.2.rel1/arm-gnu-toolchain-14.2.rel1-x86_64-arm-none-eabi/bin/../lib/gcc/arm-none-eabi/14.2.1/../../../../arm-none-eabi/lib/thumb/v7e-m+fp/hard/libc.a(libc_a-freer.o)
 .bss           0x00000000        0x0 /work/toolchains_arm32/toolchains/armhf_eabi_14.2.rel1/arm-gnu-toolchain-14.2.rel1-x86_64-arm-none-eabi/bin/../lib/gcc/arm-none-eabi/14.2.1/../../../../arm-none-eabi/lib/thumb/v7e-m+fp/hard/libc.a(libc_a-freer.o)
 .text._malloc_trim_r
                0x00000000       0xb8 /work/toolchains_arm32/toolchains/armhf_eabi_14.2.rel1/arm-gnu-toolchain-14.2.rel1-x86_64-arm-none-eabi/bin/../lib/gcc/arm-none-eabi/14.2.1/../../../../arm-none-eabi/lib/thumb/v7e-m+fp/hard/libc.a(libc_a-freer.o)
 .text._free_r  0x00000000      0x1f0 /work/toolchains_arm32/toolchains/armhf_eabi_14.2.rel1/arm-gnu-toolchain-14.2.rel1-x86_64-arm-none-eabi/bin/../lib/gcc/arm-none-eabi/14.2.1/../../../../arm-none-eabi/lib/thumb/v7e-m+fp/hard/libc.a(libc_a-freer.o)
 .debug_frame   0x00000000       0x84 /work/toolchains_arm32/toolchains/armhf_eabi_14.2.rel1/arm-gnu-toolchain-14.2.rel1-x86_64-arm-none-eabi/bin/../lib/gcc/arm-none-eabi/14.2.1/../../../../arm-none-eabi/lib/thumb/v7e-m+fp/hard/libc.a(libc_a-freer.o)
 .ARM.attributes
                0x00000000       0x34 /work/toolchains_arm32/toolchains/armhf_eabi_14.2.rel1/arm-gnu-toolchain-14.2.rel1-x86_64-arm-none-eabi/bin/../lib/gcc/arm-none-eabi/14.2.1/../../../../arm-none-eabi/lib/thumb/v7e-m+fp/hard/libc.a(libc_a-freer.o)
 .text          0x00000000        0x0 /work/toolchains_arm32/toolchains/armhf_eabi_14.2.rel1/arm-gnu-toolchain-14.2.rel1-x86_64-arm-none-eabi/bin/../lib/gcc/arm-none-eabi/14.2.1/../../../../arm-none-eabi/lib/thumb/v7e-m+fp/hard/libc.a(libc_a-mallocr.o)
 .data          0x00000000        0x0 /work/toolchains_arm32/toolchains/armhf_eabi_14.2.rel1/arm-gnu-toolchain-14.2.rel1-x86_64-arm-none-eabi/bin/../lib/gcc/arm-none-eabi/14.2.1/../../../../arm-none-eabi/lib/thumb/v7e-m+fp/hard/libc.a(libc_a-mallocr.o)
 .bss           0x00000000        0x0 /work/toolchains_arm32/toolchains/armhf_eabi_14.2.rel1/arm-gnu-toolchain-14.2.rel1-x86_64-arm-none-eabi/bin/../lib/gcc/arm-none-eabi/14.2.1/../../../../arm-none-eabi/lib/thumb/v7e-m+fp/hard/libc.a(libc_a-mallocr.o)
 .text._malloc_r
                0x00000000      0x598 /work/toolchains_arm32/toolchains/armhf_eabi_14.2.rel1/arm-gnu-toolchain-14.2.rel1-x86_64-arm-none-eabi/bin/../lib/gcc/arm-none-eabi/14.2.1/../../../../arm-none-eabi/lib/thumb/v7e-m+fp/hard/libc.a(libc_a-mallocr.o)
 .bss.__malloc_current_mallinfo
                0x00000000       0x28 /work/toolchains_arm32/toolchains/armhf_eabi_14.2.rel1/arm-gnu-toolchain-14.2.rel1-x86_64-arm-none-eabi/bin/../lib/gcc/arm-none-eabi/14.2.1/../../../../arm-none-eabi/lib/thumb/v7e-m+fp/hard/libc.a(libc_a-mallocr.o)
 .bss.__malloc_max_total_mem
                0x00000000        0x4 /work/toolchains_arm32/toolchains/armhf_eabi_14.2.rel1/arm-gnu-toolchain-14.2.rel1-x86_64-arm-none-eabi/bin/../lib/gcc/arm-none-eabi/14.2.1/../../../../arm-none-eabi/lib/thumb/v7e-m+fp/hard/libc.a(libc_a-mallocr.o)
 .bss.__malloc_max_sbrked_mem
                0x00000000        0x4 /work/toolchains_arm32/toolchains/armhf_eabi_14.2.rel1/arm-gnu-toolchain-14.2.rel1-x86_64-arm-none-eabi/bin/../lib/gcc/arm-none-eabi/14.2.1/../../../../arm-none-eabi/lib/thumb/v7e-m+fp/hard/libc.a(libc_a-mallocr.o)
 .data.__malloc_sbrk_base
                0x00000000        0x4 /work/toolchains_arm32/toolchains/armhf_eabi_14.2.rel1/arm-gnu-toolchain-14.2.rel1-x86_64-arm-none-eabi/bin/../lib/gcc/arm-none-eabi/14.2.1/../../../../arm-none-eabi/lib/thumb/v7e-m+fp/hard/libc.a(libc_a-mallocr.o)
 .bss.__malloc_top_pad
                0x00000000        0x4 /work/toolchains_arm32/toolchains/armhf_eabi_14.2.rel1/arm-gnu-toolchain-14.2.rel1-x86_64-arm-none-eabi/bin/../lib/gcc/arm-none-eabi/14.2.1/../../../../arm-none-eabi/lib/thumb/v7e-m+fp/hard/libc.a(libc_a-mallocr.o)
 .data.__malloc_trim_threshold
                0x00000000        0x4 /work/toolchains_arm32/toolchains/armhf_eabi_14.2.rel1/arm-gnu-toolchain-14.2.rel1-x86_64-arm-none-eabi/bin/../lib/gcc/arm-none-eabi/14.2.1/../../../../arm-none-eabi/lib/thumb/v7e-m+fp/hard/libc.a(libc_a-mallocr.o)
 .data.__malloc_av_
                0x00000000      0x408 /work/toolchains_arm32/toolchains/armhf_eabi_14.2.rel1/arm-gnu-toolchain-14.2.rel1-x86_64-arm-none-eabi/bin/../lib/gcc/arm-none-eabi/14.2.1/../../../../arm-none-eabi/lib/thumb/v7e-m+fp/hard/libc.a(libc_a-mallocr.o)
 .debug_frame   0x00000000       0x4c /work/toolchains_arm32/toolchains/armhf_eabi_14.2.rel1/arm-gnu-toolchain-14.2.rel1-x86_64-arm-none-eabi/bin/../lib/gcc/arm-none-eabi/14.2.1/../../../../arm-none-eabi/lib/thumb/v7e-m+fp/hard/libc.a(libc_a-mallocr.o)
 .ARM.attributes
                0x00000000       0x34 /work/toolchains_arm32/toolchains/armhf_eabi_14.2.rel1/arm-gnu-toolchain-14.2.rel1-x86_64-arm-none-eabi/bin/../lib/gcc/arm-none-eabi/14.2.1/../../../../arm-none-eabi/lib/thumb/v7e-m+fp/hard/libc.a(libc_a-mallocr.o)
 .text          0x00000000        0x0 /work/toolchains_arm32/toolchains/armhf_eabi_14.2.rel1/arm-gnu-toolchain-14.2.rel1-x86_64-arm-none-eabi/bin/../lib/gcc/arm-none-eabi/14.2.1/../../../../arm-none-eabi/lib/thumb/v7e-m+fp/hard/libc.a(libc_a-mlock.o)
 .data          0x00000000        0x0 /work/toolchains_arm32/toolchains/armhf_eabi_14.2.rel1/arm-gnu-toolchain-14.2.rel1-x86_64-arm-none-eabi/bin/../lib/gcc/arm-none-eabi/14.2.1/../../../../arm-none-eabi/lib/thumb/v7e-m+fp/hard/libc.a(libc_a-mlock.o)
 .bss           0x00000000        0x0 /work/toolchains_arm32/toolchains/armhf_eabi_14.2.rel1/arm-gnu-toolchain-14.2.rel1-x86_64-arm-none-eabi/bin/../lib/gcc/arm-none-eabi/14.2.1/../../../../arm-none-eabi/lib/thumb/v7e-m+fp/hard/libc.a(libc_a-mlock.o)
 .text.__malloc_lock
                0x00000000        0xc /work/toolchains_arm32/toolchains/armhf_eabi_14.2.rel1/arm-gnu-toolchain-14.2.rel1-x86_64-arm-none-eabi/bin/../lib/gcc/arm-none-eabi/14.2.1/../../../../arm-none-eabi/lib/thumb/v7e-m+fp/hard/libc.a(libc_a-mlock.o)
 .text.__malloc_unlock
                0x00000000        0xc /work/toolchains_arm32/toolchains/armhf_eabi_14.2.rel1/arm-gnu-toolchain-14.2.rel1-x86_64-arm-none-eabi/bin/../lib/gcc/arm-none-eabi/14.2.1/../../../../arm-none-eabi/lib/thumb/v7e-m+fp/hard/libc.a(libc_a-mlock.o)
 .debug_frame   0x00000000       0x30 /work/toolchains_arm32/toolchains/armhf_eabi_14.2.rel1/arm-gnu-toolchain-14.2.rel1-x86_64-arm-none-eabi/bin/../lib/gcc/arm-none-eabi/14.2.1/../../../../arm-none-eabi/lib/thumb/v7e-m+fp/hard/libc.a(libc_a-mlock.o)
 .ARM.attributes
                0x00000000       0x34 /work/toolchains_arm32/toolchains/armhf_eabi_14.2.rel1/arm-gnu-toolchain-14.2.rel1-x86_64-arm-none-eabi/bin/../lib/gcc/arm-none-eabi/14.2.1/../../../../arm-none-eabi/lib/thumb/v7e-m+fp/hard/libc.a(libc_a-mlock.o)
 .text          0x00000000        0x0 /work/toolchains_arm32/toolchains/armhf_eabi_14.2.rel1/arm-gnu-toolchain-14.2.rel1-x86_64-arm-none-eabi/bin/../lib/gcc/arm-none-eabi/14.2.1/../../../../arm-none-eabi/lib/thumb/v7e-m+fp/hard/libc.a(libc_a-fclose.o)
 .data          0x00000000        0x0 /work/toolchains_arm32/toolchains/armhf_eabi_14.2.rel1/arm-gnu-toolchain-14.2.rel1-x86_64-arm-none-eabi/bin/../lib/gcc/arm-none-eabi/14.2.1/../../../../arm-none-eabi/lib/thumb/v7e-m+fp/hard/libc.a(libc_a-fclose.o)
 .bss           0x00000000        0x0 /work/toolchains_arm32/toolchains/armhf_eabi_14.2.rel1/arm-gnu-toolchain-14.2.rel1-x86_64-arm-none-eabi/bin/../lib/gcc/arm-none-eabi/14.2.1/../../../../arm-none-eabi/lib/thumb/v7e-m+fp/hard/libc.a(libc_a-fclose.o)
 .text._fclose_r
                0x00000000       0xc0 /work/toolchains_arm32/toolchains/armhf_eabi_14.2.rel1/arm-gnu-toolchain-14.2.rel1-x86_64-arm-none-eabi/bin/../lib/gcc/arm-none-eabi/14.2.1/../../../../arm-none-eabi/lib/thumb/v7e-m+fp/hard/libc.a(libc_a-fclose.o)
 .text.fclose   0x00000000       0x10 /work/toolchains_arm32/toolchains/armhf_eabi_14.2.rel1/arm-gnu-toolchain-14.2.rel1-x86_64-arm-none-eabi/bin/../lib/gcc/arm-none-eabi/14.2.1/../../../../arm-none-eabi/lib/thumb/v7e-m+fp/hard/libc.a(libc_a-fclose.o)
 .debug_frame   0x00000000       0x3c /work/toolchains_arm32/toolchains/armhf_eabi_14.2.rel1/arm-gnu-toolchain-14.2.rel1-x86_64-arm-none-eabi/bin/../lib/gcc/arm-none-eabi/14.2.1/../../../../arm-none-eabi/lib/thumb/v7e-m+fp/hard/libc.a(libc_a-fclose.o)
 .ARM.attributes
                0x00000000       0x34 /work/toolchains_arm32/toolchains/armhf_eabi_14.2.rel1/arm-gnu-toolchain-14.2.rel1-x86_64-arm-none-eabi/bin/../lib/gcc/arm-none-eabi/14.2.1/../../../../arm-none-eabi/lib/thumb/v7e-m+fp/hard/libc.a(libc_a-fclose.o)
 .text          0x00000000        0x0 /work/toolchains_arm32/toolchains/armhf_eabi_14.2.rel1/arm-gnu-toolchain-14.2.rel1-x86_64-arm-none-eabi/bin/../lib/gcc/arm-none-eabi/14.2.1/../../../../arm-none-eabi/lib/thumb/v7e-m+fp/hard/libc.a(libc_a-fflush.o)
 .data          0x00000000        0x0 /work/toolchains_arm32/toolchains/armhf_eabi_14.2.rel1/arm-gnu-toolchain-14.2.rel1-x86_64-arm-none-eabi/bin/../lib/gcc/arm-none-eabi/14.2.1/../../../../arm-none-eabi/lib/thumb/v7e-m+fp/hard/libc.a(libc_a-fflush.o)
 .bss           0x00000000        0x0 /work/toolchains_arm32/toolchains/armhf_eabi_14.2.rel1/arm-gnu-toolchain-14.2.rel1-x86_64-arm-none-eabi/bin/../lib/gcc/arm-none-eabi/14.2.1/../../../../arm-none-eabi/lib/thumb/v7e-m+fp/hard/libc.a(libc_a-fflush.o)
 .text.__sflush_r
                0x00000000      0x134 /work/toolchains_arm32/toolchains/armhf_eabi_14.2.rel1/arm-gnu-toolchain-14.2.rel1-x86_64-arm-none-eabi/bin/../lib/gcc/arm-none-eabi/14.2.1/../../../../arm-none-eabi/lib/thumb/v7e-m+fp/hard/libc.a(libc_a-fflush.o)
 .text._fflush_r
                0x00000000       0x54 /work/toolchains_arm32/toolchains/armhf_eabi_14.2.rel1/arm-gnu-toolchain-14.2.rel1-x86_64-arm-none-eabi/bin/../lib/gcc/arm-none-eabi/14.2.1/../../../../arm-none-eabi/lib/thumb/v7e-m+fp/hard/libc.a(libc_a-fflush.o)
 .text.fflush   0x00000000       0x74 /work/toolchains_arm32/toolchains/armhf_eabi_14.2.rel1/arm-gnu-toolchain-14.2.rel1-x86_64-arm-none-eabi/bin/../lib/gcc/arm-none-eabi/14.2.1/../../../../arm-none-eabi/lib/thumb/v7e-m+fp/hard/libc.a(libc_a-fflush.o)
 .debug_frame   0x00000000       0x70 /work/toolchains_arm32/toolchains/armhf_eabi_14.2.rel1/arm-gnu-toolchain-14.2.rel1-x86_64-arm-none-eabi/bin/../lib/gcc/arm-none-eabi/14.2.1/../../../../arm-none-eabi/lib/thumb/v7e-m+fp/hard/libc.a(libc_a-fflush.o)
 .ARM.attributes
                0x00000000       0x34 /work/toolchains_arm32/toolchains/armhf_eabi_14.2.rel1/arm-gnu-toolchain-14.2.rel1-x86_64-arm-none-eabi/bin/../lib/gcc/arm-none-eabi/14.2.1/../../../../arm-none-eabi/lib/thumb/v7e-m+fp/hard/libc.a(libc_a-fflush.o)
 .text          0x00000000        0x0 /work/toolchains_arm32/toolchains/armhf_eabi_14.2.rel1/arm-gnu-toolchain-14.2.rel1-x86_64-arm-none-eabi/bin/../lib/gcc/arm-none-eabi/14.2.1/../../../../arm-none-eabi/lib/thumb/v7e-m+fp/hard/libc.a(libc_a-sbrkr.o)
 .data          0x00000000        0x0 /work/toolchains_arm32/toolchains/armhf_eabi_14.2.rel1/arm-gnu-toolchain-14.2.rel1-x86_64-arm-none-eabi/bin/../lib/gcc/arm-none-eabi/14.2.1/../../../../arm-none-eabi/lib/thumb/v7e-m+fp/hard/libc.a(libc_a-sbrkr.o)
 .bss           0x00000000        0x0 /work/toolchains_arm32/toolchains/armhf_eabi_14.2.rel1/arm-gnu-toolchain-14.2.rel1-x86_64-arm-none-eabi/bin/../lib/gcc/arm-none-eabi/14.2.1/../../../../arm-none-eabi/lib/thumb/v7e-m+fp/hard/libc.a(libc_a-sbrkr.o)
 .text._sbrk_r  0x00000000       0x24 /work/toolchains_arm32/toolchains/armhf_eabi_14.2.rel1/arm-gnu-toolchain-14.2.rel1-x86_64-arm-none-eabi/bin/../lib/gcc/arm-none-eabi/14.2.1/../../../../arm-none-eabi/lib/thumb/v7e-m+fp/hard/libc.a(libc_a-sbrkr.o)
 .debug_frame   0x00000000       0x2c /work/toolchains_arm32/toolchains/armhf_eabi_14.2.rel1/arm-gnu-toolchain-14.2.rel1-x86_64-arm-none-eabi/bin/../lib/gcc/arm-none-eabi/14.2.1/../../../../arm-none-eabi/lib/thumb/v7e-m+fp/hard/libc.a(libc_a-sbrkr.o)
 .ARM.attributes
                0x00000000       0x34 /work/toolchains_arm32/toolchains/armhf_eabi_14.2.rel1/arm-gnu-toolchain-14.2.rel1-x86_64-arm-none-eabi/bin/../lib/gcc/arm-none-eabi/14.2.1/../../../../arm-none-eabi/lib/thumb/v7e-m+fp/hard/libc.a(libc_a-sbrkr.o)
 .text          0x00000000        0x0 /work/toolchains_arm32/toolchains/armhf_eabi_14.2.rel1/arm-gnu-toolchain-14.2.rel1-x86_64-arm-none-eabi/bin/../lib/gcc/arm-none-eabi/14.2.1/../../../../arm-none-eabi/lib/thumb/v7e-m+fp/hard/libc.a(libc_a-sysconf.o)
 .data          0x00000000        0x0 /work/toolchains_arm32/toolchains/armhf_eabi_14.2.rel1/arm-gnu-toolchain-14.2.rel1-x86_64-arm-none-eabi/bin/../lib/gcc/arm-none-eabi/14.2.1/../../../../arm-none-eabi/lib/thumb/v7e-m+fp/hard/libc.a(libc_a-sysconf.o)
 .bss           0x00000000        0x0 /work/toolchains_arm32/toolchains/armhf_eabi_14.2.rel1/arm-gnu-toolchain-14.2.rel1-x86_64-arm-none-eabi/bin/../lib/gcc/arm-none-eabi/14.2.1/../../../../arm-none-eabi/lib/thumb/v7e-m+fp/hard/libc.a(libc_a-sysconf.o)
 .text.sysconf  0x00000000       0x1c /work/toolchains_arm32/toolchains/armhf_eabi_14.2.rel1/arm-gnu-toolchain-14.2.rel1-x86_64-arm-none-eabi/bin/../lib/gcc/arm-none-eabi/14.2.1/../../../../arm-none-eabi/lib/thumb/v7e-m+fp/hard/libc.a(libc_a-sysconf.o)
 .debug_frame   0x00000000       0x28 /work/toolchains_arm32/toolchains/armhf_eabi_14.2.rel1/arm-gnu-toolchain-14.2.rel1-x86_64-arm-none-eabi/bin/../lib/gcc/arm-none-eabi/14.2.1/../../../../arm-none-eabi/lib/thumb/v7e-m+fp/hard/libc.a(libc_a-sysconf.o)
 .ARM.attributes
                0x00000000       0x34 /work/toolchains_arm32/toolchains/armhf_eabi_14.2.rel1/arm-gnu-toolchain-14.2.rel1-x86_64-arm-none-eabi/bin/../lib/gcc/arm-none-eabi/14.2.1/../../../../arm-none-eabi/lib/thumb/v7e-m+fp/hard/libc.a(libc_a-sysconf.o)

Memory Configuration

Name             Origin             Length             Attributes
CCMRAM           0x10000000         0x00010000         xrw
RAM              0x20000000         0x00030000         xrw
ROM              0x08000000         0x00200000         xr
*default*        0x00000000         0xffffffff

Linker script and memory map

LOAD CMakeFiles/STM32F429_HAL_CMake.elf.dir/Src/main.c.obj
LOAD CMakeFiles/STM32F429_HAL_CMake.elf.dir/Src/syscalls.c.obj
LOAD CMakeFiles/STM32F429_HAL_CMake.elf.dir/Inc/system_stm32f4xx.c.obj
LOAD CMakeFiles/STM32F429_HAL_CMake.elf.dir/startup/startup_stm32f429zitx.s.obj
                0x20030000                        _estack = (ORIGIN (RAM) + LENGTH (RAM))
                0x00000200                        _Min_Heap_Size = 0x200
                0x00000400                        _Min_Stack_Size = 0x400

.isr_vector     0x08000000      0x1ac
                0x08000000                        . = ALIGN (0x4)
 *(.isr_vector)
 .isr_vector    0x08000000      0x1ac CMakeFiles/STM32F429_HAL_CMake.elf.dir/startup/startup_stm32f429zitx.s.obj
                0x08000000                g_pfnVectors
                0x080001ac                        . = ALIGN (0x4)

.text           0x080001ac      0x238
                0x080001ac                        . = ALIGN (0x4)
 *(.text)
 .text          0x080001ac       0x24 CMakeFiles/STM32F429_HAL_CMake.elf.dir/Src/main.c.obj
                0x080001ac                main
 .text          0x080001d0      0x170 CMakeFiles/STM32F429_HAL_CMake.elf.dir/Inc/system_stm32f4xx.c.obj
                0x080001d0                SystemInit
                0x0800023c                SystemCoreClockUpdate
 *(.text*)
 .text.Reset_Handler
                0x08000340       0x50 CMakeFiles/STM32F429_HAL_CMake.elf.dir/startup/startup_stm32f429zitx.s.obj
                0x08000340                Reset_Handler
 .text.Default_Handler
                0x08000390        0x2 CMakeFiles/STM32F429_HAL_CMake.elf.dir/startup/startup_stm32f429zitx.s.obj
                0x08000390                RTC_Alarm_IRQHandler
                0x08000390                HASH_RNG_IRQHandler
                0x08000390                EXTI2_IRQHandler
                0x08000390                TIM8_CC_IRQHandler
                0x08000390                DebugMon_Handler
                0x08000390                UART8_IRQHandler
                0x08000390                SPI4_IRQHandler
                0x08000390                TIM1_CC_IRQHandler
                0x08000390                DMA2_Stream5_IRQHandler
                0x08000390                HardFault_Handler
                0x08000390                DMA1_Stream5_IRQHandler
                0x08000390                SysTick_Handler
                0x08000390                PVD_IRQHandler
                0x08000390                SDIO_IRQHandler
                0x08000390                TAMP_STAMP_IRQHandler
                0x08000390                PendSV_Handler
                0x08000390                NMI_Handler
                0x08000390                CAN2_RX1_IRQHandler
                0x08000390                EXTI3_IRQHandler
                0x08000390                TIM8_TRG_COM_TIM14_IRQHandler
                0x08000390                TIM1_UP_TIM10_IRQHandler
                0x08000390                TIM8_UP_TIM13_IRQHandler
                0x08000390                I2C3_ER_IRQHandler
                0x08000390                EXTI0_IRQHandler
                0x08000390                I2C2_EV_IRQHandler
                0x08000390                DMA1_Stream2_IRQHandler
                0x08000390                CAN1_RX0_IRQHandler
                0x08000390                FPU_IRQHandler
                0x08000390                OTG_HS_WKUP_IRQHandler
                0x08000390                UsageFault_Handler
                0x08000390                LTDC_ER_IRQHandler
                0x08000390                CAN2_SCE_IRQHandler
                0x08000390                DMA2_Stream2_IRQHandler
                0x08000390                SPI1_IRQHandler
                0x08000390                TIM6_DAC_IRQHandler
                0x08000390                TIM1_BRK_TIM9_IRQHandler
                0x08000390                DCMI_IRQHandler
                0x08000390                CAN2_RX0_IRQHandler
                0x08000390                DMA2_Stream3_IRQHandler
                0x08000390                USART6_IRQHandler
                0x08000390                USART3_IRQHandler
                0x08000390                CAN1_RX1_IRQHandler
                0x08000390                UART5_IRQHandler
                0x08000390                DMA2_Stream0_IRQHandler
                0x08000390                TIM4_IRQHandler
                0x08000390                I2C1_EV_IRQHandler
                0x08000390                DMA1_Stream6_IRQHandler
                0x08000390                DMA1_Stream1_IRQHandler
                0x08000390                UART4_IRQHandler
                0x08000390                TIM3_IRQHandler
                0x08000390                RCC_IRQHandler
                0x08000390                TIM8_BRK_TIM12_IRQHandler
                0x08000390                Default_Handler
                0x08000390                EXTI15_10_IRQHandler
                0x08000390                ADC_IRQHandler
                0x08000390                DMA1_Stream7_IRQHandler
                0x08000390                SPI5_IRQHandler
                0x08000390                TIM7_IRQHandler
                0x08000390                CAN2_TX_IRQHandler
                0x08000390                TIM5_IRQHandler
                0x08000390                DMA2_Stream7_IRQHandler
                0x08000390                I2C3_EV_IRQHandler
                0x08000390                EXTI9_5_IRQHandler
                0x08000390                RTC_WKUP_IRQHandler
                0x08000390                LTDC_IRQHandler
                0x08000390                ETH_WKUP_IRQHandler
                0x08000390                SPI2_IRQHandler
                0x08000390                OTG_HS_EP1_IN_IRQHandler
                0x08000390                MemManage_Handler
                0x08000390                DMA1_Stream0_IRQHandler
                0x08000390                CAN1_TX_IRQHandler
                0x08000390                SVC_Handler
                0x08000390                EXTI4_IRQHandler
                0x08000390                ETH_IRQHandler
                0x08000390                OTG_HS_EP1_OUT_IRQHandler
                0x08000390                WWDG_IRQHandler
                0x08000390                SPI6_IRQHandler
                0x08000390                TIM2_IRQHandler
                0x08000390                OTG_FS_WKUP_IRQHandler
                0x08000390                TIM1_TRG_COM_TIM11_IRQHandler
                0x08000390                OTG_HS_IRQHandler
                0x08000390                DMA2D_IRQHandler
                0x08000390                EXTI1_IRQHandler
                0x08000390                UART7_IRQHandler
                0x08000390                USART2_IRQHandler
                0x08000390                I2C2_ER_IRQHandler
                0x08000390                DMA2_Stream1_IRQHandler
                0x08000390                CAN1_SCE_IRQHandler
                0x08000390                FLASH_IRQHandler
                0x08000390                DMA2_Stream4_IRQHandler
                0x08000390                BusFault_Handler
                0x08000390                USART1_IRQHandler
                0x08000390                OTG_FS_IRQHandler
                0x08000390                SPI3_IRQHandler
                0x08000390                DMA1_Stream4_IRQHandler
                0x08000390                I2C1_ER_IRQHandler
                0x08000390                FMC_IRQHandler
                0x08000390                DMA2_Stream6_IRQHandler
                0x08000390                SAI1_IRQHandler
                0x08000390                DMA1_Stream3_IRQHandler
 *fill*         0x08000392        0x2 
 .text.__libc_init_array
                0x08000394       0x50 /work/toolchains_arm32/toolchains/armhf_eabi_14.2.rel1/arm-gnu-toolchain-14.2.rel1-x86_64-arm-none-eabi/bin/../lib/gcc/arm-none-eabi/14.2.1/../../../../arm-none-eabi/lib/thumb/v7e-m+fp/hard/libc.a(libc_a-init.o)
                0x08000394                __libc_init_array
 *(.glue_7)
 .glue_7        0x080003e4        0x0 linker stubs
 *(.glue_7t)
 .glue_7t       0x080003e4        0x0 linker stubs
 *(.eh_frame)
 *(.init)
 *(.fini)
                0x080003e4                        . = ALIGN (0x4)
                0x080003e4                        _etext = .

.vfp11_veneer   0x080003e4        0x0
 .vfp11_veneer  0x080003e4        0x0 linker stubs

.v4_bx          0x080003e4        0x0
 .v4_bx         0x080003e4        0x0 linker stubs

.iplt           0x080003e4        0x0
 .iplt          0x080003e4        0x0 CMakeFiles/STM32F429_HAL_CMake.elf.dir/Src/main.c.obj

.rodata         0x080003e4       0x24
                0x080003e4                        . = ALIGN (0x4)
 *(.rodata)
 .rodata        0x080003e4       0x13 CMakeFiles/STM32F429_HAL_CMake.elf.dir/Src/main.c.obj
 *fill*         0x080003f7        0x1 
 .rodata        0x080003f8       0x10 CMakeFiles/STM32F429_HAL_CMake.elf.dir/Inc/system_stm32f4xx.c.obj
                0x080003f8                AHBPrescTable
 *(.rodata*)
                0x08000408                        . = ALIGN (0x4)

.rel.dyn        0x08000408        0x0
 .rel.iplt      0x08000408        0x0 CMakeFiles/STM32F429_HAL_CMake.elf.dir/Src/main.c.obj

.ARM.extab      0x08000408        0x0
                0x08000408                        . = ALIGN (0x4)
 *(.ARM.extab* .gnu.linkonce.armextab.*)
                0x08000408                        . = ALIGN (0x4)

.ARM            0x08000408        0x0
                0x08000408                        . = ALIGN (0x4)
                0x08000408                        __exidx_start = .
 *(.ARM.exidx*)
                0x08000408                        __exidx_end = .
                0x08000408                        . = ALIGN (0x4)

.preinit_array  0x08000408        0x0
                0x08000408                        . = ALIGN (0x4)
                0x08000408                        PROVIDE (__preinit_array_start = .)
 *(.preinit_array*)
                0x08000408                        PROVIDE (__preinit_array_end = .)
                0x08000408                        . = ALIGN (0x4)

.init_array     0x08000408        0x0
                0x08000408                        . = ALIGN (0x4)
                0x08000408                        PROVIDE (__init_array_start = .)
 *(SORT_BY_NAME(.init_array.*))
 *(.init_array*)
                0x08000408                        PROVIDE (__init_array_end = .)
                0x08000408                        . = ALIGN (0x4)

.fini_array     0x08000408        0x0
                0x08000408                        . = ALIGN (0x4)
                [!provide]                        PROVIDE (__fini_array_start = .)
 *(SORT_BY_NAME(.fini_array.*))
 *(.fini_array*)
                [!provide]                        PROVIDE (__fini_array_end = .)
                0x08000408                        . = ALIGN (0x4)
                0x08000408                        _sidata = LOADADDR (.data)

.data           0x20000000        0x4 load address 0x08000408
                0x20000000                        . = ALIGN (0x4)
                0x20000000                        _sdata = .
 *(.data)
 .data          0x20000000        0x4 CMakeFiles/STM32F429_HAL_CMake.elf.dir/Inc/system_stm32f4xx.c.obj
                0x20000000                SystemCoreClock
 *(.data*)
 *(.RamFunc)
 *(.RamFunc*)
                0x20000004                        . = ALIGN (0x4)
                0x20000004                        _edata = .
                0x0800040c                        _siccmram = LOADADDR (.ccmram)

.igot.plt       0x20000004        0x0 load address 0x0800040c
 .igot.plt      0x20000004        0x0 CMakeFiles/STM32F429_HAL_CMake.elf.dir/Src/main.c.obj

.ccmram         0x10000000        0x0 load address 0x0800040c
                0x10000000                        . = ALIGN (0x4)
                0x10000000                        _sccmram = .
 *(.ccmram)
 *(.ccmram*)
                0x10000000                        . = ALIGN (0x4)
                0x10000000                        _eccmram = .
                0x10000000                        . = ALIGN (0x4)

.bss            0x20000004        0x0
                0x20000004                        _sbss = .
                0x20000004                        __bss_start__ = _sbss
 *(.bss)
 *(.bss*)
 *(COMMON)
                0x20000004                        . = ALIGN (0x4)
                0x20000004                        _ebss = .
                0x20000004                        __bss_end__ = _ebss

._user_heap_stack
                0x20000004      0x604
                0x20000008                        . = ALIGN (0x8)
 *fill*         0x20000004        0x4 
                [!provide]                        PROVIDE (end = .)
                0x20000008                        PROVIDE (_end = .)
                0x20000208                        . = (. + _Min_Heap_Size)
 *fill*         0x20000008      0x200 
                0x20000608                        . = (. + _Min_Stack_Size)
 *fill*         0x20000208      0x400 
                0x20000608                        . = ALIGN (0x8)

/DISCARD/
 libc.a(*)
 libm.a(*)
 libgcc.a(*)

.ARM.attributes
                0x00000000       0x32
 *(.ARM.attributes)
 .ARM.attributes
                0x00000000       0x34 CMakeFiles/STM32F429_HAL_CMake.elf.dir/Src/main.c.obj
 .ARM.attributes
                0x00000034       0x34 CMakeFiles/STM32F429_HAL_CMake.elf.dir/Inc/system_stm32f4xx.c.obj
 .ARM.attributes
                0x00000068       0x21 CMakeFiles/STM32F429_HAL_CMake.elf.dir/startup/startup_stm32f429zitx.s.obj
OUTPUT(STM32F429_HAL_CMake.elf elf32-littlearm)
LOAD linker stubs
LOAD /work/toolchains_arm32/toolchains/armhf_eabi_14.2.rel1/arm-gnu-toolchain-14.2.rel1-x86_64-arm-none-eabi/bin/../lib/gcc/arm-none-eabi/14.2.1/../../../../arm-none-eabi/lib/thumb/v7e-m+fp/hard/libc.a
LOAD /work/toolchains_arm32/toolchains/armhf_eabi_14.2.rel1/arm-gnu-toolchain-14.2.rel1-x86_64-arm-none-eabi/bin/../lib/gcc/arm-none-eabi/14.2.1/../../../../arm-none-eabi/lib/thumb/v7e-m+fp/hard/libm.a
LOAD /work/toolchains_arm32/toolchains/armhf_eabi_14.2.rel1/arm-gnu-toolchain-14.2.rel1-x86_64-arm-none-eabi/bin/../lib/gcc/arm-none-eabi/14.2.1/thumb/v7e-m+fp/hard/libgcc.a

.debug_info     0x00000000      0x5be
 .debug_info    0x00000000       0xb1 CMakeFiles/STM32F429_HAL_CMake.elf.dir/Src/main.c.obj
 .debug_info    0x000000b1      0x4dd CMakeFiles/STM32F429_HAL_CMake.elf.dir/Inc/system_stm32f4xx.c.obj
 .debug_info    0x0000058e       0x30 CMakeFiles/STM32F429_HAL_CMake.elf.dir/startup/startup_stm32f429zitx.s.obj

.debug_abbrev   0x00000000      0x1b6
 .debug_abbrev  0x00000000       0x68 CMakeFiles/STM32F429_HAL_CMake.elf.dir/Src/main.c.obj
 .debug_abbrev  0x00000068      0x12a CMakeFiles/STM32F429_HAL_CMake.elf.dir/Inc/system_stm32f4xx.c.obj
 .debug_abbrev  0x00000192       0x24 CMakeFiles/STM32F429_HAL_CMake.elf.dir/startup/startup_stm32f429zitx.s.obj

.debug_aranges  0x00000000       0x68
 .debug_aranges
                0x00000000       0x20 CMakeFiles/STM32F429_HAL_CMake.elf.dir/Src/main.c.obj
 .debug_aranges
                0x00000020       0x20 CMakeFiles/STM32F429_HAL_CMake.elf.dir/Inc/system_stm32f4xx.c.obj
 .debug_aranges
                0x00000040       0x28 CMakeFiles/STM32F429_HAL_CMake.elf.dir/startup/startup_stm32f429zitx.s.obj

.debug_line     0x00000000      0x2fd
 .debug_line    0x00000000       0x62 CMakeFiles/STM32F429_HAL_CMake.elf.dir/Src/main.c.obj
 .debug_line    0x00000062      0x221 CMakeFiles/STM32F429_HAL_CMake.elf.dir/Inc/system_stm32f4xx.c.obj
 .debug_line    0x00000283       0x7a CMakeFiles/STM32F429_HAL_CMake.elf.dir/startup/startup_stm32f429zitx.s.obj

.debug_str      0x00000000      0x395
 .debug_str     0x00000000      0x395 CMakeFiles/STM32F429_HAL_CMake.elf.dir/Src/main.c.obj
                                0x172 (size before relaxing)
 .debug_str     0x00000395      0x336 CMakeFiles/STM32F429_HAL_CMake.elf.dir/Inc/system_stm32f4xx.c.obj
 .debug_str     0x00000395       0x82 CMakeFiles/STM32F429_HAL_CMake.elf.dir/startup/startup_stm32f429zitx.s.obj

.comment        0x00000000       0x45
 .comment       0x00000000       0x45 CMakeFiles/STM32F429_HAL_CMake.elf.dir/Src/main.c.obj
                                 0x46 (size before relaxing)
 .comment       0x00000045       0x46 CMakeFiles/STM32F429_HAL_CMake.elf.dir/Inc/system_stm32f4xx.c.obj

.debug_frame    0x00000000       0x88
 .debug_frame   0x00000000       0x30 CMakeFiles/STM32F429_HAL_CMake.elf.dir/Src/main.c.obj
 .debug_frame   0x00000030       0x58 CMakeFiles/STM32F429_HAL_CMake.elf.dir/Inc/system_stm32f4xx.c.obj

.debug_line_str
                0x00000000       0x66
 .debug_line_str
                0x00000000       0x66 CMakeFiles/STM32F429_HAL_CMake.elf.dir/startup/startup_stm32f429zitx.s.obj

.debug_rnglists
                0x00000000       0x19
 .debug_rnglists
                0x00000000       0x19 CMakeFiles/STM32F429_HAL_CMake.elf.dir/startup/startup_stm32f429zitx.s.obj
