Archive member included to satisfy reference by file (symbol)

/work/toolchains_arm32/toolchains/armhf_eabi_14.2.rel1/arm-gnu-toolchain-14.2.rel1-x86_64-arm-none-eabi/bin/../lib/gcc/arm-none-eabi/14.2.1/../../../../arm-none-eabi/lib/thumb/v7e-m+fp/hard/libc.a(libc_a-exit.o)
                              /work/toolchains_arm32/toolchains/armhf_eabi_14.2.rel1/arm-gnu-toolchain-14.2.rel1-x86_64-arm-none-eabi/bin/../lib/gcc/arm-none-eabi/14.2.1/../../../../arm-none-eabi/lib/thumb/v7e-m+fp/hard/crt0.o (exit)
/work/toolchains_arm32/toolchains/armhf_eabi_14.2.rel1/arm-gnu-toolchain-14.2.rel1-x86_64-arm-none-eabi/bin/../lib/gcc/arm-none-eabi/14.2.1/../../../../arm-none-eabi/lib/thumb/v7e-m+fp/hard/libc.a(libc_a-findfp.o)
                              /work/toolchains_arm32/toolchains/armhf_eabi_14.2.rel1/arm-gnu-toolchain-14.2.rel1-x86_64-arm-none-eabi/bin/../lib/gcc/arm-none-eabi/14.2.1/../../../../arm-none-eabi/lib/thumb/v7e-m+fp/hard/libc.a(libc_a-exit.o) (__stdio_exit_handler)
/work/toolchains_arm32/toolchains/armhf_eabi_14.2.rel1/arm-gnu-toolchain-14.2.rel1-x86_64-arm-none-eabi/bin/../lib/gcc/arm-none-eabi/14.2.1/../../../../arm-none-eabi/lib/thumb/v7e-m+fp/hard/libc.a(libc_a-fwalk.o)
                              /work/toolchains_arm32/toolchains/armhf_eabi_14.2.rel1/arm-gnu-toolchain-14.2.rel1-x86_64-arm-none-eabi/bin/../lib/gcc/arm-none-eabi/14.2.1/../../../../arm-none-eabi/lib/thumb/v7e-m+fp/hard/libc.a(libc_a-findfp.o) (_fwalk_sglue)
/work/toolchains_arm32/toolchains/armhf_eabi_14.2.rel1/arm-gnu-toolchain-14.2.rel1-x86_64-arm-none-eabi/bin/../lib/gcc/arm-none-eabi/14.2.1/../../../../arm-none-eabi/lib/thumb/v7e-m+fp/hard/libc.a(libc_a-stdio.o)
                              /work/toolchains_arm32/toolchains/armhf_eabi_14.2.rel1/arm-gnu-toolchain-14.2.rel1-x86_64-arm-none-eabi/bin/../lib/gcc/arm-none-eabi/14.2.1/../../../../arm-none-eabi/lib/thumb/v7e-m+fp/hard/libc.a(libc_a-findfp.o) (__sread)
/work/toolchains_arm32/toolchains/armhf_eabi_14.2.rel1/arm-gnu-toolchain-14.2.rel1-x86_64-arm-none-eabi/bin/../lib/gcc/arm-none-eabi/14.2.1/../../../../arm-none-eabi/lib/thumb/v7e-m+fp/hard/libc.a(libc_a-memset.o)
                              /work/toolchains_arm32/toolchains/armhf_eabi_14.2.rel1/arm-gnu-toolchain-14.2.rel1-x86_64-arm-none-eabi/bin/../lib/gcc/arm-none-eabi/14.2.1/../../../../arm-none-eabi/lib/thumb/v7e-m+fp/hard/crt0.o (memset)
/work/toolchains_arm32/toolchains/armhf_eabi_14.2.rel1/arm-gnu-toolchain-14.2.rel1-x86_64-arm-none-eabi/bin/../lib/gcc/arm-none-eabi/14.2.1/../../../../arm-none-eabi/lib/thumb/v7e-m+fp/hard/libc.a(libc_a-closer.o)
                              /work/toolchains_arm32/toolchains/armhf_eabi_14.2.rel1/arm-gnu-toolchain-14.2.rel1-x86_64-arm-none-eabi/bin/../lib/gcc/arm-none-eabi/14.2.1/../../../../arm-none-eabi/lib/thumb/v7e-m+fp/hard/libc.a(libc_a-stdio.o) (_close_r)
/work/toolchains_arm32/toolchains/armhf_eabi_14.2.rel1/arm-gnu-toolchain-14.2.rel1-x86_64-arm-none-eabi/bin/../lib/gcc/arm-none-eabi/14.2.1/../../../../arm-none-eabi/lib/thumb/v7e-m+fp/hard/libc.a(libc_a-reent.o)
                              /work/toolchains_arm32/toolchains/armhf_eabi_14.2.rel1/arm-gnu-toolchain-14.2.rel1-x86_64-arm-none-eabi/bin/../lib/gcc/arm-none-eabi/14.2.1/../../../../arm-none-eabi/lib/thumb/v7e-m+fp/hard/libc.a(libc_a-closer.o) (errno)
/work/toolchains_arm32/toolchains/armhf_eabi_14.2.rel1/arm-gnu-toolchain-14.2.rel1-x86_64-arm-none-eabi/bin/../lib/gcc/arm-none-eabi/14.2.1/../../../../arm-none-eabi/lib/thumb/v7e-m+fp/hard/libc.a(libc_a-impure.o)
                              /work/toolchains_arm32/toolchains/armhf_eabi_14.2.rel1/arm-gnu-toolchain-14.2.rel1-x86_64-arm-none-eabi/bin/../lib/gcc/arm-none-eabi/14.2.1/../../../../arm-none-eabi/lib/thumb/v7e-m+fp/hard/libc.a(libc_a-reent.o) (_impure_ptr)
/work/toolchains_arm32/toolchains/armhf_eabi_14.2.rel1/arm-gnu-toolchain-14.2.rel1-x86_64-arm-none-eabi/bin/../lib/gcc/arm-none-eabi/14.2.1/../../../../arm-none-eabi/lib/thumb/v7e-m+fp/hard/libc.a(libc_a-lseekr.o)
                              /work/toolchains_arm32/toolchains/armhf_eabi_14.2.rel1/arm-gnu-toolchain-14.2.rel1-x86_64-arm-none-eabi/bin/../lib/gcc/arm-none-eabi/14.2.1/../../../../arm-none-eabi/lib/thumb/v7e-m+fp/hard/libc.a(libc_a-stdio.o) (_lseek_r)
/work/toolchains_arm32/toolchains/armhf_eabi_14.2.rel1/arm-gnu-toolchain-14.2.rel1-x86_64-arm-none-eabi/bin/../lib/gcc/arm-none-eabi/14.2.1/../../../../arm-none-eabi/lib/thumb/v7e-m+fp/hard/libc.a(libc_a-readr.o)
                              /work/toolchains_arm32/toolchains/armhf_eabi_14.2.rel1/arm-gnu-toolchain-14.2.rel1-x86_64-arm-none-eabi/bin/../lib/gcc/arm-none-eabi/14.2.1/../../../../arm-none-eabi/lib/thumb/v7e-m+fp/hard/libc.a(libc_a-stdio.o) (_read_r)
/work/toolchains_arm32/toolchains/armhf_eabi_14.2.rel1/arm-gnu-toolchain-14.2.rel1-x86_64-arm-none-eabi/bin/../lib/gcc/arm-none-eabi/14.2.1/../../../../arm-none-eabi/lib/thumb/v7e-m+fp/hard/libc.a(libc_a-writer.o)
                              /work/toolchains_arm32/toolchains/armhf_eabi_14.2.rel1/arm-gnu-toolchain-14.2.rel1-x86_64-arm-none-eabi/bin/../lib/gcc/arm-none-eabi/14.2.1/../../../../arm-none-eabi/lib/thumb/v7e-m+fp/hard/libc.a(libc_a-stdio.o) (_write_r)
/work/toolchains_arm32/toolchains/armhf_eabi_14.2.rel1/arm-gnu-toolchain-14.2.rel1-x86_64-arm-none-eabi/bin/../lib/gcc/arm-none-eabi/14.2.1/../../../../arm-none-eabi/lib/thumb/v7e-m+fp/hard/libc.a(libc_a-errno.o)
                              Src/syscalls.o (__errno)
/work/toolchains_arm32/toolchains/armhf_eabi_14.2.rel1/arm-gnu-toolchain-14.2.rel1-x86_64-arm-none-eabi/bin/../lib/gcc/arm-none-eabi/14.2.1/../../../../arm-none-eabi/lib/thumb/v7e-m+fp/hard/libc.a(libc_a-init.o)
                              /work/toolchains_arm32/toolchains/armhf_eabi_14.2.rel1/arm-gnu-toolchain-14.2.rel1-x86_64-arm-none-eabi/bin/../lib/gcc/arm-none-eabi/14.2.1/../../../../arm-none-eabi/lib/thumb/v7e-m+fp/hard/crt0.o (__libc_init_array)
/work/toolchains_arm32/toolchains/armhf_eabi_14.2.rel1/arm-gnu-toolchain-14.2.rel1-x86_64-arm-none-eabi/bin/../lib/gcc/arm-none-eabi/14.2.1/../../../../arm-none-eabi/lib/thumb/v7e-m+fp/hard/libc.a(libc_a-lock.o)
                              /work/toolchains_arm32/toolchains/armhf_eabi_14.2.rel1/arm-gnu-toolchain-14.2.rel1-x86_64-arm-none-eabi/bin/../lib/gcc/arm-none-eabi/14.2.1/../../../../arm-none-eabi/lib/thumb/v7e-m+fp/hard/libc.a(libc_a-findfp.o) (__retarget_lock_init_recursive)
/work/toolchains_arm32/toolchains/armhf_eabi_14.2.rel1/arm-gnu-toolchain-14.2.rel1-x86_64-arm-none-eabi/bin/../lib/gcc/arm-none-eabi/14.2.1/../../../../arm-none-eabi/lib/thumb/v7e-m+fp/hard/libc.a(libc_a-__call_atexit.o)
                              /work/toolchains_arm32/toolchains/armhf_eabi_14.2.rel1/arm-gnu-toolchain-14.2.rel1-x86_64-arm-none-eabi/bin/../lib/gcc/arm-none-eabi/14.2.1/../../../../arm-none-eabi/lib/thumb/v7e-m+fp/hard/libc.a(libc_a-exit.o) (__call_exitprocs)
/work/toolchains_arm32/toolchains/armhf_eabi_14.2.rel1/arm-gnu-toolchain-14.2.rel1-x86_64-arm-none-eabi/bin/../lib/gcc/arm-none-eabi/14.2.1/../../../../arm-none-eabi/lib/thumb/v7e-m+fp/hard/libc.a(libc_a-atexit.o)
                              /work/toolchains_arm32/toolchains/armhf_eabi_14.2.rel1/arm-gnu-toolchain-14.2.rel1-x86_64-arm-none-eabi/bin/../lib/gcc/arm-none-eabi/14.2.1/../../../../arm-none-eabi/lib/thumb/v7e-m+fp/hard/libc.a(libc_a-__call_atexit.o) (atexit)
/work/toolchains_arm32/toolchains/armhf_eabi_14.2.rel1/arm-gnu-toolchain-14.2.rel1-x86_64-arm-none-eabi/bin/../lib/gcc/arm-none-eabi/14.2.1/../../../../arm-none-eabi/lib/thumb/v7e-m+fp/hard/libc.a(libc_a-freer.o)
                              /work/toolchains_arm32/toolchains/armhf_eabi_14.2.rel1/arm-gnu-toolchain-14.2.rel1-x86_64-arm-none-eabi/bin/../lib/gcc/arm-none-eabi/14.2.1/../../../../arm-none-eabi/lib/thumb/v7e-m+fp/hard/libc.a(libc_a-reent.o) (_free_r)
/work/toolchains_arm32/toolchains/armhf_eabi_14.2.rel1/arm-gnu-toolchain-14.2.rel1-x86_64-arm-none-eabi/bin/../lib/gcc/arm-none-eabi/14.2.1/../../../../arm-none-eabi/lib/thumb/v7e-m+fp/hard/libc.a(libc_a-mallocr.o)
                              /work/toolchains_arm32/toolchains/armhf_eabi_14.2.rel1/arm-gnu-toolchain-14.2.rel1-x86_64-arm-none-eabi/bin/../lib/gcc/arm-none-eabi/14.2.1/../../../../arm-none-eabi/lib/thumb/v7e-m+fp/hard/libc.a(libc_a-findfp.o) (_malloc_r)
/work/toolchains_arm32/toolchains/armhf_eabi_14.2.rel1/arm-gnu-toolchain-14.2.rel1-x86_64-arm-none-eabi/bin/../lib/gcc/arm-none-eabi/14.2.1/../../../../arm-none-eabi/lib/thumb/v7e-m+fp/hard/libc.a(libc_a-mlock.o)
                              /work/toolchains_arm32/toolchains/armhf_eabi_14.2.rel1/arm-gnu-toolchain-14.2.rel1-x86_64-arm-none-eabi/bin/../lib/gcc/arm-none-eabi/14.2.1/../../../../arm-none-eabi/lib/thumb/v7e-m+fp/hard/libc.a(libc_a-freer.o) (__malloc_lock)
/work/toolchains_arm32/toolchains/armhf_eabi_14.2.rel1/arm-gnu-toolchain-14.2.rel1-x86_64-arm-none-eabi/bin/../lib/gcc/arm-none-eabi/14.2.1/../../../../arm-none-eabi/lib/thumb/v7e-m+fp/hard/libc.a(libc_a-fclose.o)
                              /work/toolchains_arm32/toolchains/armhf_eabi_14.2.rel1/arm-gnu-toolchain-14.2.rel1-x86_64-arm-none-eabi/bin/../lib/gcc/arm-none-eabi/14.2.1/../../../../arm-none-eabi/lib/thumb/v7e-m+fp/hard/libc.a(libc_a-findfp.o) (_fclose_r)
/work/toolchains_arm32/toolchains/armhf_eabi_14.2.rel1/arm-gnu-toolchain-14.2.rel1-x86_64-arm-none-eabi/bin/../lib/gcc/arm-none-eabi/14.2.1/../../../../arm-none-eabi/lib/thumb/v7e-m+fp/hard/libc.a(libc_a-fflush.o)
                              /work/toolchains_arm32/toolchains/armhf_eabi_14.2.rel1/arm-gnu-toolchain-14.2.rel1-x86_64-arm-none-eabi/bin/../lib/gcc/arm-none-eabi/14.2.1/../../../../arm-none-eabi/lib/thumb/v7e-m+fp/hard/libc.a(libc_a-fclose.o) (__sflush_r)
/work/toolchains_arm32/toolchains/armhf_eabi_14.2.rel1/arm-gnu-toolchain-14.2.rel1-x86_64-arm-none-eabi/bin/../lib/gcc/arm-none-eabi/14.2.1/../../../../arm-none-eabi/lib/thumb/v7e-m+fp/hard/libc.a(libc_a-sbrkr.o)
                              /work/toolchains_arm32/toolchains/armhf_eabi_14.2.rel1/arm-gnu-toolchain-14.2.rel1-x86_64-arm-none-eabi/bin/../lib/gcc/arm-none-eabi/14.2.1/../../../../arm-none-eabi/lib/thumb/v7e-m+fp/hard/libc.a(libc_a-freer.o) (_sbrk_r)
/work/toolchains_arm32/toolchains/armhf_eabi_14.2.rel1/arm-gnu-toolchain-14.2.rel1-x86_64-arm-none-eabi/bin/../lib/gcc/arm-none-eabi/14.2.1/../../../../arm-none-eabi/lib/thumb/v7e-m+fp/hard/libc.a(libc_a-fini.o)
                              /work/toolchains_arm32/toolchains/armhf_eabi_14.2.rel1/arm-gnu-toolchain-14.2.rel1-x86_64-arm-none-eabi/bin/../lib/gcc/arm-none-eabi/14.2.1/../../../../arm-none-eabi/lib/thumb/v7e-m+fp/hard/libc.a(libc_a-__call_atexit.o) (__libc_fini_array)
/work/toolchains_arm32/toolchains/armhf_eabi_14.2.rel1/arm-gnu-toolchain-14.2.rel1-x86_64-arm-none-eabi/bin/../lib/gcc/arm-none-eabi/14.2.1/../../../../arm-none-eabi/lib/thumb/v7e-m+fp/hard/libc.a(libc_a-sysconf.o)
                              /work/toolchains_arm32/toolchains/armhf_eabi_14.2.rel1/arm-gnu-toolchain-14.2.rel1-x86_64-arm-none-eabi/bin/../lib/gcc/arm-none-eabi/14.2.1/../../../../arm-none-eabi/lib/thumb/v7e-m+fp/hard/libc.a(libc_a-freer.o) (sysconf)
/work/toolchains_arm32/toolchains/armhf_eabi_14.2.rel1/arm-gnu-toolchain-14.2.rel1-x86_64-arm-none-eabi/bin/../lib/gcc/arm-none-eabi/14.2.1/../../../../arm-none-eabi/lib/thumb/v7e-m+fp/hard/libc.a(libc_a-__atexit.o)
                              /work/toolchains_arm32/toolchains/armhf_eabi_14.2.rel1/arm-gnu-toolchain-14.2.rel1-x86_64-arm-none-eabi/bin/../lib/gcc/arm-none-eabi/14.2.1/../../../../arm-none-eabi/lib/thumb/v7e-m+fp/hard/libc.a(libc_a-atexit.o) (__register_exitproc)

Discarded input sections

 .text          0x00000000        0x0 /work/toolchains_arm32/toolchains/armhf_eabi_14.2.rel1/arm-gnu-toolchain-14.2.rel1-x86_64-arm-none-eabi/bin/../lib/gcc/arm-none-eabi/14.2.1/thumb/v7e-m+fp/hard/crti.o
 .data          0x00000000        0x0 /work/toolchains_arm32/toolchains/armhf_eabi_14.2.rel1/arm-gnu-toolchain-14.2.rel1-x86_64-arm-none-eabi/bin/../lib/gcc/arm-none-eabi/14.2.1/thumb/v7e-m+fp/hard/crti.o
 .bss           0x00000000        0x0 /work/toolchains_arm32/toolchains/armhf_eabi_14.2.rel1/arm-gnu-toolchain-14.2.rel1-x86_64-arm-none-eabi/bin/../lib/gcc/arm-none-eabi/14.2.1/thumb/v7e-m+fp/hard/crti.o
 .text          0x00000000        0x0 /work/toolchains_arm32/toolchains/armhf_eabi_14.2.rel1/arm-gnu-toolchain-14.2.rel1-x86_64-arm-none-eabi/bin/../lib/gcc/arm-none-eabi/14.2.1/thumb/v7e-m+fp/hard/crtbegin.o
 .data          0x00000000        0x0 /work/toolchains_arm32/toolchains/armhf_eabi_14.2.rel1/arm-gnu-toolchain-14.2.rel1-x86_64-arm-none-eabi/bin/../lib/gcc/arm-none-eabi/14.2.1/thumb/v7e-m+fp/hard/crtbegin.o
 .bss           0x00000000        0x0 /work/toolchains_arm32/toolchains/armhf_eabi_14.2.rel1/arm-gnu-toolchain-14.2.rel1-x86_64-arm-none-eabi/bin/../lib/gcc/arm-none-eabi/14.2.1/thumb/v7e-m+fp/hard/crtbegin.o
 .rodata.all_implied_fbits
                0x00000000       0x24 /work/toolchains_arm32/toolchains/armhf_eabi_14.2.rel1/arm-gnu-toolchain-14.2.rel1-x86_64-arm-none-eabi/bin/../lib/gcc/arm-none-eabi/14.2.1/thumb/v7e-m+fp/hard/crtbegin.o
 .data.__dso_handle
                0x00000000        0x4 /work/toolchains_arm32/toolchains/armhf_eabi_14.2.rel1/arm-gnu-toolchain-14.2.rel1-x86_64-arm-none-eabi/bin/../lib/gcc/arm-none-eabi/14.2.1/thumb/v7e-m+fp/hard/crtbegin.o
 .text          0x00000000       0x7c /work/toolchains_arm32/toolchains/armhf_eabi_14.2.rel1/arm-gnu-toolchain-14.2.rel1-x86_64-arm-none-eabi/bin/../lib/gcc/arm-none-eabi/14.2.1/../../../../arm-none-eabi/lib/thumb/v7e-m+fp/hard/crt0.o
 .data          0x00000000        0x0 /work/toolchains_arm32/toolchains/armhf_eabi_14.2.rel1/arm-gnu-toolchain-14.2.rel1-x86_64-arm-none-eabi/bin/../lib/gcc/arm-none-eabi/14.2.1/../../../../arm-none-eabi/lib/thumb/v7e-m+fp/hard/crt0.o
 .bss           0x00000000        0x0 /work/toolchains_arm32/toolchains/armhf_eabi_14.2.rel1/arm-gnu-toolchain-14.2.rel1-x86_64-arm-none-eabi/bin/../lib/gcc/arm-none-eabi/14.2.1/../../../../arm-none-eabi/lib/thumb/v7e-m+fp/hard/crt0.o
 .ARM.extab     0x00000000        0x0 /work/toolchains_arm32/toolchains/armhf_eabi_14.2.rel1/arm-gnu-toolchain-14.2.rel1-x86_64-arm-none-eabi/bin/../lib/gcc/arm-none-eabi/14.2.1/../../../../arm-none-eabi/lib/thumb/v7e-m+fp/hard/crt0.o
 .ARM.exidx     0x00000000       0x10 /work/toolchains_arm32/toolchains/armhf_eabi_14.2.rel1/arm-gnu-toolchain-14.2.rel1-x86_64-arm-none-eabi/bin/../lib/gcc/arm-none-eabi/14.2.1/../../../../arm-none-eabi/lib/thumb/v7e-m+fp/hard/crt0.o
 .debug_line_str
                0x00000000       0xcf /work/toolchains_arm32/toolchains/armhf_eabi_14.2.rel1/arm-gnu-toolchain-14.2.rel1-x86_64-arm-none-eabi/bin/../lib/gcc/arm-none-eabi/14.2.1/../../../../arm-none-eabi/lib/thumb/v7e-m+fp/hard/crt0.o
 .ARM.attributes
                0x00000000       0x20 /work/toolchains_arm32/toolchains/armhf_eabi_14.2.rel1/arm-gnu-toolchain-14.2.rel1-x86_64-arm-none-eabi/bin/../lib/gcc/arm-none-eabi/14.2.1/../../../../arm-none-eabi/lib/thumb/v7e-m+fp/hard/crt0.o
 .data          0x00000000        0x0 Src/main.o
 .bss           0x00000000        0x0 Src/main.o
 .text          0x00000000      0x258 Src/syscalls.o
 .data          0x00000000        0x4 Src/syscalls.o
 .bss           0x00000000        0x8 Src/syscalls.o
 .debug_info    0x00000000      0x6fd Src/syscalls.o
 .debug_abbrev  0x00000000      0x1de Src/syscalls.o
 .debug_aranges
                0x00000000       0x20 Src/syscalls.o
 .debug_line    0x00000000      0x2b6 Src/syscalls.o
 .debug_str     0x00000000      0x3d1 Src/syscalls.o
 .comment       0x00000000       0x46 Src/syscalls.o
 .debug_frame   0x00000000      0x2d4 Src/syscalls.o
 .ARM.attributes
                0x00000000       0x34 Src/syscalls.o
 .bss           0x00000000        0x0 Inc/system_stm32f4xx.o
 .text          0x00000000       0x14 startup/startup_stm32f429zitx.o
 .data          0x00000000        0x0 startup/startup_stm32f429zitx.o
 .bss           0x00000000        0x0 startup/startup_stm32f429zitx.o
 .text          0x00000000        0x0 /work/toolchains_arm32/toolchains/armhf_eabi_14.2.rel1/arm-gnu-toolchain-14.2.rel1-x86_64-arm-none-eabi/bin/../lib/gcc/arm-none-eabi/14.2.1/../../../../arm-none-eabi/lib/thumb/v7e-m+fp/hard/libc.a(libc_a-exit.o)
 .data          0x00000000        0x0 /work/toolchains_arm32/toolchains/armhf_eabi_14.2.rel1/arm-gnu-toolchain-14.2.rel1-x86_64-arm-none-eabi/bin/../lib/gcc/arm-none-eabi/14.2.1/../../../../arm-none-eabi/lib/thumb/v7e-m+fp/hard/libc.a(libc_a-exit.o)
 .bss           0x00000000        0x0 /work/toolchains_arm32/toolchains/armhf_eabi_14.2.rel1/arm-gnu-toolchain-14.2.rel1-x86_64-arm-none-eabi/bin/../lib/gcc/arm-none-eabi/14.2.1/../../../../arm-none-eabi/lib/thumb/v7e-m+fp/hard/libc.a(libc_a-exit.o)
 .text.exit     0x00000000       0x1c /work/toolchains_arm32/toolchains/armhf_eabi_14.2.rel1/arm-gnu-toolchain-14.2.rel1-x86_64-arm-none-eabi/bin/../lib/gcc/arm-none-eabi/14.2.1/../../../../arm-none-eabi/lib/thumb/v7e-m+fp/hard/libc.a(libc_a-exit.o)
 .debug_frame   0x00000000       0x28 /work/toolchains_arm32/toolchains/armhf_eabi_14.2.rel1/arm-gnu-toolchain-14.2.rel1-x86_64-arm-none-eabi/bin/../lib/gcc/arm-none-eabi/14.2.1/../../../../arm-none-eabi/lib/thumb/v7e-m+fp/hard/libc.a(libc_a-exit.o)
 .ARM.attributes
                0x00000000       0x34 /work/toolchains_arm32/toolchains/armhf_eabi_14.2.rel1/arm-gnu-toolchain-14.2.rel1-x86_64-arm-none-eabi/bin/../lib/gcc/arm-none-eabi/14.2.1/../../../../arm-none-eabi/lib/thumb/v7e-m+fp/hard/libc.a(libc_a-exit.o)
 .text          0x00000000        0x0 /work/toolchains_arm32/toolchains/armhf_eabi_14.2.rel1/arm-gnu-toolchain-14.2.rel1-x86_64-arm-none-eabi/bin/../lib/gcc/arm-none-eabi/14.2.1/../../../../arm-none-eabi/lib/thumb/v7e-m+fp/hard/libc.a(libc_a-findfp.o)
 .data          0x00000000        0x0 /work/toolchains_arm32/toolchains/armhf_eabi_14.2.rel1/arm-gnu-toolchain-14.2.rel1-x86_64-arm-none-eabi/bin/../lib/gcc/arm-none-eabi/14.2.1/../../../../arm-none-eabi/lib/thumb/v7e-m+fp/hard/libc.a(libc_a-findfp.o)
 .bss           0x00000000        0x0 /work/toolchains_arm32/toolchains/armhf_eabi_14.2.rel1/arm-gnu-toolchain-14.2.rel1-x86_64-arm-none-eabi/bin/../lib/gcc/arm-none-eabi/14.2.1/../../../../arm-none-eabi/lib/thumb/v7e-m+fp/hard/libc.a(libc_a-findfp.o)
 .text.stdio_exit_handler
                0x00000000       0x18 /work/toolchains_arm32/toolchains/armhf_eabi_14.2.rel1/arm-gnu-toolchain-14.2.rel1-x86_64-arm-none-eabi/bin/../lib/gcc/arm-none-eabi/14.2.1/../../../../arm-none-eabi/lib/thumb/v7e-m+fp/hard/libc.a(libc_a-findfp.o)
 .text.cleanup_stdio
                0x00000000       0x40 /work/toolchains_arm32/toolchains/armhf_eabi_14.2.rel1/arm-gnu-toolchain-14.2.rel1-x86_64-arm-none-eabi/bin/../lib/gcc/arm-none-eabi/14.2.1/../../../../arm-none-eabi/lib/thumb/v7e-m+fp/hard/libc.a(libc_a-findfp.o)
 .text.__fp_lock
                0x00000000       0x1c /work/toolchains_arm32/toolchains/armhf_eabi_14.2.rel1/arm-gnu-toolchain-14.2.rel1-x86_64-arm-none-eabi/bin/../lib/gcc/arm-none-eabi/14.2.1/../../../../arm-none-eabi/lib/thumb/v7e-m+fp/hard/libc.a(libc_a-findfp.o)
 .text.__fp_unlock
                0x00000000       0x1c /work/toolchains_arm32/toolchains/armhf_eabi_14.2.rel1/arm-gnu-toolchain-14.2.rel1-x86_64-arm-none-eabi/bin/../lib/gcc/arm-none-eabi/14.2.1/../../../../arm-none-eabi/lib/thumb/v7e-m+fp/hard/libc.a(libc_a-findfp.o)
 .text.global_stdio_init.part.0
                0x00000000       0xf0 /work/toolchains_arm32/toolchains/armhf_eabi_14.2.rel1/arm-gnu-toolchain-14.2.rel1-x86_64-arm-none-eabi/bin/../lib/gcc/arm-none-eabi/14.2.1/../../../../arm-none-eabi/lib/thumb/v7e-m+fp/hard/libc.a(libc_a-findfp.o)
 .text.__sfp    0x00000000       0xc0 /work/toolchains_arm32/toolchains/armhf_eabi_14.2.rel1/arm-gnu-toolchain-14.2.rel1-x86_64-arm-none-eabi/bin/../lib/gcc/arm-none-eabi/14.2.1/../../../../arm-none-eabi/lib/thumb/v7e-m+fp/hard/libc.a(libc_a-findfp.o)
 .text.__sinit  0x00000000       0x3c /work/toolchains_arm32/toolchains/armhf_eabi_14.2.rel1/arm-gnu-toolchain-14.2.rel1-x86_64-arm-none-eabi/bin/../lib/gcc/arm-none-eabi/14.2.1/../../../../arm-none-eabi/lib/thumb/v7e-m+fp/hard/libc.a(libc_a-findfp.o)
 .text.__sfp_lock_acquire
                0x00000000        0xc /work/toolchains_arm32/toolchains/armhf_eabi_14.2.rel1/arm-gnu-toolchain-14.2.rel1-x86_64-arm-none-eabi/bin/../lib/gcc/arm-none-eabi/14.2.1/../../../../arm-none-eabi/lib/thumb/v7e-m+fp/hard/libc.a(libc_a-findfp.o)
 .text.__sfp_lock_release
                0x00000000        0xc /work/toolchains_arm32/toolchains/armhf_eabi_14.2.rel1/arm-gnu-toolchain-14.2.rel1-x86_64-arm-none-eabi/bin/../lib/gcc/arm-none-eabi/14.2.1/../../../../arm-none-eabi/lib/thumb/v7e-m+fp/hard/libc.a(libc_a-findfp.o)
 .text.__fp_lock_all
                0x00000000       0x24 /work/toolchains_arm32/toolchains/armhf_eabi_14.2.rel1/arm-gnu-toolchain-14.2.rel1-x86_64-arm-none-eabi/bin/../lib/gcc/arm-none-eabi/14.2.1/../../../../arm-none-eabi/lib/thumb/v7e-m+fp/hard/libc.a(libc_a-findfp.o)
 .text.__fp_unlock_all
                0x00000000       0x24 /work/toolchains_arm32/toolchains/armhf_eabi_14.2.rel1/arm-gnu-toolchain-14.2.rel1-x86_64-arm-none-eabi/bin/../lib/gcc/arm-none-eabi/14.2.1/../../../../arm-none-eabi/lib/thumb/v7e-m+fp/hard/libc.a(libc_a-findfp.o)
 .data.__sglue  0x00000000        0xc /work/toolchains_arm32/toolchains/armhf_eabi_14.2.rel1/arm-gnu-toolchain-14.2.rel1-x86_64-arm-none-eabi/bin/../lib/gcc/arm-none-eabi/14.2.1/../../../../arm-none-eabi/lib/thumb/v7e-m+fp/hard/libc.a(libc_a-findfp.o)
 .bss.__sf      0x00000000      0x138 /work/toolchains_arm32/toolchains/armhf_eabi_14.2.rel1/arm-gnu-toolchain-14.2.rel1-x86_64-arm-none-eabi/bin/../lib/gcc/arm-none-eabi/14.2.1/../../../../arm-none-eabi/lib/thumb/v7e-m+fp/hard/libc.a(libc_a-findfp.o)
 .bss.__stdio_exit_handler
                0x00000000        0x4 /work/toolchains_arm32/toolchains/armhf_eabi_14.2.rel1/arm-gnu-toolchain-14.2.rel1-x86_64-arm-none-eabi/bin/../lib/gcc/arm-none-eabi/14.2.1/../../../../arm-none-eabi/lib/thumb/v7e-m+fp/hard/libc.a(libc_a-findfp.o)
 .debug_frame   0x00000000      0x13c /work/toolchains_arm32/toolchains/armhf_eabi_14.2.rel1/arm-gnu-toolchain-14.2.rel1-x86_64-arm-none-eabi/bin/../lib/gcc/arm-none-eabi/14.2.1/../../../../arm-none-eabi/lib/thumb/v7e-m+fp/hard/libc.a(libc_a-findfp.o)
 .ARM.attributes
                0x00000000       0x34 /work/toolchains_arm32/toolchains/armhf_eabi_14.2.rel1/arm-gnu-toolchain-14.2.rel1-x86_64-arm-none-eabi/bin/../lib/gcc/arm-none-eabi/14.2.1/../../../../arm-none-eabi/lib/thumb/v7e-m+fp/hard/libc.a(libc_a-findfp.o)
 .text          0x00000000        0x0 /work/toolchains_arm32/toolchains/armhf_eabi_14.2.rel1/arm-gnu-toolchain-14.2.rel1-x86_64-arm-none-eabi/bin/../lib/gcc/arm-none-eabi/14.2.1/../../../../arm-none-eabi/lib/thumb/v7e-m+fp/hard/libc.a(libc_a-fwalk.o)
 .data          0x00000000        0x0 /work/toolchains_arm32/toolchains/armhf_eabi_14.2.rel1/arm-gnu-toolchain-14.2.rel1-x86_64-arm-none-eabi/bin/../lib/gcc/arm-none-eabi/14.2.1/../../../../arm-none-eabi/lib/thumb/v7e-m+fp/hard/libc.a(libc_a-fwalk.o)
 .bss           0x00000000        0x0 /work/toolchains_arm32/toolchains/armhf_eabi_14.2.rel1/arm-gnu-toolchain-14.2.rel1-x86_64-arm-none-eabi/bin/../lib/gcc/arm-none-eabi/14.2.1/../../../../arm-none-eabi/lib/thumb/v7e-m+fp/hard/libc.a(libc_a-fwalk.o)
 .text._fwalk_sglue
                0x00000000       0x44 /work/toolchains_arm32/toolchains/armhf_eabi_14.2.rel1/arm-gnu-toolchain-14.2.rel1-x86_64-arm-none-eabi/bin/../lib/gcc/arm-none-eabi/14.2.1/../../../../arm-none-eabi/lib/thumb/v7e-m+fp/hard/libc.a(libc_a-fwalk.o)
 .debug_frame   0x00000000       0x34 /work/toolchains_arm32/toolchains/armhf_eabi_14.2.rel1/arm-gnu-toolchain-14.2.rel1-x86_64-arm-none-eabi/bin/../lib/gcc/arm-none-eabi/14.2.1/../../../../arm-none-eabi/lib/thumb/v7e-m+fp/hard/libc.a(libc_a-fwalk.o)
 .ARM.attributes
                0x00000000       0x34 /work/toolchains_arm32/toolchains/armhf_eabi_14.2.rel1/arm-gnu-toolchain-14.2.rel1-x86_64-arm-none-eabi/bin/../lib/gcc/arm-none-eabi/14.2.1/../../../../arm-none-eabi/lib/thumb/v7e-m+fp/hard/libc.a(libc_a-fwalk.o)
 .text          0x00000000        0x0 /work/toolchains_arm32/toolchains/armhf_eabi_14.2.rel1/arm-gnu-toolchain-14.2.rel1-x86_64-arm-none-eabi/bin/../lib/gcc/arm-none-eabi/14.2.1/../../../../arm-none-eabi/lib/thumb/v7e-m+fp/hard/libc.a(libc_a-stdio.o)
 .data          0x00000000        0x0 /work/toolchains_arm32/toolchains/armhf_eabi_14.2.rel1/arm-gnu-toolchain-14.2.rel1-x86_64-arm-none-eabi/bin/../lib/gcc/arm-none-eabi/14.2.1/../../../../arm-none-eabi/lib/thumb/v7e-m+fp/hard/libc.a(libc_a-stdio.o)
 .bss           0x00000000        0x0 /work/toolchains_arm32/toolchains/armhf_eabi_14.2.rel1/arm-gnu-toolchain-14.2.rel1-x86_64-arm-none-eabi/bin/../lib/gcc/arm-none-eabi/14.2.1/../../../../arm-none-eabi/lib/thumb/v7e-m+fp/hard/libc.a(libc_a-stdio.o)
 .text.__sread  0x00000000       0x24 /work/toolchains_arm32/toolchains/armhf_eabi_14.2.rel1/arm-gnu-toolchain-14.2.rel1-x86_64-arm-none-eabi/bin/../lib/gcc/arm-none-eabi/14.2.1/../../../../arm-none-eabi/lib/thumb/v7e-m+fp/hard/libc.a(libc_a-stdio.o)
 .text.__seofread
                0x00000000        0x4 /work/toolchains_arm32/toolchains/armhf_eabi_14.2.rel1/arm-gnu-toolchain-14.2.rel1-x86_64-arm-none-eabi/bin/../lib/gcc/arm-none-eabi/14.2.1/../../../../arm-none-eabi/lib/thumb/v7e-m+fp/hard/libc.a(libc_a-stdio.o)
 .text.__swrite
                0x00000000       0x40 /work/toolchains_arm32/toolchains/armhf_eabi_14.2.rel1/arm-gnu-toolchain-14.2.rel1-x86_64-arm-none-eabi/bin/../lib/gcc/arm-none-eabi/14.2.1/../../../../arm-none-eabi/lib/thumb/v7e-m+fp/hard/libc.a(libc_a-stdio.o)
 .text.__sseek  0x00000000       0x24 /work/toolchains_arm32/toolchains/armhf_eabi_14.2.rel1/arm-gnu-toolchain-14.2.rel1-x86_64-arm-none-eabi/bin/../lib/gcc/arm-none-eabi/14.2.1/../../../../arm-none-eabi/lib/thumb/v7e-m+fp/hard/libc.a(libc_a-stdio.o)
 .text.__sclose
                0x00000000        0x8 /work/toolchains_arm32/toolchains/armhf_eabi_14.2.rel1/arm-gnu-toolchain-14.2.rel1-x86_64-arm-none-eabi/bin/../lib/gcc/arm-none-eabi/14.2.1/../../../../arm-none-eabi/lib/thumb/v7e-m+fp/hard/libc.a(libc_a-stdio.o)
 .debug_frame   0x00000000       0x8c /work/toolchains_arm32/toolchains/armhf_eabi_14.2.rel1/arm-gnu-toolchain-14.2.rel1-x86_64-arm-none-eabi/bin/../lib/gcc/arm-none-eabi/14.2.1/../../../../arm-none-eabi/lib/thumb/v7e-m+fp/hard/libc.a(libc_a-stdio.o)
 .ARM.attributes
                0x00000000       0x34 /work/toolchains_arm32/toolchains/armhf_eabi_14.2.rel1/arm-gnu-toolchain-14.2.rel1-x86_64-arm-none-eabi/bin/../lib/gcc/arm-none-eabi/14.2.1/../../../../arm-none-eabi/lib/thumb/v7e-m+fp/hard/libc.a(libc_a-stdio.o)
 .text          0x00000000        0x0 /work/toolchains_arm32/toolchains/armhf_eabi_14.2.rel1/arm-gnu-toolchain-14.2.rel1-x86_64-arm-none-eabi/bin/../lib/gcc/arm-none-eabi/14.2.1/../../../../arm-none-eabi/lib/thumb/v7e-m+fp/hard/libc.a(libc_a-memset.o)
 .data          0x00000000        0x0 /work/toolchains_arm32/toolchains/armhf_eabi_14.2.rel1/arm-gnu-toolchain-14.2.rel1-x86_64-arm-none-eabi/bin/../lib/gcc/arm-none-eabi/14.2.1/../../../../arm-none-eabi/lib/thumb/v7e-m+fp/hard/libc.a(libc_a-memset.o)
 .bss           0x00000000        0x0 /work/toolchains_arm32/toolchains/armhf_eabi_14.2.rel1/arm-gnu-toolchain-14.2.rel1-x86_64-arm-none-eabi/bin/../lib/gcc/arm-none-eabi/14.2.1/../../../../arm-none-eabi/lib/thumb/v7e-m+fp/hard/libc.a(libc_a-memset.o)
 .text.memset   0x00000000       0x9c /work/toolchains_arm32/toolchains/armhf_eabi_14.2.rel1/arm-gnu-toolchain-14.2.rel1-x86_64-arm-none-eabi/bin/../lib/gcc/arm-none-eabi/14.2.1/../../../../arm-none-eabi/lib/thumb/v7e-m+fp/hard/libc.a(libc_a-memset.o)
 .debug_frame   0x00000000       0x2c /work/toolchains_arm32/toolchains/armhf_eabi_14.2.rel1/arm-gnu-toolchain-14.2.rel1-x86_64-arm-none-eabi/bin/../lib/gcc/arm-none-eabi/14.2.1/../../../../arm-none-eabi/lib/thumb/v7e-m+fp/hard/libc.a(libc_a-memset.o)
 .ARM.attributes
                0x00000000       0x34 /work/toolchains_arm32/toolchains/armhf_eabi_14.2.rel1/arm-gnu-toolchain-14.2.rel1-x86_64-arm-none-eabi/bin/../lib/gcc/arm-none-eabi/14.2.1/../../../../arm-none-eabi/lib/thumb/v7e-m+fp/hard/libc.a(libc_a-memset.o)
 .text          0x00000000        0x0 /work/toolchains_arm32/toolchains/armhf_eabi_14.2.rel1/arm-gnu-toolchain-14.2.rel1-x86_64-arm-none-eabi/bin/../lib/gcc/arm-none-eabi/14.2.1/../../../../arm-none-eabi/lib/thumb/v7e-m+fp/hard/libc.a(libc_a-closer.o)
 .data          0x00000000        0x0 /work/toolchains_arm32/toolchains/armhf_eabi_14.2.rel1/arm-gnu-toolchain-14.2.rel1-x86_64-arm-none-eabi/bin/../lib/gcc/arm-none-eabi/14.2.1/../../../../arm-none-eabi/lib/thumb/v7e-m+fp/hard/libc.a(libc_a-closer.o)
 .bss           0x00000000        0x0 /work/toolchains_arm32/toolchains/armhf_eabi_14.2.rel1/arm-gnu-toolchain-14.2.rel1-x86_64-arm-none-eabi/bin/../lib/gcc/arm-none-eabi/14.2.1/../../../../arm-none-eabi/lib/thumb/v7e-m+fp/hard/libc.a(libc_a-closer.o)
 .text._close_r
                0x00000000       0x24 /work/toolchains_arm32/toolchains/armhf_eabi_14.2.rel1/arm-gnu-toolchain-14.2.rel1-x86_64-arm-none-eabi/bin/../lib/gcc/arm-none-eabi/14.2.1/../../../../arm-none-eabi/lib/thumb/v7e-m+fp/hard/libc.a(libc_a-closer.o)
 .debug_frame   0x00000000       0x2c /work/toolchains_arm32/toolchains/armhf_eabi_14.2.rel1/arm-gnu-toolchain-14.2.rel1-x86_64-arm-none-eabi/bin/../lib/gcc/arm-none-eabi/14.2.1/../../../../arm-none-eabi/lib/thumb/v7e-m+fp/hard/libc.a(libc_a-closer.o)
 .ARM.attributes
                0x00000000       0x34 /work/toolchains_arm32/toolchains/armhf_eabi_14.2.rel1/arm-gnu-toolchain-14.2.rel1-x86_64-arm-none-eabi/bin/../lib/gcc/arm-none-eabi/14.2.1/../../../../arm-none-eabi/lib/thumb/v7e-m+fp/hard/libc.a(libc_a-closer.o)
 .text          0x00000000        0x0 /work/toolchains_arm32/toolchains/armhf_eabi_14.2.rel1/arm-gnu-toolchain-14.2.rel1-x86_64-arm-none-eabi/bin/../lib/gcc/arm-none-eabi/14.2.1/../../../../arm-none-eabi/lib/thumb/v7e-m+fp/hard/libc.a(libc_a-reent.o)
 .data          0x00000000        0x0 /work/toolchains_arm32/toolchains/armhf_eabi_14.2.rel1/arm-gnu-toolchain-14.2.rel1-x86_64-arm-none-eabi/bin/../lib/gcc/arm-none-eabi/14.2.1/../../../../arm-none-eabi/lib/thumb/v7e-m+fp/hard/libc.a(libc_a-reent.o)
 .bss           0x00000000        0x0 /work/toolchains_arm32/toolchains/armhf_eabi_14.2.rel1/arm-gnu-toolchain-14.2.rel1-x86_64-arm-none-eabi/bin/../lib/gcc/arm-none-eabi/14.2.1/../../../../arm-none-eabi/lib/thumb/v7e-m+fp/hard/libc.a(libc_a-reent.o)
 .text._reclaim_reent
                0x00000000       0x6c /work/toolchains_arm32/toolchains/armhf_eabi_14.2.rel1/arm-gnu-toolchain-14.2.rel1-x86_64-arm-none-eabi/bin/../lib/gcc/arm-none-eabi/14.2.1/../../../../arm-none-eabi/lib/thumb/v7e-m+fp/hard/libc.a(libc_a-reent.o)
 .bss.errno     0x00000000        0x4 /work/toolchains_arm32/toolchains/armhf_eabi_14.2.rel1/arm-gnu-toolchain-14.2.rel1-x86_64-arm-none-eabi/bin/../lib/gcc/arm-none-eabi/14.2.1/../../../../arm-none-eabi/lib/thumb/v7e-m+fp/hard/libc.a(libc_a-reent.o)
 .debug_frame   0x00000000       0x3c /work/toolchains_arm32/toolchains/armhf_eabi_14.2.rel1/arm-gnu-toolchain-14.2.rel1-x86_64-arm-none-eabi/bin/../lib/gcc/arm-none-eabi/14.2.1/../../../../arm-none-eabi/lib/thumb/v7e-m+fp/hard/libc.a(libc_a-reent.o)
 .ARM.attributes
                0x00000000       0x34 /work/toolchains_arm32/toolchains/armhf_eabi_14.2.rel1/arm-gnu-toolchain-14.2.rel1-x86_64-arm-none-eabi/bin/../lib/gcc/arm-none-eabi/14.2.1/../../../../arm-none-eabi/lib/thumb/v7e-m+fp/hard/libc.a(libc_a-reent.o)
 .text          0x00000000        0x0 /work/toolchains_arm32/toolchains/armhf_eabi_14.2.rel1/arm-gnu-toolchain-14.2.rel1-x86_64-arm-none-eabi/bin/../lib/gcc/arm-none-eabi/14.2.1/../../../../arm-none-eabi/lib/thumb/v7e-m+fp/hard/libc.a(libc_a-impure.o)
 .data          0x00000000        0x0 /work/toolchains_arm32/toolchains/armhf_eabi_14.2.rel1/arm-gnu-toolchain-14.2.rel1-x86_64-arm-none-eabi/bin/../lib/gcc/arm-none-eabi/14.2.1/../../../../arm-none-eabi/lib/thumb/v7e-m+fp/hard/libc.a(libc_a-impure.o)
 .bss           0x00000000        0x0 /work/toolchains_arm32/toolchains/armhf_eabi_14.2.rel1/arm-gnu-toolchain-14.2.rel1-x86_64-arm-none-eabi/bin/../lib/gcc/arm-none-eabi/14.2.1/../../../../arm-none-eabi/lib/thumb/v7e-m+fp/hard/libc.a(libc_a-impure.o)
 .data._impure_ptr
                0x00000000        0x4 /work/toolchains_arm32/toolchains/armhf_eabi_14.2.rel1/arm-gnu-toolchain-14.2.rel1-x86_64-arm-none-eabi/bin/../lib/gcc/arm-none-eabi/14.2.1/../../../../arm-none-eabi/lib/thumb/v7e-m+fp/hard/libc.a(libc_a-impure.o)
 .data._impure_data
                0x00000000      0x140 /work/toolchains_arm32/toolchains/armhf_eabi_14.2.rel1/arm-gnu-toolchain-14.2.rel1-x86_64-arm-none-eabi/bin/../lib/gcc/arm-none-eabi/14.2.1/../../../../arm-none-eabi/lib/thumb/v7e-m+fp/hard/libc.a(libc_a-impure.o)
 .ARM.attributes
                0x00000000       0x34 /work/toolchains_arm32/toolchains/armhf_eabi_14.2.rel1/arm-gnu-toolchain-14.2.rel1-x86_64-arm-none-eabi/bin/../lib/gcc/arm-none-eabi/14.2.1/../../../../arm-none-eabi/lib/thumb/v7e-m+fp/hard/libc.a(libc_a-impure.o)
 .text          0x00000000        0x0 /work/toolchains_arm32/toolchains/armhf_eabi_14.2.rel1/arm-gnu-toolchain-14.2.rel1-x86_64-arm-none-eabi/bin/../lib/gcc/arm-none-eabi/14.2.1/../../../../arm-none-eabi/lib/thumb/v7e-m+fp/hard/libc.a(libc_a-lseekr.o)
 .data          0x00000000        0x0 /work/toolchains_arm32/toolchains/armhf_eabi_14.2.rel1/arm-gnu-toolchain-14.2.rel1-x86_64-arm-none-eabi/bin/../lib/gcc/arm-none-eabi/14.2.1/../../../../arm-none-eabi/lib/thumb/v7e-m+fp/hard/libc.a(libc_a-lseekr.o)
 .bss           0x00000000        0x0 /work/toolchains_arm32/toolchains/armhf_eabi_14.2.rel1/arm-gnu-toolchain-14.2.rel1-x86_64-arm-none-eabi/bin/../lib/gcc/arm-none-eabi/14.2.1/../../../../arm-none-eabi/lib/thumb/v7e-m+fp/hard/libc.a(libc_a-lseekr.o)
 .text._lseek_r
                0x00000000       0x2c /work/toolchains_arm32/toolchains/armhf_eabi_14.2.rel1/arm-gnu-toolchain-14.2.rel1-x86_64-arm-none-eabi/bin/../lib/gcc/arm-none-eabi/14.2.1/../../../../arm-none-eabi/lib/thumb/v7e-m+fp/hard/libc.a(libc_a-lseekr.o)
 .debug_frame   0x00000000       0x2c /work/toolchains_arm32/toolchains/armhf_eabi_14.2.rel1/arm-gnu-toolchain-14.2.rel1-x86_64-arm-none-eabi/bin/../lib/gcc/arm-none-eabi/14.2.1/../../../../arm-none-eabi/lib/thumb/v7e-m+fp/hard/libc.a(libc_a-lseekr.o)
 .ARM.attributes
                0x00000000       0x34 /work/toolchains_arm32/toolchains/armhf_eabi_14.2.rel1/arm-gnu-toolchain-14.2.rel1-x86_64-arm-none-eabi/bin/../lib/gcc/arm-none-eabi/14.2.1/../../../../arm-none-eabi/lib/thumb/v7e-m+fp/hard/libc.a(libc_a-lseekr.o)
 .text          0x00000000        0x0 /work/toolchains_arm32/toolchains/armhf_eabi_14.2.rel1/arm-gnu-toolchain-14.2.rel1-x86_64-arm-none-eabi/bin/../lib/gcc/arm-none-eabi/14.2.1/../../../../arm-none-eabi/lib/thumb/v7e-m+fp/hard/libc.a(libc_a-readr.o)
 .data          0x00000000        0x0 /work/toolchains_arm32/toolchains/armhf_eabi_14.2.rel1/arm-gnu-toolchain-14.2.rel1-x86_64-arm-none-eabi/bin/../lib/gcc/arm-none-eabi/14.2.1/../../../../arm-none-eabi/lib/thumb/v7e-m+fp/hard/libc.a(libc_a-readr.o)
 .bss           0x00000000        0x0 /work/toolchains_arm32/toolchains/armhf_eabi_14.2.rel1/arm-gnu-toolchain-14.2.rel1-x86_64-arm-none-eabi/bin/../lib/gcc/arm-none-eabi/14.2.1/../../../../arm-none-eabi/lib/thumb/v7e-m+fp/hard/libc.a(libc_a-readr.o)
 .text._read_r  0x00000000       0x2c /work/toolchains_arm32/toolchains/armhf_eabi_14.2.rel1/arm-gnu-toolchain-14.2.rel1-x86_64-arm-none-eabi/bin/../lib/gcc/arm-none-eabi/14.2.1/../../../../arm-none-eabi/lib/thumb/v7e-m+fp/hard/libc.a(libc_a-readr.o)
 .debug_frame   0x00000000       0x2c /work/toolchains_arm32/toolchains/armhf_eabi_14.2.rel1/arm-gnu-toolchain-14.2.rel1-x86_64-arm-none-eabi/bin/../lib/gcc/arm-none-eabi/14.2.1/../../../../arm-none-eabi/lib/thumb/v7e-m+fp/hard/libc.a(libc_a-readr.o)
 .ARM.attributes
                0x00000000       0x34 /work/toolchains_arm32/toolchains/armhf_eabi_14.2.rel1/arm-gnu-toolchain-14.2.rel1-x86_64-arm-none-eabi/bin/../lib/gcc/arm-none-eabi/14.2.1/../../../../arm-none-eabi/lib/thumb/v7e-m+fp/hard/libc.a(libc_a-readr.o)
 .text          0x00000000        0x0 /work/toolchains_arm32/toolchains/armhf_eabi_14.2.rel1/arm-gnu-toolchain-14.2.rel1-x86_64-arm-none-eabi/bin/../lib/gcc/arm-none-eabi/14.2.1/../../../../arm-none-eabi/lib/thumb/v7e-m+fp/hard/libc.a(libc_a-writer.o)
 .data          0x00000000        0x0 /work/toolchains_arm32/toolchains/armhf_eabi_14.2.rel1/arm-gnu-toolchain-14.2.rel1-x86_64-arm-none-eabi/bin/../lib/gcc/arm-none-eabi/14.2.1/../../../../arm-none-eabi/lib/thumb/v7e-m+fp/hard/libc.a(libc_a-writer.o)
 .bss           0x00000000        0x0 /work/toolchains_arm32/toolchains/armhf_eabi_14.2.rel1/arm-gnu-toolchain-14.2.rel1-x86_64-arm-none-eabi/bin/../lib/gcc/arm-none-eabi/14.2.1/../../../../arm-none-eabi/lib/thumb/v7e-m+fp/hard/libc.a(libc_a-writer.o)
 .text._write_r
                0x00000000       0x2c /work/toolchains_arm32/toolchains/armhf_eabi_14.2.rel1/arm-gnu-toolchain-14.2.rel1-x86_64-arm-none-eabi/bin/../lib/gcc/arm-none-eabi/14.2.1/../../../../arm-none-eabi/lib/thumb/v7e-m+fp/hard/libc.a(libc_a-writer.o)
 .debug_frame   0x00000000       0x2c /work/toolchains_arm32/toolchains/armhf_eabi_14.2.rel1/arm-gnu-toolchain-14.2.rel1-x86_64-arm-none-eabi/bin/../lib/gcc/arm-none-eabi/14.2.1/../../../../arm-none-eabi/lib/thumb/v7e-m+fp/hard/libc.a(libc_a-writer.o)
 .ARM.attributes
                0x00000000       0x34 /work/toolchains_arm32/toolchains/armhf_eabi_14.2.rel1/arm-gnu-toolchain-14.2.rel1-x86_64-arm-none-eabi/bin/../lib/gcc/arm-none-eabi/14.2.1/../../../../arm-none-eabi/lib/thumb/v7e-m+fp/hard/libc.a(libc_a-writer.o)
 .text          0x00000000        0x0 /work/toolchains_arm32/toolchains/armhf_eabi_14.2.rel1/arm-gnu-toolchain-14.2.rel1-x86_64-arm-none-eabi/bin/../lib/gcc/arm-none-eabi/14.2.1/../../../../arm-none-eabi/lib/thumb/v7e-m+fp/hard/libc.a(libc_a-errno.o)
 .data          0x00000000        0x0 /work/toolchains_arm32/toolchains/armhf_eabi_14.2.rel1/arm-gnu-toolchain-14.2.rel1-x86_64-arm-none-eabi/bin/../lib/gcc/arm-none-eabi/14.2.1/../../../../arm-none-eabi/lib/thumb/v7e-m+fp/hard/libc.a(libc_a-errno.o)
 .bss           0x00000000        0x0 /work/toolchains_arm32/toolchains/armhf_eabi_14.2.rel1/arm-gnu-toolchain-14.2.rel1-x86_64-arm-none-eabi/bin/../lib/gcc/arm-none-eabi/14.2.1/../../../../arm-none-eabi/lib/thumb/v7e-m+fp/hard/libc.a(libc_a-errno.o)
 .text.__errno  0x00000000        0xc /work/toolchains_arm32/toolchains/armhf_eabi_14.2.rel1/arm-gnu-toolchain-14.2.rel1-x86_64-arm-none-eabi/bin/../lib/gcc/arm-none-eabi/14.2.1/../../../../arm-none-eabi/lib/thumb/v7e-m+fp/hard/libc.a(libc_a-errno.o)
 .debug_frame   0x00000000       0x20 /work/toolchains_arm32/toolchains/armhf_eabi_14.2.rel1/arm-gnu-toolchain-14.2.rel1-x86_64-arm-none-eabi/bin/../lib/gcc/arm-none-eabi/14.2.1/../../../../arm-none-eabi/lib/thumb/v7e-m+fp/hard/libc.a(libc_a-errno.o)
 .ARM.attributes
                0x00000000       0x34 /work/toolchains_arm32/toolchains/armhf_eabi_14.2.rel1/arm-gnu-toolchain-14.2.rel1-x86_64-arm-none-eabi/bin/../lib/gcc/arm-none-eabi/14.2.1/../../../../arm-none-eabi/lib/thumb/v7e-m+fp/hard/libc.a(libc_a-errno.o)
 .text          0x00000000        0x0 /work/toolchains_arm32/toolchains/armhf_eabi_14.2.rel1/arm-gnu-toolchain-14.2.rel1-x86_64-arm-none-eabi/bin/../lib/gcc/arm-none-eabi/14.2.1/../../../../arm-none-eabi/lib/thumb/v7e-m+fp/hard/libc.a(libc_a-init.o)
 .data          0x00000000        0x0 /work/toolchains_arm32/toolchains/armhf_eabi_14.2.rel1/arm-gnu-toolchain-14.2.rel1-x86_64-arm-none-eabi/bin/../lib/gcc/arm-none-eabi/14.2.1/../../../../arm-none-eabi/lib/thumb/v7e-m+fp/hard/libc.a(libc_a-init.o)
 .bss           0x00000000        0x0 /work/toolchains_arm32/toolchains/armhf_eabi_14.2.rel1/arm-gnu-toolchain-14.2.rel1-x86_64-arm-none-eabi/bin/../lib/gcc/arm-none-eabi/14.2.1/../../../../arm-none-eabi/lib/thumb/v7e-m+fp/hard/libc.a(libc_a-init.o)
 .text          0x00000000        0x0 /work/toolchains_arm32/toolchains/armhf_eabi_14.2.rel1/arm-gnu-toolchain-14.2.rel1-x86_64-arm-none-eabi/bin/../lib/gcc/arm-none-eabi/14.2.1/../../../../arm-none-eabi/lib/thumb/v7e-m+fp/hard/libc.a(libc_a-lock.o)
 .data          0x00000000        0x0 /work/toolchains_arm32/toolchains/armhf_eabi_14.2.rel1/arm-gnu-toolchain-14.2.rel1-x86_64-arm-none-eabi/bin/../lib/gcc/arm-none-eabi/14.2.1/../../../../arm-none-eabi/lib/thumb/v7e-m+fp/hard/libc.a(libc_a-lock.o)
 .bss           0x00000000        0x0 /work/toolchains_arm32/toolchains/armhf_eabi_14.2.rel1/arm-gnu-toolchain-14.2.rel1-x86_64-arm-none-eabi/bin/../lib/gcc/arm-none-eabi/14.2.1/../../../../arm-none-eabi/lib/thumb/v7e-m+fp/hard/libc.a(libc_a-lock.o)
 .text.__retarget_lock_init
                0x00000000        0x4 /work/toolchains_arm32/toolchains/armhf_eabi_14.2.rel1/arm-gnu-toolchain-14.2.rel1-x86_64-arm-none-eabi/bin/../lib/gcc/arm-none-eabi/14.2.1/../../../../arm-none-eabi/lib/thumb/v7e-m+fp/hard/libc.a(libc_a-lock.o)
 .text.__retarget_lock_init_recursive
                0x00000000        0x4 /work/toolchains_arm32/toolchains/armhf_eabi_14.2.rel1/arm-gnu-toolchain-14.2.rel1-x86_64-arm-none-eabi/bin/../lib/gcc/arm-none-eabi/14.2.1/../../../../arm-none-eabi/lib/thumb/v7e-m+fp/hard/libc.a(libc_a-lock.o)
 .text.__retarget_lock_close
                0x00000000        0x4 /work/toolchains_arm32/toolchains/armhf_eabi_14.2.rel1/arm-gnu-toolchain-14.2.rel1-x86_64-arm-none-eabi/bin/../lib/gcc/arm-none-eabi/14.2.1/../../../../arm-none-eabi/lib/thumb/v7e-m+fp/hard/libc.a(libc_a-lock.o)
 .text.__retarget_lock_close_recursive
                0x00000000        0x4 /work/toolchains_arm32/toolchains/armhf_eabi_14.2.rel1/arm-gnu-toolchain-14.2.rel1-x86_64-arm-none-eabi/bin/../lib/gcc/arm-none-eabi/14.2.1/../../../../arm-none-eabi/lib/thumb/v7e-m+fp/hard/libc.a(libc_a-lock.o)
 .text.__retarget_lock_acquire
                0x00000000        0x4 /work/toolchains_arm32/toolchains/armhf_eabi_14.2.rel1/arm-gnu-toolchain-14.2.rel1-x86_64-arm-none-eabi/bin/../lib/gcc/arm-none-eabi/14.2.1/../../../../arm-none-eabi/lib/thumb/v7e-m+fp/hard/libc.a(libc_a-lock.o)
 .text.__retarget_lock_try_acquire
                0x00000000        0x4 /work/toolchains_arm32/toolchains/armhf_eabi_14.2.rel1/arm-gnu-toolchain-14.2.rel1-x86_64-arm-none-eabi/bin/../lib/gcc/arm-none-eabi/14.2.1/../../../../arm-none-eabi/lib/thumb/v7e-m+fp/hard/libc.a(libc_a-lock.o)
 .text.__retarget_lock_try_acquire_recursive
                0x00000000        0x4 /work/toolchains_arm32/toolchains/armhf_eabi_14.2.rel1/arm-gnu-toolchain-14.2.rel1-x86_64-arm-none-eabi/bin/../lib/gcc/arm-none-eabi/14.2.1/../../../../arm-none-eabi/lib/thumb/v7e-m+fp/hard/libc.a(libc_a-lock.o)
 .text.__retarget_lock_release
                0x00000000        0x4 /work/toolchains_arm32/toolchains/armhf_eabi_14.2.rel1/arm-gnu-toolchain-14.2.rel1-x86_64-arm-none-eabi/bin/../lib/gcc/arm-none-eabi/14.2.1/../../../../arm-none-eabi/lib/thumb/v7e-m+fp/hard/libc.a(libc_a-lock.o)
 .bss.__lock___arc4random_mutex
                0x00000000        0x1 /work/toolchains_arm32/toolchains/armhf_eabi_14.2.rel1/arm-gnu-toolchain-14.2.rel1-x86_64-arm-none-eabi/bin/../lib/gcc/arm-none-eabi/14.2.1/../../../../arm-none-eabi/lib/thumb/v7e-m+fp/hard/libc.a(libc_a-lock.o)
 .bss.__lock___dd_hash_mutex
                0x00000000        0x1 /work/toolchains_arm32/toolchains/armhf_eabi_14.2.rel1/arm-gnu-toolchain-14.2.rel1-x86_64-arm-none-eabi/bin/../lib/gcc/arm-none-eabi/14.2.1/../../../../arm-none-eabi/lib/thumb/v7e-m+fp/hard/libc.a(libc_a-lock.o)
 .bss.__lock___tz_mutex
                0x00000000        0x1 /work/toolchains_arm32/toolchains/armhf_eabi_14.2.rel1/arm-gnu-toolchain-14.2.rel1-x86_64-arm-none-eabi/bin/../lib/gcc/arm-none-eabi/14.2.1/../../../../arm-none-eabi/lib/thumb/v7e-m+fp/hard/libc.a(libc_a-lock.o)
 .bss.__lock___env_recursive_mutex
                0x00000000        0x1 /work/toolchains_arm32/toolchains/armhf_eabi_14.2.rel1/arm-gnu-toolchain-14.2.rel1-x86_64-arm-none-eabi/bin/../lib/gcc/arm-none-eabi/14.2.1/../../../../arm-none-eabi/lib/thumb/v7e-m+fp/hard/libc.a(libc_a-lock.o)
 .bss.__lock___malloc_recursive_mutex
                0x00000000        0x1 /work/toolchains_arm32/toolchains/armhf_eabi_14.2.rel1/arm-gnu-toolchain-14.2.rel1-x86_64-arm-none-eabi/bin/../lib/gcc/arm-none-eabi/14.2.1/../../../../arm-none-eabi/lib/thumb/v7e-m+fp/hard/libc.a(libc_a-lock.o)
 .bss.__lock___at_quick_exit_mutex
                0x00000000        0x1 /work/toolchains_arm32/toolchains/armhf_eabi_14.2.rel1/arm-gnu-toolchain-14.2.rel1-x86_64-arm-none-eabi/bin/../lib/gcc/arm-none-eabi/14.2.1/../../../../arm-none-eabi/lib/thumb/v7e-m+fp/hard/libc.a(libc_a-lock.o)
 .bss.__lock___sfp_recursive_mutex
                0x00000000        0x1 /work/toolchains_arm32/toolchains/armhf_eabi_14.2.rel1/arm-gnu-toolchain-14.2.rel1-x86_64-arm-none-eabi/bin/../lib/gcc/arm-none-eabi/14.2.1/../../../../arm-none-eabi/lib/thumb/v7e-m+fp/hard/libc.a(libc_a-lock.o)
 .text          0x00000000        0x0 /work/toolchains_arm32/toolchains/armhf_eabi_14.2.rel1/arm-gnu-toolchain-14.2.rel1-x86_64-arm-none-eabi/bin/../lib/gcc/arm-none-eabi/14.2.1/../../../../arm-none-eabi/lib/thumb/v7e-m+fp/hard/libc.a(libc_a-__call_atexit.o)
 .data          0x00000000        0x0 /work/toolchains_arm32/toolchains/armhf_eabi_14.2.rel1/arm-gnu-toolchain-14.2.rel1-x86_64-arm-none-eabi/bin/../lib/gcc/arm-none-eabi/14.2.1/../../../../arm-none-eabi/lib/thumb/v7e-m+fp/hard/libc.a(libc_a-__call_atexit.o)
 .bss           0x00000000        0x0 /work/toolchains_arm32/toolchains/armhf_eabi_14.2.rel1/arm-gnu-toolchain-14.2.rel1-x86_64-arm-none-eabi/bin/../lib/gcc/arm-none-eabi/14.2.1/../../../../arm-none-eabi/lib/thumb/v7e-m+fp/hard/libc.a(libc_a-__call_atexit.o)
 .text.__call_exitprocs
                0x00000000       0xc0 /work/toolchains_arm32/toolchains/armhf_eabi_14.2.rel1/arm-gnu-toolchain-14.2.rel1-x86_64-arm-none-eabi/bin/../lib/gcc/arm-none-eabi/14.2.1/../../../../arm-none-eabi/lib/thumb/v7e-m+fp/hard/libc.a(libc_a-__call_atexit.o)
 .text          0x00000000        0x0 /work/toolchains_arm32/toolchains/armhf_eabi_14.2.rel1/arm-gnu-toolchain-14.2.rel1-x86_64-arm-none-eabi/bin/../lib/gcc/arm-none-eabi/14.2.1/../../../../arm-none-eabi/lib/thumb/v7e-m+fp/hard/libc.a(libc_a-atexit.o)
 .data          0x00000000        0x0 /work/toolchains_arm32/toolchains/armhf_eabi_14.2.rel1/arm-gnu-toolchain-14.2.rel1-x86_64-arm-none-eabi/bin/../lib/gcc/arm-none-eabi/14.2.1/../../../../arm-none-eabi/lib/thumb/v7e-m+fp/hard/libc.a(libc_a-atexit.o)
 .bss           0x00000000        0x0 /work/toolchains_arm32/toolchains/armhf_eabi_14.2.rel1/arm-gnu-toolchain-14.2.rel1-x86_64-arm-none-eabi/bin/../lib/gcc/arm-none-eabi/14.2.1/../../../../arm-none-eabi/lib/thumb/v7e-m+fp/hard/libc.a(libc_a-atexit.o)
 .text          0x00000000        0x0 /work/toolchains_arm32/toolchains/armhf_eabi_14.2.rel1/arm-gnu-toolchain-14.2.rel1-x86_64-arm-none-eabi/bin/../lib/gcc/arm-none-eabi/14.2.1/../../../../arm-none-eabi/lib/thumb/v7e-m+fp/hard/libc.a(libc_a-freer.o)
 .data          0x00000000        0x0 /work/toolchains_arm32/toolchains/armhf_eabi_14.2.rel1/arm-gnu-toolchain-14.2.rel1-x86_64-arm-none-eabi/bin/../lib/gcc/arm-none-eabi/14.2.1/../../../../arm-none-eabi/lib/thumb/v7e-m+fp/hard/libc.a(libc_a-freer.o)
 .bss           0x00000000        0x0 /work/toolchains_arm32/toolchains/armhf_eabi_14.2.rel1/arm-gnu-toolchain-14.2.rel1-x86_64-arm-none-eabi/bin/../lib/gcc/arm-none-eabi/14.2.1/../../../../arm-none-eabi/lib/thumb/v7e-m+fp/hard/libc.a(libc_a-freer.o)
 .text._malloc_trim_r
                0x00000000       0xb8 /work/toolchains_arm32/toolchains/armhf_eabi_14.2.rel1/arm-gnu-toolchain-14.2.rel1-x86_64-arm-none-eabi/bin/../lib/gcc/arm-none-eabi/14.2.1/../../../../arm-none-eabi/lib/thumb/v7e-m+fp/hard/libc.a(libc_a-freer.o)
 .text._free_r  0x00000000      0x1f0 /work/toolchains_arm32/toolchains/armhf_eabi_14.2.rel1/arm-gnu-toolchain-14.2.rel1-x86_64-arm-none-eabi/bin/../lib/gcc/arm-none-eabi/14.2.1/../../../../arm-none-eabi/lib/thumb/v7e-m+fp/hard/libc.a(libc_a-freer.o)
 .debug_frame   0x00000000       0x84 /work/toolchains_arm32/toolchains/armhf_eabi_14.2.rel1/arm-gnu-toolchain-14.2.rel1-x86_64-arm-none-eabi/bin/../lib/gcc/arm-none-eabi/14.2.1/../../../../arm-none-eabi/lib/thumb/v7e-m+fp/hard/libc.a(libc_a-freer.o)
 .ARM.attributes
                0x00000000       0x34 /work/toolchains_arm32/toolchains/armhf_eabi_14.2.rel1/arm-gnu-toolchain-14.2.rel1-x86_64-arm-none-eabi/bin/../lib/gcc/arm-none-eabi/14.2.1/../../../../arm-none-eabi/lib/thumb/v7e-m+fp/hard/libc.a(libc_a-freer.o)
 .text          0x00000000        0x0 /work/toolchains_arm32/toolchains/armhf_eabi_14.2.rel1/arm-gnu-toolchain-14.2.rel1-x86_64-arm-none-eabi/bin/../lib/gcc/arm-none-eabi/14.2.1/../../../../arm-none-eabi/lib/thumb/v7e-m+fp/hard/libc.a(libc_a-mallocr.o)
 .data          0x00000000        0x0 /work/toolchains_arm32/toolchains/armhf_eabi_14.2.rel1/arm-gnu-toolchain-14.2.rel1-x86_64-arm-none-eabi/bin/../lib/gcc/arm-none-eabi/14.2.1/../../../../arm-none-eabi/lib/thumb/v7e-m+fp/hard/libc.a(libc_a-mallocr.o)
 .bss           0x00000000        0x0 /work/toolchains_arm32/toolchains/armhf_eabi_14.2.rel1/arm-gnu-toolchain-14.2.rel1-x86_64-arm-none-eabi/bin/../lib/gcc/arm-none-eabi/14.2.1/../../../../arm-none-eabi/lib/thumb/v7e-m+fp/hard/libc.a(libc_a-mallocr.o)
 .text._malloc_r
                0x00000000      0x598 /work/toolchains_arm32/toolchains/armhf_eabi_14.2.rel1/arm-gnu-toolchain-14.2.rel1-x86_64-arm-none-eabi/bin/../lib/gcc/arm-none-eabi/14.2.1/../../../../arm-none-eabi/lib/thumb/v7e-m+fp/hard/libc.a(libc_a-mallocr.o)
 .bss.__malloc_current_mallinfo
                0x00000000       0x28 /work/toolchains_arm32/toolchains/armhf_eabi_14.2.rel1/arm-gnu-toolchain-14.2.rel1-x86_64-arm-none-eabi/bin/../lib/gcc/arm-none-eabi/14.2.1/../../../../arm-none-eabi/lib/thumb/v7e-m+fp/hard/libc.a(libc_a-mallocr.o)
 .bss.__malloc_max_total_mem
                0x00000000        0x4 /work/toolchains_arm32/toolchains/armhf_eabi_14.2.rel1/arm-gnu-toolchain-14.2.rel1-x86_64-arm-none-eabi/bin/../lib/gcc/arm-none-eabi/14.2.1/../../../../arm-none-eabi/lib/thumb/v7e-m+fp/hard/libc.a(libc_a-mallocr.o)
 .bss.__malloc_max_sbrked_mem
                0x00000000        0x4 /work/toolchains_arm32/toolchains/armhf_eabi_14.2.rel1/arm-gnu-toolchain-14.2.rel1-x86_64-arm-none-eabi/bin/../lib/gcc/arm-none-eabi/14.2.1/../../../../arm-none-eabi/lib/thumb/v7e-m+fp/hard/libc.a(libc_a-mallocr.o)
 .data.__malloc_sbrk_base
                0x00000000        0x4 /work/toolchains_arm32/toolchains/armhf_eabi_14.2.rel1/arm-gnu-toolchain-14.2.rel1-x86_64-arm-none-eabi/bin/../lib/gcc/arm-none-eabi/14.2.1/../../../../arm-none-eabi/lib/thumb/v7e-m+fp/hard/libc.a(libc_a-mallocr.o)
 .bss.__malloc_top_pad
                0x00000000        0x4 /work/toolchains_arm32/toolchains/armhf_eabi_14.2.rel1/arm-gnu-toolchain-14.2.rel1-x86_64-arm-none-eabi/bin/../lib/gcc/arm-none-eabi/14.2.1/../../../../arm-none-eabi/lib/thumb/v7e-m+fp/hard/libc.a(libc_a-mallocr.o)
 .data.__malloc_trim_threshold
                0x00000000        0x4 /work/toolchains_arm32/toolchains/armhf_eabi_14.2.rel1/arm-gnu-toolchain-14.2.rel1-x86_64-arm-none-eabi/bin/../lib/gcc/arm-none-eabi/14.2.1/../../../../arm-none-eabi/lib/thumb/v7e-m+fp/hard/libc.a(libc_a-mallocr.o)
 .data.__malloc_av_
                0x00000000      0x408 /work/toolchains_arm32/toolchains/armhf_eabi_14.2.rel1/arm-gnu-toolchain-14.2.rel1-x86_64-arm-none-eabi/bin/../lib/gcc/arm-none-eabi/14.2.1/../../../../arm-none-eabi/lib/thumb/v7e-m+fp/hard/libc.a(libc_a-mallocr.o)
 .debug_frame   0x00000000       0x4c /work/toolchains_arm32/toolchains/armhf_eabi_14.2.rel1/arm-gnu-toolchain-14.2.rel1-x86_64-arm-none-eabi/bin/../lib/gcc/arm-none-eabi/14.2.1/../../../../arm-none-eabi/lib/thumb/v7e-m+fp/hard/libc.a(libc_a-mallocr.o)
 .ARM.attributes
                0x00000000       0x34 /work/toolchains_arm32/toolchains/armhf_eabi_14.2.rel1/arm-gnu-toolchain-14.2.rel1-x86_64-arm-none-eabi/bin/../lib/gcc/arm-none-eabi/14.2.1/../../../../arm-none-eabi/lib/thumb/v7e-m+fp/hard/libc.a(libc_a-mallocr.o)
 .text          0x00000000        0x0 /work/toolchains_arm32/toolchains/armhf_eabi_14.2.rel1/arm-gnu-toolchain-14.2.rel1-x86_64-arm-none-eabi/bin/../lib/gcc/arm-none-eabi/14.2.1/../../../../arm-none-eabi/lib/thumb/v7e-m+fp/hard/libc.a(libc_a-mlock.o)
 .data          0x00000000        0x0 /work/toolchains_arm32/toolchains/armhf_eabi_14.2.rel1/arm-gnu-toolchain-14.2.rel1-x86_64-arm-none-eabi/bin/../lib/gcc/arm-none-eabi/14.2.1/../../../../arm-none-eabi/lib/thumb/v7e-m+fp/hard/libc.a(libc_a-mlock.o)
 .bss           0x00000000        0x0 /work/toolchains_arm32/toolchains/armhf_eabi_14.2.rel1/arm-gnu-toolchain-14.2.rel1-x86_64-arm-none-eabi/bin/../lib/gcc/arm-none-eabi/14.2.1/../../../../arm-none-eabi/lib/thumb/v7e-m+fp/hard/libc.a(libc_a-mlock.o)
 .text.__malloc_lock
                0x00000000        0xc /work/toolchains_arm32/toolchains/armhf_eabi_14.2.rel1/arm-gnu-toolchain-14.2.rel1-x86_64-arm-none-eabi/bin/../lib/gcc/arm-none-eabi/14.2.1/../../../../arm-none-eabi/lib/thumb/v7e-m+fp/hard/libc.a(libc_a-mlock.o)
 .text.__malloc_unlock
                0x00000000        0xc /work/toolchains_arm32/toolchains/armhf_eabi_14.2.rel1/arm-gnu-toolchain-14.2.rel1-x86_64-arm-none-eabi/bin/../lib/gcc/arm-none-eabi/14.2.1/../../../../arm-none-eabi/lib/thumb/v7e-m+fp/hard/libc.a(libc_a-mlock.o)
 .debug_frame   0x00000000       0x30 /work/toolchains_arm32/toolchains/armhf_eabi_14.2.rel1/arm-gnu-toolchain-14.2.rel1-x86_64-arm-none-eabi/bin/../lib/gcc/arm-none-eabi/14.2.1/../../../../arm-none-eabi/lib/thumb/v7e-m+fp/hard/libc.a(libc_a-mlock.o)
 .ARM.attributes
                0x00000000       0x34 /work/toolchains_arm32/toolchains/armhf_eabi_14.2.rel1/arm-gnu-toolchain-14.2.rel1-x86_64-arm-none-eabi/bin/../lib/gcc/arm-none-eabi/14.2.1/../../../../arm-none-eabi/lib/thumb/v7e-m+fp/hard/libc.a(libc_a-mlock.o)
 .text          0x00000000        0x0 /work/toolchains_arm32/toolchains/armhf_eabi_14.2.rel1/arm-gnu-toolchain-14.2.rel1-x86_64-arm-none-eabi/bin/../lib/gcc/arm-none-eabi/14.2.1/../../../../arm-none-eabi/lib/thumb/v7e-m+fp/hard/libc.a(libc_a-fclose.o)
 .data          0x00000000        0x0 /work/toolchains_arm32/toolchains/armhf_eabi_14.2.rel1/arm-gnu-toolchain-14.2.rel1-x86_64-arm-none-eabi/bin/../lib/gcc/arm-none-eabi/14.2.1/../../../../arm-none-eabi/lib/thumb/v7e-m+fp/hard/libc.a(libc_a-fclose.o)
 .bss           0x00000000        0x0 /work/toolchains_arm32/toolchains/armhf_eabi_14.2.rel1/arm-gnu-toolchain-14.2.rel1-x86_64-arm-none-eabi/bin/../lib/gcc/arm-none-eabi/14.2.1/../../../../arm-none-eabi/lib/thumb/v7e-m+fp/hard/libc.a(libc_a-fclose.o)
 .text._fclose_r
                0x00000000       0xc0 /work/toolchains_arm32/toolchains/armhf_eabi_14.2.rel1/arm-gnu-toolchain-14.2.rel1-x86_64-arm-none-eabi/bin/../lib/gcc/arm-none-eabi/14.2.1/../../../../arm-none-eabi/lib/thumb/v7e-m+fp/hard/libc.a(libc_a-fclose.o)
 .text.fclose   0x00000000       0x10 /work/toolchains_arm32/toolchains/armhf_eabi_14.2.rel1/arm-gnu-toolchain-14.2.rel1-x86_64-arm-none-eabi/bin/../lib/gcc/arm-none-eabi/14.2.1/../../../../arm-none-eabi/lib/thumb/v7e-m+fp/hard/libc.a(libc_a-fclose.o)
 .debug_frame   0x00000000       0x3c /work/toolchains_arm32/toolchains/armhf_eabi_14.2.rel1/arm-gnu-toolchain-14.2.rel1-x86_64-arm-none-eabi/bin/../lib/gcc/arm-none-eabi/14.2.1/../../../../arm-none-eabi/lib/thumb/v7e-m+fp/hard/libc.a(libc_a-fclose.o)
 .ARM.attributes
                0x00000000       0x34 /work/toolchains_arm32/toolchains/armhf_eabi_14.2.rel1/arm-gnu-toolchain-14.2.rel1-x86_64-arm-none-eabi/bin/../lib/gcc/arm-none-eabi/14.2.1/../../../../arm-none-eabi/lib/thumb/v7e-m+fp/hard/libc.a(libc_a-fclose.o)
 .text          0x00000000        0x0 /work/toolchains_arm32/toolchains/armhf_eabi_14.2.rel1/arm-gnu-toolchain-14.2.rel1-x86_64-arm-none-eabi/bin/../lib/gcc/arm-none-eabi/14.2.1/../../../../arm-none-eabi/lib/thumb/v7e-m+fp/hard/libc.a(libc_a-fflush.o)
 .data          0x00000000        0x0 /work/toolchains_arm32/toolchains/armhf_eabi_14.2.rel1/arm-gnu-toolchain-14.2.rel1-x86_64-arm-none-eabi/bin/../lib/gcc/arm-none-eabi/14.2.1/../../../../arm-none-eabi/lib/thumb/v7e-m+fp/hard/libc.a(libc_a-fflush.o)
 .bss           0x00000000        0x0 /work/toolchains_arm32/toolchains/armhf_eabi_14.2.rel1/arm-gnu-toolchain-14.2.rel1-x86_64-arm-none-eabi/bin/../lib/gcc/arm-none-eabi/14.2.1/../../../../arm-none-eabi/lib/thumb/v7e-m+fp/hard/libc.a(libc_a-fflush.o)
 .text.__sflush_r
                0x00000000      0x134 /work/toolchains_arm32/toolchains/armhf_eabi_14.2.rel1/arm-gnu-toolchain-14.2.rel1-x86_64-arm-none-eabi/bin/../lib/gcc/arm-none-eabi/14.2.1/../../../../arm-none-eabi/lib/thumb/v7e-m+fp/hard/libc.a(libc_a-fflush.o)
 .text._fflush_r
                0x00000000       0x54 /work/toolchains_arm32/toolchains/armhf_eabi_14.2.rel1/arm-gnu-toolchain-14.2.rel1-x86_64-arm-none-eabi/bin/../lib/gcc/arm-none-eabi/14.2.1/../../../../arm-none-eabi/lib/thumb/v7e-m+fp/hard/libc.a(libc_a-fflush.o)
 .text.fflush   0x00000000       0x74 /work/toolchains_arm32/toolchains/armhf_eabi_14.2.rel1/arm-gnu-toolchain-14.2.rel1-x86_64-arm-none-eabi/bin/../lib/gcc/arm-none-eabi/14.2.1/../../../../arm-none-eabi/lib/thumb/v7e-m+fp/hard/libc.a(libc_a-fflush.o)
 .debug_frame   0x00000000       0x70 /work/toolchains_arm32/toolchains/armhf_eabi_14.2.rel1/arm-gnu-toolchain-14.2.rel1-x86_64-arm-none-eabi/bin/../lib/gcc/arm-none-eabi/14.2.1/../../../../arm-none-eabi/lib/thumb/v7e-m+fp/hard/libc.a(libc_a-fflush.o)
 .ARM.attributes
                0x00000000       0x34 /work/toolchains_arm32/toolchains/armhf_eabi_14.2.rel1/arm-gnu-toolchain-14.2.rel1-x86_64-arm-none-eabi/bin/../lib/gcc/arm-none-eabi/14.2.1/../../../../arm-none-eabi/lib/thumb/v7e-m+fp/hard/libc.a(libc_a-fflush.o)
 .text          0x00000000        0x0 /work/toolchains_arm32/toolchains/armhf_eabi_14.2.rel1/arm-gnu-toolchain-14.2.rel1-x86_64-arm-none-eabi/bin/../lib/gcc/arm-none-eabi/14.2.1/../../../../arm-none-eabi/lib/thumb/v7e-m+fp/hard/libc.a(libc_a-sbrkr.o)
 .data          0x00000000        0x0 /work/toolchains_arm32/toolchains/armhf_eabi_14.2.rel1/arm-gnu-toolchain-14.2.rel1-x86_64-arm-none-eabi/bin/../lib/gcc/arm-none-eabi/14.2.1/../../../../arm-none-eabi/lib/thumb/v7e-m+fp/hard/libc.a(libc_a-sbrkr.o)
 .bss           0x00000000        0x0 /work/toolchains_arm32/toolchains/armhf_eabi_14.2.rel1/arm-gnu-toolchain-14.2.rel1-x86_64-arm-none-eabi/bin/../lib/gcc/arm-none-eabi/14.2.1/../../../../arm-none-eabi/lib/thumb/v7e-m+fp/hard/libc.a(libc_a-sbrkr.o)
 .text._sbrk_r  0x00000000       0x24 /work/toolchains_arm32/toolchains/armhf_eabi_14.2.rel1/arm-gnu-toolchain-14.2.rel1-x86_64-arm-none-eabi/bin/../lib/gcc/arm-none-eabi/14.2.1/../../../../arm-none-eabi/lib/thumb/v7e-m+fp/hard/libc.a(libc_a-sbrkr.o)
 .debug_frame   0x00000000       0x2c /work/toolchains_arm32/toolchains/armhf_eabi_14.2.rel1/arm-gnu-toolchain-14.2.rel1-x86_64-arm-none-eabi/bin/../lib/gcc/arm-none-eabi/14.2.1/../../../../arm-none-eabi/lib/thumb/v7e-m+fp/hard/libc.a(libc_a-sbrkr.o)
 .ARM.attributes
                0x00000000       0x34 /work/toolchains_arm32/toolchains/armhf_eabi_14.2.rel1/arm-gnu-toolchain-14.2.rel1-x86_64-arm-none-eabi/bin/../lib/gcc/arm-none-eabi/14.2.1/../../../../arm-none-eabi/lib/thumb/v7e-m+fp/hard/libc.a(libc_a-sbrkr.o)
 .text          0x00000000        0x0 /work/toolchains_arm32/toolchains/armhf_eabi_14.2.rel1/arm-gnu-toolchain-14.2.rel1-x86_64-arm-none-eabi/bin/../lib/gcc/arm-none-eabi/14.2.1/../../../../arm-none-eabi/lib/thumb/v7e-m+fp/hard/libc.a(libc_a-fini.o)
 .data          0x00000000        0x0 /work/toolchains_arm32/toolchains/armhf_eabi_14.2.rel1/arm-gnu-toolchain-14.2.rel1-x86_64-arm-none-eabi/bin/../lib/gcc/arm-none-eabi/14.2.1/../../../../arm-none-eabi/lib/thumb/v7e-m+fp/hard/libc.a(libc_a-fini.o)
 .bss           0x00000000        0x0 /work/toolchains_arm32/toolchains/armhf_eabi_14.2.rel1/arm-gnu-toolchain-14.2.rel1-x86_64-arm-none-eabi/bin/../lib/gcc/arm-none-eabi/14.2.1/../../../../arm-none-eabi/lib/thumb/v7e-m+fp/hard/libc.a(libc_a-fini.o)
 .text          0x00000000        0x0 /work/toolchains_arm32/toolchains/armhf_eabi_14.2.rel1/arm-gnu-toolchain-14.2.rel1-x86_64-arm-none-eabi/bin/../lib/gcc/arm-none-eabi/14.2.1/../../../../arm-none-eabi/lib/thumb/v7e-m+fp/hard/libc.a(libc_a-sysconf.o)
 .data          0x00000000        0x0 /work/toolchains_arm32/toolchains/armhf_eabi_14.2.rel1/arm-gnu-toolchain-14.2.rel1-x86_64-arm-none-eabi/bin/../lib/gcc/arm-none-eabi/14.2.1/../../../../arm-none-eabi/lib/thumb/v7e-m+fp/hard/libc.a(libc_a-sysconf.o)
 .bss           0x00000000        0x0 /work/toolchains_arm32/toolchains/armhf_eabi_14.2.rel1/arm-gnu-toolchain-14.2.rel1-x86_64-arm-none-eabi/bin/../lib/gcc/arm-none-eabi/14.2.1/../../../../arm-none-eabi/lib/thumb/v7e-m+fp/hard/libc.a(libc_a-sysconf.o)
 .text.sysconf  0x00000000       0x1c /work/toolchains_arm32/toolchains/armhf_eabi_14.2.rel1/arm-gnu-toolchain-14.2.rel1-x86_64-arm-none-eabi/bin/../lib/gcc/arm-none-eabi/14.2.1/../../../../arm-none-eabi/lib/thumb/v7e-m+fp/hard/libc.a(libc_a-sysconf.o)
 .debug_frame   0x00000000       0x28 /work/toolchains_arm32/toolchains/armhf_eabi_14.2.rel1/arm-gnu-toolchain-14.2.rel1-x86_64-arm-none-eabi/bin/../lib/gcc/arm-none-eabi/14.2.1/../../../../arm-none-eabi/lib/thumb/v7e-m+fp/hard/libc.a(libc_a-sysconf.o)
 .ARM.attributes
                0x00000000       0x34 /work/toolchains_arm32/toolchains/armhf_eabi_14.2.rel1/arm-gnu-toolchain-14.2.rel1-x86_64-arm-none-eabi/bin/../lib/gcc/arm-none-eabi/14.2.1/../../../../arm-none-eabi/lib/thumb/v7e-m+fp/hard/libc.a(libc_a-sysconf.o)
 .text          0x00000000        0x0 /work/toolchains_arm32/toolchains/armhf_eabi_14.2.rel1/arm-gnu-toolchain-14.2.rel1-x86_64-arm-none-eabi/bin/../lib/gcc/arm-none-eabi/14.2.1/../../../../arm-none-eabi/lib/thumb/v7e-m+fp/hard/libc.a(libc_a-__atexit.o)
 .data          0x00000000        0x0 /work/toolchains_arm32/toolchains/armhf_eabi_14.2.rel1/arm-gnu-toolchain-14.2.rel1-x86_64-arm-none-eabi/bin/../lib/gcc/arm-none-eabi/14.2.1/../../../../arm-none-eabi/lib/thumb/v7e-m+fp/hard/libc.a(libc_a-__atexit.o)
 .bss           0x00000000        0x0 /work/toolchains_arm32/toolchains/armhf_eabi_14.2.rel1/arm-gnu-toolchain-14.2.rel1-x86_64-arm-none-eabi/bin/../lib/gcc/arm-none-eabi/14.2.1/../../../../arm-none-eabi/lib/thumb/v7e-m+fp/hard/libc.a(libc_a-__atexit.o)
 .text          0x00000000        0x0 /work/toolchains_arm32/toolchains/armhf_eabi_14.2.rel1/arm-gnu-toolchain-14.2.rel1-x86_64-arm-none-eabi/bin/../lib/gcc/arm-none-eabi/14.2.1/thumb/v7e-m+fp/hard/crtend.o
 .data          0x00000000        0x0 /work/toolchains_arm32/toolchains/armhf_eabi_14.2.rel1/arm-gnu-toolchain-14.2.rel1-x86_64-arm-none-eabi/bin/../lib/gcc/arm-none-eabi/14.2.1/thumb/v7e-m+fp/hard/crtend.o
 .bss           0x00000000        0x0 /work/toolchains_arm32/toolchains/armhf_eabi_14.2.rel1/arm-gnu-toolchain-14.2.rel1-x86_64-arm-none-eabi/bin/../lib/gcc/arm-none-eabi/14.2.1/thumb/v7e-m+fp/hard/crtend.o
 .rodata.all_implied_fbits
                0x00000000       0x24 /work/toolchains_arm32/toolchains/armhf_eabi_14.2.rel1/arm-gnu-toolchain-14.2.rel1-x86_64-arm-none-eabi/bin/../lib/gcc/arm-none-eabi/14.2.1/thumb/v7e-m+fp/hard/crtend.o
 .eh_frame      0x00000000        0x4 /work/toolchains_arm32/toolchains/armhf_eabi_14.2.rel1/arm-gnu-toolchain-14.2.rel1-x86_64-arm-none-eabi/bin/../lib/gcc/arm-none-eabi/14.2.1/thumb/v7e-m+fp/hard/crtend.o
 .text          0x00000000        0x0 /work/toolchains_arm32/toolchains/armhf_eabi_14.2.rel1/arm-gnu-toolchain-14.2.rel1-x86_64-arm-none-eabi/bin/../lib/gcc/arm-none-eabi/14.2.1/thumb/v7e-m+fp/hard/crtn.o
 .data          0x00000000        0x0 /work/toolchains_arm32/toolchains/armhf_eabi_14.2.rel1/arm-gnu-toolchain-14.2.rel1-x86_64-arm-none-eabi/bin/../lib/gcc/arm-none-eabi/14.2.1/thumb/v7e-m+fp/hard/crtn.o
 .bss           0x00000000        0x0 /work/toolchains_arm32/toolchains/armhf_eabi_14.2.rel1/arm-gnu-toolchain-14.2.rel1-x86_64-arm-none-eabi/bin/../lib/gcc/arm-none-eabi/14.2.1/thumb/v7e-m+fp/hard/crtn.o

Memory Configuration

Name             Origin             Length             Attributes
CCMRAM           0x10000000         0x00010000         xrw
RAM              0x20000000         0x00030000         xrw
ROM              0x08000000         0x00200000         xr
*default*        0x00000000         0xffffffff

Linker script and memory map

LOAD /work/toolchains_arm32/toolchains/armhf_eabi_14.2.rel1/arm-gnu-toolchain-14.2.rel1-x86_64-arm-none-eabi/bin/../lib/gcc/arm-none-eabi/14.2.1/thumb/v7e-m+fp/hard/crti.o
LOAD /work/toolchains_arm32/toolchains/armhf_eabi_14.2.rel1/arm-gnu-toolchain-14.2.rel1-x86_64-arm-none-eabi/bin/../lib/gcc/arm-none-eabi/14.2.1/thumb/v7e-m+fp/hard/crtbegin.o
LOAD /work/toolchains_arm32/toolchains/armhf_eabi_14.2.rel1/arm-gnu-toolchain-14.2.rel1-x86_64-arm-none-eabi/bin/../lib/gcc/arm-none-eabi/14.2.1/../../../../arm-none-eabi/lib/thumb/v7e-m+fp/hard/crt0.o
LOAD Src/main.o
LOAD Src/syscalls.o
LOAD Inc/system_stm32f4xx.o
LOAD startup/startup_stm32f429zitx.o
START GROUP
LOAD /work/toolchains_arm32/toolchains/armhf_eabi_14.2.rel1/arm-gnu-toolchain-14.2.rel1-x86_64-arm-none-eabi/bin/../lib/gcc/arm-none-eabi/14.2.1/thumb/v7e-m+fp/hard/libgcc.a
LOAD /work/toolchains_arm32/toolchains/armhf_eabi_14.2.rel1/arm-gnu-toolchain-14.2.rel1-x86_64-arm-none-eabi/bin/../lib/gcc/arm-none-eabi/14.2.1/../../../../arm-none-eabi/lib/thumb/v7e-m+fp/hard/libc.a
END GROUP
LOAD /work/toolchains_arm32/toolchains/armhf_eabi_14.2.rel1/arm-gnu-toolchain-14.2.rel1-x86_64-arm-none-eabi/bin/../lib/gcc/arm-none-eabi/14.2.1/thumb/v7e-m+fp/hard/crtend.o
LOAD /work/toolchains_arm32/toolchains/armhf_eabi_14.2.rel1/arm-gnu-toolchain-14.2.rel1-x86_64-arm-none-eabi/bin/../lib/gcc/arm-none-eabi/14.2.1/thumb/v7e-m+fp/hard/crtn.o
                0x20030000                        _estack = (ORIGIN (RAM) + LENGTH (RAM))
                0x00000200                        _Min_Heap_Size = 0x200
                0x00000400                        _Min_Stack_Size = 0x400

.isr_vector     0x08000000      0x1ac
                0x08000000                        . = ALIGN (0x4)
 *(.isr_vector)
 .isr_vector    0x08000000      0x1ac startup/startup_stm32f429zitx.o
                0x08000000                g_pfnVectors
                0x080001ac                        . = ALIGN (0x4)

.text           0x080001ac      0x3ac
                0x080001ac                        . = ALIGN (0x4)
 *(.text)
 .text          0x080001ac       0x24 Src/main.o
                0x080001ac                main
 .text          0x080001d0      0x170 Inc/system_stm32f4xx.o
                0x080001d0                SystemInit
                0x0800023c                SystemCoreClockUpdate
 *(.text*)
 .text.deregister_tm_clones
                0x08000340       0x1c /work/toolchains_arm32/toolchains/armhf_eabi_14.2.rel1/arm-gnu-toolchain-14.2.rel1-x86_64-arm-none-eabi/bin/../lib/gcc/arm-none-eabi/14.2.1/thumb/v7e-m+fp/hard/crtbegin.o
 .text.register_tm_clones
                0x0800035c       0x24 /work/toolchains_arm32/toolchains/armhf_eabi_14.2.rel1/arm-gnu-toolchain-14.2.rel1-x86_64-arm-none-eabi/bin/../lib/gcc/arm-none-eabi/14.2.1/thumb/v7e-m+fp/hard/crtbegin.o
 .text.__do_global_dtors_aux
                0x08000380       0x28 /work/toolchains_arm32/toolchains/armhf_eabi_14.2.rel1/arm-gnu-toolchain-14.2.rel1-x86_64-arm-none-eabi/bin/../lib/gcc/arm-none-eabi/14.2.1/thumb/v7e-m+fp/hard/crtbegin.o
 .text.frame_dummy
                0x080003a8       0x24 /work/toolchains_arm32/toolchains/armhf_eabi_14.2.rel1/arm-gnu-toolchain-14.2.rel1-x86_64-arm-none-eabi/bin/../lib/gcc/arm-none-eabi/14.2.1/thumb/v7e-m+fp/hard/crtbegin.o
 .text.Reset_Handler
                0x080003cc       0x50 startup/startup_stm32f429zitx.o
                0x080003cc                Reset_Handler
 .text.Default_Handler
                0x0800041c        0x2 startup/startup_stm32f429zitx.o
                0x0800041c                RTC_Alarm_IRQHandler
                0x0800041c                HASH_RNG_IRQHandler
                0x0800041c                EXTI2_IRQHandler
                0x0800041c                TIM8_CC_IRQHandler
                0x0800041c                DebugMon_Handler
                0x0800041c                UART8_IRQHandler
                0x0800041c                SPI4_IRQHandler
                0x0800041c                TIM1_CC_IRQHandler
                0x0800041c                DMA2_Stream5_IRQHandler
                0x0800041c                HardFault_Handler
                0x0800041c                DMA1_Stream5_IRQHandler
                0x0800041c                SysTick_Handler
                0x0800041c                PVD_IRQHandler
                0x0800041c                SDIO_IRQHandler
                0x0800041c                TAMP_STAMP_IRQHandler
                0x0800041c                PendSV_Handler
                0x0800041c                NMI_Handler
                0x0800041c                CAN2_RX1_IRQHandler
                0x0800041c                EXTI3_IRQHandler
                0x0800041c                TIM8_TRG_COM_TIM14_IRQHandler
                0x0800041c                TIM1_UP_TIM10_IRQHandler
                0x0800041c                TIM8_UP_TIM13_IRQHandler
                0x0800041c                I2C3_ER_IRQHandler
                0x0800041c                EXTI0_IRQHandler
                0x0800041c                I2C2_EV_IRQHandler
                0x0800041c                DMA1_Stream2_IRQHandler
                0x0800041c                CAN1_RX0_IRQHandler
                0x0800041c                FPU_IRQHandler
                0x0800041c                OTG_HS_WKUP_IRQHandler
                0x0800041c                UsageFault_Handler
                0x0800041c                LTDC_ER_IRQHandler
                0x0800041c                CAN2_SCE_IRQHandler
                0x0800041c                DMA2_Stream2_IRQHandler
                0x0800041c                SPI1_IRQHandler
                0x0800041c                TIM6_DAC_IRQHandler
                0x0800041c                TIM1_BRK_TIM9_IRQHandler
                0x0800041c                DCMI_IRQHandler
                0x0800041c                CAN2_RX0_IRQHandler
                0x0800041c                DMA2_Stream3_IRQHandler
                0x0800041c                USART6_IRQHandler
                0x0800041c                USART3_IRQHandler
                0x0800041c                CAN1_RX1_IRQHandler
                0x0800041c                UART5_IRQHandler
                0x0800041c                DMA2_Stream0_IRQHandler
                0x0800041c                TIM4_IRQHandler
                0x0800041c                I2C1_EV_IRQHandler
                0x0800041c                DMA1_Stream6_IRQHandler
                0x0800041c                DMA1_Stream1_IRQHandler
                0x0800041c                UART4_IRQHandler
                0x0800041c                TIM3_IRQHandler
                0x0800041c                RCC_IRQHandler
                0x0800041c                TIM8_BRK_TIM12_IRQHandler
                0x0800041c                Default_Handler
                0x0800041c                EXTI15_10_IRQHandler
                0x0800041c                ADC_IRQHandler
                0x0800041c                DMA1_Stream7_IRQHandler
                0x0800041c                SPI5_IRQHandler
                0x0800041c                TIM7_IRQHandler
                0x0800041c                CAN2_TX_IRQHandler
                0x0800041c                TIM5_IRQHandler
                0x0800041c                DMA2_Stream7_IRQHandler
                0x0800041c                I2C3_EV_IRQHandler
                0x0800041c                EXTI9_5_IRQHandler
                0x0800041c                RTC_WKUP_IRQHandler
                0x0800041c                LTDC_IRQHandler
                0x0800041c                ETH_WKUP_IRQHandler
                0x0800041c                SPI2_IRQHandler
                0x0800041c                OTG_HS_EP1_IN_IRQHandler
                0x0800041c                MemManage_Handler
                0x0800041c                DMA1_Stream0_IRQHandler
                0x0800041c                CAN1_TX_IRQHandler
                0x0800041c                SVC_Handler
                0x0800041c                EXTI4_IRQHandler
                0x0800041c                ETH_IRQHandler
                0x0800041c                OTG_HS_EP1_OUT_IRQHandler
                0x0800041c                WWDG_IRQHandler
                0x0800041c                SPI6_IRQHandler
                0x0800041c                TIM2_IRQHandler
                0x0800041c                OTG_FS_WKUP_IRQHandler
                0x0800041c                TIM1_TRG_COM_TIM11_IRQHandler
                0x0800041c                OTG_HS_IRQHandler
                0x0800041c                DMA2D_IRQHandler
                0x0800041c                EXTI1_IRQHandler
                0x0800041c                UART7_IRQHandler
                0x0800041c                USART2_IRQHandler
                0x0800041c                I2C2_ER_IRQHandler
                0x0800041c                DMA2_Stream1_IRQHandler
                0x0800041c                CAN1_SCE_IRQHandler
                0x0800041c                FLASH_IRQHandler
                0x0800041c                DMA2_Stream4_IRQHandler
                0x0800041c                BusFault_Handler
                0x0800041c                USART1_IRQHandler
                0x0800041c                OTG_FS_IRQHandler
                0x0800041c                SPI3_IRQHandler
                0x0800041c                DMA1_Stream4_IRQHandler
                0x0800041c                I2C1_ER_IRQHandler
                0x0800041c                FMC_IRQHandler
                0x0800041c                DMA2_Stream6_IRQHandler
                0x0800041c                SAI1_IRQHandler
                0x0800041c                DMA1_Stream3_IRQHandler
 *fill*         0x0800041e        0x2 
 .text.__libc_init_array
                0x08000420       0x50 /work/toolchains_arm32/toolchains/armhf_eabi_14.2.rel1/arm-gnu-toolchain-14.2.rel1-x86_64-arm-none-eabi/bin/../lib/gcc/arm-none-eabi/14.2.1/../../../../arm-none-eabi/lib/thumb/v7e-m+fp/hard/libc.a(libc_a-init.o)
                0x08000420                __libc_init_array
 .text.__retarget_lock_acquire_recursive
                0x08000470        0x4 /work/toolchains_arm32/toolchains/armhf_eabi_14.2.rel1/arm-gnu-toolchain-14.2.rel1-x86_64-arm-none-eabi/bin/../lib/gcc/arm-none-eabi/14.2.1/../../../../arm-none-eabi/lib/thumb/v7e-m+fp/hard/libc.a(libc_a-lock.o)
                0x08000470                __retarget_lock_acquire_recursive
 .text.__retarget_lock_release_recursive
                0x08000474        0x4 /work/toolchains_arm32/toolchains/armhf_eabi_14.2.rel1/arm-gnu-toolchain-14.2.rel1-x86_64-arm-none-eabi/bin/../lib/gcc/arm-none-eabi/14.2.1/../../../../arm-none-eabi/lib/thumb/v7e-m+fp/hard/libc.a(libc_a-lock.o)
                0x08000474                __retarget_lock_release_recursive
 .text.startup.register_fini
                0x08000478       0x14 /work/toolchains_arm32/toolchains/armhf_eabi_14.2.rel1/arm-gnu-toolchain-14.2.rel1-x86_64-arm-none-eabi/bin/../lib/gcc/arm-none-eabi/14.2.1/../../../../arm-none-eabi/lib/thumb/v7e-m+fp/hard/libc.a(libc_a-__call_atexit.o)
 .text.atexit   0x0800048c        0xc /work/toolchains_arm32/toolchains/armhf_eabi_14.2.rel1/arm-gnu-toolchain-14.2.rel1-x86_64-arm-none-eabi/bin/../lib/gcc/arm-none-eabi/14.2.1/../../../../arm-none-eabi/lib/thumb/v7e-m+fp/hard/libc.a(libc_a-atexit.o)
                0x0800048c                atexit
 .text.__libc_fini_array
                0x08000498       0x28 /work/toolchains_arm32/toolchains/armhf_eabi_14.2.rel1/arm-gnu-toolchain-14.2.rel1-x86_64-arm-none-eabi/bin/../lib/gcc/arm-none-eabi/14.2.1/../../../../arm-none-eabi/lib/thumb/v7e-m+fp/hard/libc.a(libc_a-fini.o)
                0x08000498                __libc_fini_array
 .text.__register_exitproc
                0x080004c0       0x80 /work/toolchains_arm32/toolchains/armhf_eabi_14.2.rel1/arm-gnu-toolchain-14.2.rel1-x86_64-arm-none-eabi/bin/../lib/gcc/arm-none-eabi/14.2.1/../../../../arm-none-eabi/lib/thumb/v7e-m+fp/hard/libc.a(libc_a-__atexit.o)
                0x080004c0                __register_exitproc
 *(.glue_7)
 .glue_7        0x08000540        0x0 linker stubs
 *(.glue_7t)
 .glue_7t       0x08000540        0x0 linker stubs
 *(.eh_frame)
 .eh_frame      0x08000540        0x0 /work/toolchains_arm32/toolchains/armhf_eabi_14.2.rel1/arm-gnu-toolchain-14.2.rel1-x86_64-arm-none-eabi/bin/../lib/gcc/arm-none-eabi/14.2.1/thumb/v7e-m+fp/hard/crtbegin.o
 *(.init)
 .init          0x08000540        0x4 /work/toolchains_arm32/toolchains/armhf_eabi_14.2.rel1/arm-gnu-toolchain-14.2.rel1-x86_64-arm-none-eabi/bin/../lib/gcc/arm-none-eabi/14.2.1/thumb/v7e-m+fp/hard/crti.o
                0x08000540                _init
 .init          0x08000544        0x8 /work/toolchains_arm32/toolchains/armhf_eabi_14.2.rel1/arm-gnu-toolchain-14.2.rel1-x86_64-arm-none-eabi/bin/../lib/gcc/arm-none-eabi/14.2.1/thumb/v7e-m+fp/hard/crtn.o
 *(.fini)
 .fini          0x0800054c        0x4 /work/toolchains_arm32/toolchains/armhf_eabi_14.2.rel1/arm-gnu-toolchain-14.2.rel1-x86_64-arm-none-eabi/bin/../lib/gcc/arm-none-eabi/14.2.1/thumb/v7e-m+fp/hard/crti.o
                0x0800054c                _fini
 .fini          0x08000550        0x8 /work/toolchains_arm32/toolchains/armhf_eabi_14.2.rel1/arm-gnu-toolchain-14.2.rel1-x86_64-arm-none-eabi/bin/../lib/gcc/arm-none-eabi/14.2.1/thumb/v7e-m+fp/hard/crtn.o
                0x08000558                        . = ALIGN (0x4)
                0x08000558                        _etext = .

.vfp11_veneer   0x08000558        0x0
 .vfp11_veneer  0x08000558        0x0 linker stubs

.v4_bx          0x08000558        0x0
 .v4_bx         0x08000558        0x0 linker stubs

.iplt           0x08000558        0x0
 .iplt          0x08000558        0x0 /work/toolchains_arm32/toolchains/armhf_eabi_14.2.rel1/arm-gnu-toolchain-14.2.rel1-x86_64-arm-none-eabi/bin/../lib/gcc/arm-none-eabi/14.2.1/thumb/v7e-m+fp/hard/crtbegin.o

.rodata         0x08000558       0x24
                0x08000558                        . = ALIGN (0x4)
 *(.rodata)
 .rodata        0x08000558       0x13 Src/main.o
 *fill*         0x0800056b        0x1 
 .rodata        0x0800056c       0x10 Inc/system_stm32f4xx.o
                0x0800056c                AHBPrescTable
 *(.rodata*)
                0x0800057c                        . = ALIGN (0x4)

.ARM.extab      0x0800057c        0x0
                0x0800057c                        . = ALIGN (0x4)
 *(.ARM.extab* .gnu.linkonce.armextab.*)
                0x0800057c                        . = ALIGN (0x4)

.ARM            0x0800057c        0x0
                0x0800057c                        . = ALIGN (0x4)
                0x0800057c                        __exidx_start = .
 *(.ARM.exidx*)
                0x0800057c                        __exidx_end = .
                0x0800057c                        . = ALIGN (0x4)

.preinit_array  0x0800057c        0x0
                0x0800057c                        . = ALIGN (0x4)
                0x0800057c                        PROVIDE (__preinit_array_start = .)
 *(.preinit_array*)
                0x0800057c                        PROVIDE (__preinit_array_end = .)
                0x0800057c                        . = ALIGN (0x4)

.init_array     0x0800057c        0x8
                0x0800057c                        . = ALIGN (0x4)
                0x0800057c                        PROVIDE (__init_array_start = .)
 *(SORT_BY_NAME(.init_array.*))
 .init_array.00000
                0x0800057c        0x4 /work/toolchains_arm32/toolchains/armhf_eabi_14.2.rel1/arm-gnu-toolchain-14.2.rel1-x86_64-arm-none-eabi/bin/../lib/gcc/arm-none-eabi/14.2.1/../../../../arm-none-eabi/lib/thumb/v7e-m+fp/hard/libc.a(libc_a-__call_atexit.o)
 *(.init_array*)
 .init_array    0x08000580        0x4 /work/toolchains_arm32/toolchains/armhf_eabi_14.2.rel1/arm-gnu-toolchain-14.2.rel1-x86_64-arm-none-eabi/bin/../lib/gcc/arm-none-eabi/14.2.1/thumb/v7e-m+fp/hard/crtbegin.o
                0x08000584                        PROVIDE (__init_array_end = .)
                0x08000584                        . = ALIGN (0x4)

.fini_array     0x08000584        0x4
                0x08000584                        . = ALIGN (0x4)
                0x08000584                        PROVIDE (__fini_array_start = .)
 *(SORT_BY_NAME(.fini_array.*))
 *(.fini_array*)
 .fini_array    0x08000584        0x4 /work/toolchains_arm32/toolchains/armhf_eabi_14.2.rel1/arm-gnu-toolchain-14.2.rel1-x86_64-arm-none-eabi/bin/../lib/gcc/arm-none-eabi/14.2.1/thumb/v7e-m+fp/hard/crtbegin.o
                0x08000588                        PROVIDE (__fini_array_end = .)
                0x08000588                        . = ALIGN (0x4)
                0x08000588                        _sidata = LOADADDR (.data)

.rel.dyn        0x08000588        0x0
 .rel.iplt      0x08000588        0x0 /work/toolchains_arm32/toolchains/armhf_eabi_14.2.rel1/arm-gnu-toolchain-14.2.rel1-x86_64-arm-none-eabi/bin/../lib/gcc/arm-none-eabi/14.2.1/thumb/v7e-m+fp/hard/crtbegin.o

.data           0x20000000        0x8 load address 0x08000588
                0x20000000                        . = ALIGN (0x4)
                0x20000000                        _sdata = .
 *(.data)
 .data          0x20000000        0x4 Inc/system_stm32f4xx.o
                0x20000000                SystemCoreClock
 *(.data*)
 .data.__atexit_recursive_mutex
                0x20000004        0x4 /work/toolchains_arm32/toolchains/armhf_eabi_14.2.rel1/arm-gnu-toolchain-14.2.rel1-x86_64-arm-none-eabi/bin/../lib/gcc/arm-none-eabi/14.2.1/../../../../arm-none-eabi/lib/thumb/v7e-m+fp/hard/libc.a(libc_a-__call_atexit.o)
                0x20000004                __atexit_recursive_mutex
 *(.RamFunc)
 *(.RamFunc*)
                0x20000008                        . = ALIGN (0x4)
                0x20000008                        _edata = .
                0x08000590                        _siccmram = LOADADDR (.ccmram)

.tm_clone_table
                0x20000008        0x0 load address 0x08000590
 .tm_clone_table
                0x20000008        0x0 /work/toolchains_arm32/toolchains/armhf_eabi_14.2.rel1/arm-gnu-toolchain-14.2.rel1-x86_64-arm-none-eabi/bin/../lib/gcc/arm-none-eabi/14.2.1/thumb/v7e-m+fp/hard/crtbegin.o
 .tm_clone_table
                0x20000008        0x0 /work/toolchains_arm32/toolchains/armhf_eabi_14.2.rel1/arm-gnu-toolchain-14.2.rel1-x86_64-arm-none-eabi/bin/../lib/gcc/arm-none-eabi/14.2.1/thumb/v7e-m+fp/hard/crtend.o

.igot.plt       0x20000008        0x0 load address 0x08000590
 .igot.plt      0x20000008        0x0 /work/toolchains_arm32/toolchains/armhf_eabi_14.2.rel1/arm-gnu-toolchain-14.2.rel1-x86_64-arm-none-eabi/bin/../lib/gcc/arm-none-eabi/14.2.1/thumb/v7e-m+fp/hard/crtbegin.o

.ccmram         0x10000000        0x0 load address 0x08000590
                0x10000000                        . = ALIGN (0x4)
                0x10000000                        _sccmram = .
 *(.ccmram)
 *(.ccmram*)
                0x10000000                        . = ALIGN (0x4)
                0x10000000                        _eccmram = .
                0x10000000                        . = ALIGN (0x4)

.bss            0x20000008      0x1b4
                0x20000008                        _sbss = .
                0x20000008                        __bss_start__ = _sbss
 *(.bss)
 *(.bss*)
 .bss.completed.1
                0x20000008        0x1 /work/toolchains_arm32/toolchains/armhf_eabi_14.2.rel1/arm-gnu-toolchain-14.2.rel1-x86_64-arm-none-eabi/bin/../lib/gcc/arm-none-eabi/14.2.1/thumb/v7e-m+fp/hard/crtbegin.o
 *fill*         0x20000009        0x3 
 .bss.object.0  0x2000000c       0x18 /work/toolchains_arm32/toolchains/armhf_eabi_14.2.rel1/arm-gnu-toolchain-14.2.rel1-x86_64-arm-none-eabi/bin/../lib/gcc/arm-none-eabi/14.2.1/thumb/v7e-m+fp/hard/crtbegin.o
 .bss.__lock___atexit_recursive_mutex
                0x20000024        0x1 /work/toolchains_arm32/toolchains/armhf_eabi_14.2.rel1/arm-gnu-toolchain-14.2.rel1-x86_64-arm-none-eabi/bin/../lib/gcc/arm-none-eabi/14.2.1/../../../../arm-none-eabi/lib/thumb/v7e-m+fp/hard/libc.a(libc_a-lock.o)
                0x20000024                __lock___atexit_recursive_mutex
 *fill*         0x20000025        0x3 
 .bss.__atexit  0x20000028        0x4 /work/toolchains_arm32/toolchains/armhf_eabi_14.2.rel1/arm-gnu-toolchain-14.2.rel1-x86_64-arm-none-eabi/bin/../lib/gcc/arm-none-eabi/14.2.1/../../../../arm-none-eabi/lib/thumb/v7e-m+fp/hard/libc.a(libc_a-__call_atexit.o)
                0x20000028                __atexit
 .bss.__atexit0
                0x2000002c      0x190 /work/toolchains_arm32/toolchains/armhf_eabi_14.2.rel1/arm-gnu-toolchain-14.2.rel1-x86_64-arm-none-eabi/bin/../lib/gcc/arm-none-eabi/14.2.1/../../../../arm-none-eabi/lib/thumb/v7e-m+fp/hard/libc.a(libc_a-__atexit.o)
                0x2000002c                __atexit0
 *(COMMON)
                0x200001bc                        . = ALIGN (0x4)
                0x200001bc                        _ebss = .
                0x200001bc                        __bss_end__ = _ebss

._user_heap_stack
                0x200001bc      0x604
                0x200001c0                        . = ALIGN (0x8)
 *fill*         0x200001bc        0x4 
                [!provide]                        PROVIDE (end = .)
                0x200001c0                        PROVIDE (_end = .)
                0x200003c0                        . = (. + _Min_Heap_Size)
 *fill*         0x200001c0      0x200 
                0x200007c0                        . = (. + _Min_Stack_Size)
 *fill*         0x200003c0      0x400 
                0x200007c0                        . = ALIGN (0x8)

/DISCARD/
 libc.a(*)
 libm.a(*)
 libgcc.a(*)

.ARM.attributes
                0x00000000       0x30
 *(.ARM.attributes)
 .ARM.attributes
                0x00000000       0x22 /work/toolchains_arm32/toolchains/armhf_eabi_14.2.rel1/arm-gnu-toolchain-14.2.rel1-x86_64-arm-none-eabi/bin/../lib/gcc/arm-none-eabi/14.2.1/thumb/v7e-m+fp/hard/crti.o
 .ARM.attributes
                0x00000022       0x34 /work/toolchains_arm32/toolchains/armhf_eabi_14.2.rel1/arm-gnu-toolchain-14.2.rel1-x86_64-arm-none-eabi/bin/../lib/gcc/arm-none-eabi/14.2.1/thumb/v7e-m+fp/hard/crtbegin.o
 .ARM.attributes
                0x00000056       0x34 Src/main.o
 .ARM.attributes
                0x0000008a       0x34 Inc/system_stm32f4xx.o
 .ARM.attributes
                0x000000be       0x21 startup/startup_stm32f429zitx.o
 .ARM.attributes
                0x000000df       0x34 /work/toolchains_arm32/toolchains/armhf_eabi_14.2.rel1/arm-gnu-toolchain-14.2.rel1-x86_64-arm-none-eabi/bin/../lib/gcc/arm-none-eabi/14.2.1/../../../../arm-none-eabi/lib/thumb/v7e-m+fp/hard/libc.a(libc_a-init.o)
 .ARM.attributes
                0x00000113       0x34 /work/toolchains_arm32/toolchains/armhf_eabi_14.2.rel1/arm-gnu-toolchain-14.2.rel1-x86_64-arm-none-eabi/bin/../lib/gcc/arm-none-eabi/14.2.1/../../../../arm-none-eabi/lib/thumb/v7e-m+fp/hard/libc.a(libc_a-lock.o)
 .ARM.attributes
                0x00000147       0x34 /work/toolchains_arm32/toolchains/armhf_eabi_14.2.rel1/arm-gnu-toolchain-14.2.rel1-x86_64-arm-none-eabi/bin/../lib/gcc/arm-none-eabi/14.2.1/../../../../arm-none-eabi/lib/thumb/v7e-m+fp/hard/libc.a(libc_a-__call_atexit.o)
 .ARM.attributes
                0x0000017b       0x34 /work/toolchains_arm32/toolchains/armhf_eabi_14.2.rel1/arm-gnu-toolchain-14.2.rel1-x86_64-arm-none-eabi/bin/../lib/gcc/arm-none-eabi/14.2.1/../../../../arm-none-eabi/lib/thumb/v7e-m+fp/hard/libc.a(libc_a-atexit.o)
 .ARM.attributes
                0x000001af       0x34 /work/toolchains_arm32/toolchains/armhf_eabi_14.2.rel1/arm-gnu-toolchain-14.2.rel1-x86_64-arm-none-eabi/bin/../lib/gcc/arm-none-eabi/14.2.1/../../../../arm-none-eabi/lib/thumb/v7e-m+fp/hard/libc.a(libc_a-fini.o)
 .ARM.attributes
                0x000001e3       0x34 /work/toolchains_arm32/toolchains/armhf_eabi_14.2.rel1/arm-gnu-toolchain-14.2.rel1-x86_64-arm-none-eabi/bin/../lib/gcc/arm-none-eabi/14.2.1/../../../../arm-none-eabi/lib/thumb/v7e-m+fp/hard/libc.a(libc_a-__atexit.o)
 .ARM.attributes
                0x00000217       0x34 /work/toolchains_arm32/toolchains/armhf_eabi_14.2.rel1/arm-gnu-toolchain-14.2.rel1-x86_64-arm-none-eabi/bin/../lib/gcc/arm-none-eabi/14.2.1/thumb/v7e-m+fp/hard/crtend.o
 .ARM.attributes
                0x0000024b       0x22 /work/toolchains_arm32/toolchains/armhf_eabi_14.2.rel1/arm-gnu-toolchain-14.2.rel1-x86_64-arm-none-eabi/bin/../lib/gcc/arm-none-eabi/14.2.1/thumb/v7e-m+fp/hard/crtn.o
OUTPUT(STM32F429_HAL_CMake.elf elf32-littlearm)
LOAD linker stubs
LOAD /work/toolchains_arm32/toolchains/armhf_eabi_14.2.rel1/arm-gnu-toolchain-14.2.rel1-x86_64-arm-none-eabi/bin/../lib/gcc/arm-none-eabi/14.2.1/../../../../arm-none-eabi/lib/thumb/v7e-m+fp/hard/libc.a
LOAD /work/toolchains_arm32/toolchains/armhf_eabi_14.2.rel1/arm-gnu-toolchain-14.2.rel1-x86_64-arm-none-eabi/bin/../lib/gcc/arm-none-eabi/14.2.1/../../../../arm-none-eabi/lib/thumb/v7e-m+fp/hard/libm.a
LOAD /work/toolchains_arm32/toolchains/armhf_eabi_14.2.rel1/arm-gnu-toolchain-14.2.rel1-x86_64-arm-none-eabi/bin/../lib/gcc/arm-none-eabi/14.2.1/thumb/v7e-m+fp/hard/libgcc.a

.debug_info     0x00000000      0x5a8
 .debug_info    0x00000000       0xb1 Src/main.o
 .debug_info    0x000000b1      0x4f7 Inc/system_stm32f4xx.o

.debug_abbrev   0x00000000      0x191
 .debug_abbrev  0x00000000       0x68 Src/main.o
 .debug_abbrev  0x00000068      0x129 Inc/system_stm32f4xx.o

.debug_aranges  0x00000000       0x40
 .debug_aranges
                0x00000000       0x20 Src/main.o
 .debug_aranges
                0x00000020       0x20 Inc/system_stm32f4xx.o

.debug_line     0x00000000      0x2af
 .debug_line    0x00000000       0x42 Src/main.o
 .debug_line    0x00000042      0x26d Inc/system_stm32f4xx.o

.debug_str      0x00000000      0x2e9
 .debug_str     0x00000000      0x2e9 Src/main.o
                                0x13e (size before relaxing)
 .debug_str     0x000002e9      0x317 Inc/system_stm32f4xx.o

.comment        0x00000000       0x45
 .comment       0x00000000       0x45 Src/main.o
                                 0x46 (size before relaxing)
 .comment       0x00000045       0x46 Inc/system_stm32f4xx.o

.debug_frame    0x00000000      0x248
 .debug_frame   0x00000000       0x30 Src/main.o
 .debug_frame   0x00000030       0x58 Inc/system_stm32f4xx.o
 .debug_frame   0x00000088       0x2c /work/toolchains_arm32/toolchains/armhf_eabi_14.2.rel1/arm-gnu-toolchain-14.2.rel1-x86_64-arm-none-eabi/bin/../lib/gcc/arm-none-eabi/14.2.1/../../../../arm-none-eabi/lib/thumb/v7e-m+fp/hard/libc.a(libc_a-init.o)
 .debug_frame   0x000000b4       0xb0 /work/toolchains_arm32/toolchains/armhf_eabi_14.2.rel1/arm-gnu-toolchain-14.2.rel1-x86_64-arm-none-eabi/bin/../lib/gcc/arm-none-eabi/14.2.1/../../../../arm-none-eabi/lib/thumb/v7e-m+fp/hard/libc.a(libc_a-lock.o)
 .debug_frame   0x00000164       0x5c /work/toolchains_arm32/toolchains/armhf_eabi_14.2.rel1/arm-gnu-toolchain-14.2.rel1-x86_64-arm-none-eabi/bin/../lib/gcc/arm-none-eabi/14.2.1/../../../../arm-none-eabi/lib/thumb/v7e-m+fp/hard/libc.a(libc_a-__call_atexit.o)
 .debug_frame   0x000001c0       0x20 /work/toolchains_arm32/toolchains/armhf_eabi_14.2.rel1/arm-gnu-toolchain-14.2.rel1-x86_64-arm-none-eabi/bin/../lib/gcc/arm-none-eabi/14.2.1/../../../../arm-none-eabi/lib/thumb/v7e-m+fp/hard/libc.a(libc_a-atexit.o)
 .debug_frame   0x000001e0       0x34 /work/toolchains_arm32/toolchains/armhf_eabi_14.2.rel1/arm-gnu-toolchain-14.2.rel1-x86_64-arm-none-eabi/bin/../lib/gcc/arm-none-eabi/14.2.1/../../../../arm-none-eabi/lib/thumb/v7e-m+fp/hard/libc.a(libc_a-fini.o)
 .debug_frame   0x00000214       0x34 /work/toolchains_arm32/toolchains/armhf_eabi_14.2.rel1/arm-gnu-toolchain-14.2.rel1-x86_64-arm-none-eabi/bin/../lib/gcc/arm-none-eabi/14.2.1/../../../../arm-none-eabi/lib/thumb/v7e-m+fp/hard/libc.a(libc_a-__atexit.o)
